Component: ARM Compiler 5.06 update 1 (build 61) Tool: armlink [4d35a8]

==============================================================================

Section Cross References

    startup_stm32f103xb.o(RESET) refers to startup_stm32f103xb.o(STACK) for __initial_sp
    startup_stm32f103xb.o(RESET) refers to startup_stm32f103xb.o(.text) for Reset_Handler
    startup_stm32f103xb.o(RESET) refers to stm32f1xx_it.o(i.NMI_Handler) for NMI_Handler
    startup_stm32f103xb.o(RESET) refers to stm32f1xx_it.o(i.HardFault_Handler) for HardFault_Handler
    startup_stm32f103xb.o(RESET) refers to stm32f1xx_it.o(i.MemManage_Handler) for MemManage_Handler
    startup_stm32f103xb.o(RESET) refers to stm32f1xx_it.o(i.BusFault_Handler) for BusFault_Handler
    startup_stm32f103xb.o(RESET) refers to stm32f1xx_it.o(i.UsageFault_Handler) for UsageFault_Handler
    startup_stm32f103xb.o(RESET) refers to stm32f1xx_it.o(i.SVC_Handler) for SVC_Handler
    startup_stm32f103xb.o(RESET) refers to stm32f1xx_it.o(i.DebugMon_Handler) for DebugMon_Handler
    startup_stm32f103xb.o(RESET) refers to stm32f1xx_it.o(i.PendSV_Handler) for PendSV_Handler
    startup_stm32f103xb.o(RESET) refers to stm32f1xx_it.o(i.SysTick_Handler) for SysTick_Handler
    startup_stm32f103xb.o(RESET) refers to stm32f1xx_it.o(i.EXTI4_IRQHandler) for EXTI4_IRQHandler
    startup_stm32f103xb.o(RESET) refers to stm32f1xx_it.o(i.DMA1_Channel1_IRQHandler) for DMA1_Channel1_IRQHandler
    startup_stm32f103xb.o(RESET) refers to stm32f1xx_it.o(i.EXTI9_5_IRQHandler) for EXTI9_5_IRQHandler
    startup_stm32f103xb.o(RESET) refers to stm32f1xx_it.o(i.I2C1_EV_IRQHandler) for I2C1_EV_IRQHandler
    startup_stm32f103xb.o(RESET) refers to stm32f1xx_it.o(i.I2C1_ER_IRQHandler) for I2C1_ER_IRQHandler
    startup_stm32f103xb.o(RESET) refers to stm32f1xx_it.o(i.USART1_IRQHandler) for USART1_IRQHandler
    startup_stm32f103xb.o(RESET) refers to stm32f1xx_it.o(i.USART2_IRQHandler) for USART2_IRQHandler
    startup_stm32f103xb.o(RESET) refers to stm32f1xx_it.o(i.USART3_IRQHandler) for USART3_IRQHandler
    startup_stm32f103xb.o(RESET) refers to stm32f1xx_it.o(i.EXTI15_10_IRQHandler) for EXTI15_10_IRQHandler
    startup_stm32f103xb.o(.text) refers to system_stm32f1xx.o(i.SystemInit) for SystemInit
    startup_stm32f103xb.o(.text) refers to entry.o(.ARM.Collect$$$$00000000) for __main
    main.o(i.HAL_GPIO_EXTI_Callback) refers to printfa.o(i.__0printf) for __2printf
    main.o(i.HAL_GPIO_EXTI_Callback) refers to rtc.o(i.RTC_ClearAlarm1) for RTC_ClearAlarm1
    main.o(i.MX_ADC1_Init) refers to stm32f1xx_hal_adc.o(i.HAL_ADC_Init) for HAL_ADC_Init
    main.o(i.MX_ADC1_Init) refers to stm32f1xx_hal_adc.o(i.HAL_ADC_ConfigChannel) for HAL_ADC_ConfigChannel
    main.o(i.MX_ADC1_Init) refers to main.o(.bss) for .bss
    main.o(i.MX_GPIO_Init) refers to stm32f1xx_hal_gpio.o(i.HAL_GPIO_WritePin) for HAL_GPIO_WritePin
    main.o(i.MX_GPIO_Init) refers to stm32f1xx_hal_gpio.o(i.HAL_GPIO_Init) for HAL_GPIO_Init
    main.o(i.MX_GPIO_Init) refers to stm32f1xx_hal_cortex.o(i.HAL_NVIC_SetPriority) for HAL_NVIC_SetPriority
    main.o(i.MX_GPIO_Init) refers to stm32f1xx_hal_cortex.o(i.HAL_NVIC_EnableIRQ) for HAL_NVIC_EnableIRQ
    main.o(i.MX_I2C1_Init) refers to stm32f1xx_hal_i2c.o(i.HAL_I2C_Init) for HAL_I2C_Init
    main.o(i.MX_I2C1_Init) refers to main.o(.bss) for .bss
    main.o(i.MX_SPI2_Init) refers to stm32f1xx_hal_spi_ex.o(i.HAL_SPI_Init) for HAL_SPI_Init
    main.o(i.MX_SPI2_Init) refers to main.o(.bss) for .bss
    main.o(i.SystemClock_Config) refers to stm32f1xx_hal_rcc.o(i.HAL_RCC_OscConfig) for HAL_RCC_OscConfig
    main.o(i.SystemClock_Config) refers to stm32f1xx_hal_rcc.o(i.HAL_RCC_ClockConfig) for HAL_RCC_ClockConfig
    main.o(i.SystemClock_Config) refers to stm32f1xx_hal_rcc_ex.o(i.HAL_RCCEx_PeriphCLKConfig) for HAL_RCCEx_PeriphCLKConfig
    main.o(i.SystemClock_Config) refers to stm32f1xx_hal_rcc.o(i.HAL_RCC_GetHCLKFreq) for HAL_RCC_GetHCLKFreq
    main.o(i.SystemClock_Config) refers to stm32f1xx_hal_cortex.o(i.HAL_SYSTICK_Config) for HAL_SYSTICK_Config
    main.o(i.SystemClock_Config) refers to stm32f1xx_hal_cortex.o(i.HAL_SYSTICK_CLKSourceConfig) for HAL_SYSTICK_CLKSourceConfig
    main.o(i.SystemClock_Config) refers to stm32f1xx_hal_cortex.o(i.HAL_NVIC_SetPriority) for HAL_NVIC_SetPriority
    main.o(i.fputc) refers to stm32f1xx_hal_uart.o(i.HAL_UART_Transmit) for HAL_UART_Transmit
    main.o(i.fputc) refers to main.o(.bss) for .bss
    main.o(i.main) refers to stm32f1xx_hal.o(i.HAL_Init) for HAL_Init
    main.o(i.main) refers to main.o(i.SystemClock_Config) for SystemClock_Config
    main.o(i.main) refers to main.o(i.MX_GPIO_Init) for MX_GPIO_Init
    main.o(i.main) refers to stm32f1xx_hal_cortex.o(i.HAL_NVIC_SetPriority) for HAL_NVIC_SetPriority
    main.o(i.main) refers to stm32f1xx_hal_cortex.o(i.HAL_NVIC_EnableIRQ) for HAL_NVIC_EnableIRQ
    main.o(i.main) refers to stm32f1xx_hal_uart.o(i.HAL_UART_Init) for HAL_UART_Init
[...]
    I2C_IsAcknowledgeFailed                  0x08002ff5   Thumb Code    40  stm32f1xx_hal_i2c.o(i.I2C_IsAcknowledgeFailed)
    i.I2C_MasterReceive_BTF                  0x0800301c   Section        0  stm32f1xx_hal_i2c.o(i.I2C_MasterReceive_BTF)
    I2C_MasterReceive_BTF                    0x0800301d   Thumb Code   194  stm32f1xx_hal_i2c.o(i.I2C_MasterReceive_BTF)
    i.I2C_MasterReceive_RXNE                 0x080030e4   Section        0  stm32f1xx_hal_i2c.o(i.I2C_MasterReceive_RXNE)
    I2C_MasterReceive_RXNE                   0x080030e5   Thumb Code   174  stm32f1xx_hal_i2c.o(i.I2C_MasterReceive_RXNE)
    i.I2C_MasterRequestRead                  0x08003192   Section        0  stm32f1xx_hal_i2c.o(i.I2C_MasterRequestRead)
    I2C_MasterRequestRead                    0x08003193   Thumb Code   222  stm32f1xx_hal_i2c.o(i.I2C_MasterRequestRead)
    i.I2C_MasterRequestWrite                 0x08003270   Section        0  stm32f1xx_hal_i2c.o(i.I2C_MasterRequestWrite)
    I2C_MasterRequestWrite                   0x08003271   Thumb Code   142  stm32f1xx_hal_i2c.o(i.I2C_MasterRequestWrite)
    i.I2C_MasterTransmit_BTF                 0x08003304   Section        0  stm32f1xx_hal_i2c.o(i.I2C_MasterTransmit_BTF)
    I2C_MasterTransmit_BTF                   0x08003305   Thumb Code   128  stm32f1xx_hal_i2c.o(i.I2C_MasterTransmit_BTF)
    i.I2C_MasterTransmit_TXE                 0x08003384   Section        0  stm32f1xx_hal_i2c.o(i.I2C_MasterTransmit_TXE)
    I2C_MasterTransmit_TXE                   0x08003385   Thumb Code   264  stm32f1xx_hal_i2c.o(i.I2C_MasterTransmit_TXE)
    i.I2C_Master_ADDR                        0x0800348c   Section        0  stm32f1xx_hal_i2c.o(i.I2C_Master_ADDR)
    I2C_Master_ADDR                          0x0800348d   Thumb Code   282  stm32f1xx_hal_i2c.o(i.I2C_Master_ADDR)
    i.I2C_Master_SB                          0x080035a6   Section        0  stm32f1xx_hal_i2c.o(i.I2C_Master_SB)
    I2C_Master_SB                            0x080035a7   Thumb Code    90  stm32f1xx_hal_i2c.o(i.I2C_Master_SB)
    i.I2C_ReadBuffer                         0x08003600   Section        0  rtc.o(i.I2C_ReadBuffer)
    i.I2C_ReadByte                           0x0800364c   Section        0  rtc.o(i.I2C_ReadByte)
    i.I2C_Slave_AF                           0x080036b8   Section        0  stm32f1xx_hal_i2c.o(i.I2C_Slave_AF)
    I2C_Slave_AF                             0x080036b9   Thumb Code   128  stm32f1xx_hal_i2c.o(i.I2C_Slave_AF)
    i.I2C_Slave_STOPF                        0x0800373c   Section        0  stm32f1xx_hal_i2c.o(i.I2C_Slave_STOPF)
    I2C_Slave_STOPF                          0x0800373d   Thumb Code   214  stm32f1xx_hal_i2c.o(i.I2C_Slave_STOPF)
    i.I2C_WaitOnBTFFlagUntilTimeout          0x08003818   Section        0  stm32f1xx_hal_i2c.o(i.I2C_WaitOnBTFFlagUntilTimeout)
    I2C_WaitOnBTFFlagUntilTimeout            0x08003819   Thumb Code    78  stm32f1xx_hal_i2c.o(i.I2C_WaitOnBTFFlagUntilTimeout)
    i.I2C_WaitOnFlagUntilTimeout             0x08003866   Section        0  stm32f1xx_hal_i2c.o(i.I2C_WaitOnFlagUntilTimeout)
    I2C_WaitOnFlagUntilTimeout               0x08003867   Thumb Code    96  stm32f1xx_hal_i2c.o(i.I2C_WaitOnFlagUntilTimeout)
    i.I2C_WaitOnMasterAddressFlagUntilTimeout 0x080038c8   Section        0  stm32f1xx_hal_i2c.o(i.I2C_WaitOnMasterAddressFlagUntilTimeout)
    I2C_WaitOnMasterAddressFlagUntilTimeout  0x080038c9   Thumb Code   136  stm32f1xx_hal_i2c.o(i.I2C_WaitOnMasterAddressFlagUntilTimeout)
    i.I2C_WaitOnRXNEFlagUntilTimeout         0x08003950   Section        0  stm32f1xx_hal_i2c.o(i.I2C_WaitOnRXNEFlagUntilTimeout)
    I2C_WaitOnRXNEFlagUntilTimeout           0x08003951   Thumb Code    98  stm32f1xx_hal_i2c.o(i.I2C_WaitOnRXNEFlagUntilTimeout)
    i.I2C_WaitOnTXEFlagUntilTimeout          0x080039b2   Section        0  stm32f1xx_hal_i2c.o(i.I2C_WaitOnTXEFlagUntilTimeout)
    I2C_WaitOnTXEFlagUntilTimeout            0x080039b3   Thumb Code    78  stm32f1xx_hal_i2c.o(i.I2C_WaitOnTXEFlagUntilTimeout)
    i.I2C_WriteBuffer                        0x08003a00   Section        0  rtc.o(i.I2C_WriteBuffer)
    i.I2C_WriteByte                          0x08003a4c   Section        0  rtc.o(i.I2C_WriteByte)
    i.MX_ADC1_Init                           0x08003aa0   Section        0  main.o(i.MX_ADC1_Init)
    MX_ADC1_Init                             0x08003aa1   Thumb Code   120  main.o(i.MX_ADC1_Init)
    i.MX_FATFS_Init                          0x08003b20   Section        0  fatfs.o(i.MX_FATFS_Init)
    i.MX_GPIO_Init                           0x08003b3c   Section        0  main.o(i.MX_GPIO_Init)
    MX_GPIO_Init                             0x08003b3d   Thumb Code   260  main.o(i.MX_GPIO_Init)
    i.MX_I2C1_Init                           0x08003c54   Section        0  main.o(i.MX_I2C1_Init)
    MX_I2C1_Init                             0x08003c55   Thumb Code    44  main.o(i.MX_I2C1_Init)
    i.MX_SPI2_Init                           0x08003c8c   Section        0  main.o(i.MX_SPI2_Init)
    MX_SPI2_Init                             0x08003c8d   Thumb Code    54  main.o(i.MX_SPI2_Init)
    i.MemManage_Handler                      0x08003ccc   Section        0  stm32f1xx_it.o(i.MemManage_Handler)
    i.NMI_Handler                            0x08003cce   Section        0  stm32f1xx_it.o(i.NMI_Handler)
    i.NVIC_SetPriority                       0x08003cd0   Section        0  stm32f1xx_hal_cortex.o(i.NVIC_SetPriority)
    NVIC_SetPriority                         0x08003cd1   Thumb Code    32  stm32f1xx_hal_cortex.o(i.NVIC_SetPriority)
    i.PendSV_Handler                         0x08003cf0   Section        0  stm32f1xx_it.o(i.PendSV_Handler)
    i.RTC_BCD2DEC                            0x08003cf2   Section        0  rtc.o(i.RTC_BCD2DEC)
    i.RTC_ClearAlarm1                        0x08003d04   Section        0  rtc.o(i.RTC_ClearAlarm1)
    i.RTC_DEC2BCD                            0x08003de8   Section        0  rtc.o(i.RTC_DEC2BCD)
    i.RTC_GetTime                            0x08003e00   Section        0  rtc.o(i.RTC_GetTime)
    i.RTC_SetTime                            0x08003f24   Section        0  rtc.o(i.RTC_SetTime)
    i.ReadLongFile                           0x08003fe8   Section        0  sd.o(i.ReadLongFile)
    i.SD_Read_Block                          0x080040ac   Section        0  sd.o(i.SD_Read_Block)
    i.SD_Read_File                           0x08004104   Section        0  sd.o(i.SD_Read_File)
    i.SD_Write_Block                         0x0800415c   Section        0  sd.o(i.SD_Write_Block)
    i.SD_Write_File                          0x080041c0   Section        0  sd.o(i.SD_Write_File)
    i.SD_cmd                                 0x08004250   Section        0  sd.o(i.SD_cmd)
    SD_cmd                                   0x08004251   Thumb Code   114  sd.o(i.SD_cmd)
    i.SIM_Delete_BufReply                    0x080042c4   Section        0  sim800c.o(i.SIM_Delete_BufReply)
    i.SIM_Delete_Reply                       0x080042e4   Section        0  sim800c.o(i.SIM_Delete_Reply)
    i.SIM_Delete_ResponseEx                  0x08004308   Section        0  sim800c.o(i.SIM_Delete_ResponseEx)
    i.SIM_Send                               0x08004330   Section        0  sim800c.o(i.SIM_Send)
    i.SIM_begin                              0x0800434c   Section        0  sim800c.o(i.SIM_begin)
    i.SIM_checkAccount                       0x0800445c   Section        0  sim800c.o(i.SIM_checkAccount)
    i.SIM_replyCommand                       0x0800458c   Section        0  sim800c.o(i.SIM_replyCommand)
    i.SIM_replyCommandResponse               0x080045fc   Section        0  sim800c.o(i.SIM_replyCommandResponse)
    i.SIM_sendCommand                        0x08004664   Section        0  sim800c.o(i.SIM_sendCommand)
    i.SIM_sendCommandResponse                0x08004678   Section        0  sim800c.o(i.SIM_sendCommandResponse)
    i.SPI_CheckFlag_BSY                      0x080046a4   Section        0  stm32f1xx_hal_spi.o(i.SPI_CheckFlag_BSY)
    SPI_CheckFlag_BSY                        0x080046a5   Thumb Code    32  stm32f1xx_hal_spi.o(i.SPI_CheckFlag_BSY)
    i.SPI_ReceiveByte                        0x080046c4   Section        0  sd.o(i.SPI_ReceiveByte)
    i.SPI_Release                            0x080046ca   Section        0  sd.o(i.SPI_Release)
    i.SPI_WaitFlagStateUntilTimeout          0x080046d0   Section        0  stm32f1xx_hal_spi.o(i.SPI_WaitFlagStateUntilTimeout)
    SPI_WaitFlagStateUntilTimeout            0x080046d1   Thumb Code   150  stm32f1xx_hal_spi.o(i.SPI_WaitFlagStateUntilTimeout)
    i.SPI_wait_ready                         0x08004766   Section        0  sd.o(i.SPI_wait_ready)
    i.SPIx_WriteRead                         0x08004788   Section        0  sd.o(i.SPIx_WriteRead)
    i.SVC_Handler                            0x080047c0   Section        0  stm32f1xx_it.o(i.SVC_Handler)
    i.SysTick_Handler                        0x080047c2   Section        0  stm32f1xx_it.o(i.SysTick_Handler)
    i.SystemClock_Config                     0x080047d0   Section        0  main.o(i.SystemClock_Config)
    i.SystemInit                             0x08004848   Section        0  system_stm32f1xx.o(i.SystemInit)
    i.UART_DMAAbortOnError                   0x08004890   Section        0  stm32f1xx_hal_uart.o(i.UART_DMAAbortOnError)
    UART_DMAAbortOnError                     0x08004891   Thumb Code    16  stm32f1xx_hal_uart.o(i.UART_DMAAbortOnError)
    i.UART_EndRxTransfer                     0x080048a0   Section        0  stm32f1xx_hal_uart.o(i.UART_EndRxTransfer)
    UART_EndRxTransfer                       0x080048a1   Thumb Code    28  stm32f1xx_hal_uart.o(i.UART_EndRxTransfer)
    i.UART_Receive_IT                        0x080048bc   Section        0  stm32f1xx_hal_uart.o(i.UART_Receive_IT)
    UART_Receive_IT                          0x080048bd   Thumb Code   150  stm32f1xx_hal_uart.o(i.UART_Receive_IT)
    i.UART_SetConfig                         0x08004954   Section        0  stm32f1xx_hal_uart.o(i.UART_SetConfig)
    UART_SetConfig                           0x08004955   Thumb Code   364  stm32f1xx_hal_uart.o(i.UART_SetConfig)
    i.UART_Transmit_IT                       0x08004ac4   Section        0  stm32f1xx_hal_uart.o(i.UART_Transmit_IT)
    UART_Transmit_IT                         0x08004ac5   Thumb Code    98  stm32f1xx_hal_uart.o(i.UART_Transmit_IT)
    i.UART_WaitOnFlagUntilTimeout            0x08004b26   Section        0  stm32f1xx_hal_uart.o(i.UART_WaitOnFlagUntilTimeout)
    UART_WaitOnFlagUntilTimeout              0x08004b27   Thumb Code   100  stm32f1xx_hal_uart.o(i.UART_WaitOnFlagUntilTimeout)
    i.USART1_IRQHandler                      0x08004b8c   Section        0  stm32f1xx_it.o(i.USART1_IRQHandler)
    i.USART2_IRQHandler                      0x08004b98   Section        0  stm32f1xx_it.o(i.USART2_IRQHandler)
    i.USART3_IRQHandler                      0x08004ba4   Section        0  stm32f1xx_it.o(i.USART3_IRQHandler)
    i.USER_initialize                        0x08004bb0   Section        0  user_diskio.o(i.USER_initialize)
    i.USER_ioctl                             0x08004bd0   Section        0  user_diskio.o(i.USER_ioctl)
    i.USER_read                              0x08004c10   Section        0  user_diskio.o(i.USER_read)
    i.USER_status                            0x08004c58   Section        0  user_diskio.o(i.USER_status)
    i.USER_write                             0x08004c68   Section        0  user_diskio.o(i.USER_write)
    i.UsageFault_Handler                     0x08004cb8   Section        0  stm32f1xx_it.o(i.UsageFault_Handler)
    i._Error_Handler                         0x08004cba   Section        0  main.o(i._Error_Handler)
    i.__0printf                              0x08004cbc   Section        0  printfa.o(i.__0printf)
    i.__0sprintf                             0x08004cdc   Section        0  printfa.o(i.__0sprintf)
    i.__read_errno                           0x08004d04   Section        0  errno.o(i.__read_errno)
    i.__scatterload_copy                     0x08004d10   Section       14  handlers.o(i.__scatterload_copy)
    i.__scatterload_null                     0x08004d1e   Section        2  handlers.o(i.__scatterload_null)
    i.__scatterload_zeroinit                 0x08004d20   Section       14  handlers.o(i.__scatterload_zeroinit)
    i.__set_errno                            0x08004d30   Section        0  errno.o(i.__set_errno)
    i._fp_digits                             0x08004d3c   Section        0  printfa.o(i._fp_digits)
    _fp_digits                               0x08004d3d   Thumb Code   334  printfa.o(i._fp_digits)
    i._is_digit                              0x08004ea0   Section        0  scanf_fp.o(i._is_digit)
    i._printf_core                           0x08004eb0   Section        0  printfa.o(i._printf_core)
    _printf_core                             0x08004eb1   Thumb Code  1744  printfa.o(i._printf_core)
    i._printf_post_padding                   0x0800558c   Section        0  printfa.o(i._printf_post_padding)
    _printf_post_padding                     0x0800558d   Thumb Code    36  printfa.o(i._printf_post_padding)
    i._printf_pre_padding                    0x080055b0   Section        0  printfa.o(i._printf_pre_padding)
    _printf_pre_padding                      0x080055b1   Thumb Code    46  printfa.o(i._printf_pre_padding)
    i._sputc                                 0x080055de   Section        0  printfa.o(i._sputc)
    _sputc                                   0x080055df   Thumb Code    10  printfa.o(i._sputc)
    i.atof                                   0x080055e8   Section        0  atof.o(i.atof)
    i.check_fs                               0x08005614   Section        0  ff.o(i.check_fs)
    check_fs                                 0x08005615   Thumb Code    90  ff.o(i.check_fs)
    i.chk_chr                                0x08005674   Section        0  ff.o(i.chk_chr)
    chk_chr                                  0x08005675   Thumb Code    16  ff.o(i.chk_chr)
    i.chk_lock                               0x08005684   Section        0  ff.o(i.chk_lock)
    chk_lock                                 0x08005685   Thumb Code   100  ff.o(i.chk_lock)
    i.clear_lock                             0x080056ec   Section        0  ff.o(i.clear_lock)
    clear_lock                               0x080056ed   Thumb Code    32  ff.o(i.clear_lock)
    i.clmt_clust                             0x08005710   Section        0  ff.o(i.clmt_clust)
    clmt_clust                               0x08005711   Thumb Code    46  ff.o(i.clmt_clust)
    i.clust2sect                             0x0800573e   Section        0  ff.o(i.clust2sect)
    i.create_chain                           0x0800575a   Section        0  ff.o(i.create_chain)
    create_chain                             0x0800575b   Thumb Code   164  ff.o(i.create_chain)
    i.create_name                            0x08005800   Section        0  ff.o(i.create_name)
    create_name                              0x08005801   Thumb Code   492  ff.o(i.create_name)
    i.dec_lock                               0x08005a04   Section        0  ff.o(i.dec_lock)
    dec_lock                                 0x08005a05   Thumb Code    54  ff.o(i.dec_lock)
    i.dir_find                               0x08005a40   Section        0  ff.o(i.dir_find)
    dir_find                                 0x08005a41   Thumb Code   314  ff.o(i.dir_find)
    i.dir_next                               0x08005b80   Section        0  ff.o(i.dir_next)
    dir_next                                 0x08005b81   Thumb Code   284  ff.o(i.dir_next)
    i.dir_register                           0x08005c9c   Section        0  ff.o(i.dir_register)
    dir_register                             0x08005c9d   Thumb Code   444  ff.o(i.dir_register)
    i.dir_sdi                                0x08005e5c   Section        0  ff.o(i.dir_sdi)
    dir_sdi                                  0x08005e5d   Thumb Code   154  ff.o(i.dir_sdi)
    i.disk_initialize                        0x08005ef8   Section        0  diskio.o(i.disk_initialize)
    i.disk_ioctl                             0x08005f20   Section        0  diskio.o(i.disk_ioctl)
    i.disk_read                              0x08005f3c   Section        0  diskio.o(i.disk_read)
    i.disk_status                            0x08005f58   Section        0  diskio.o(i.disk_status)
    i.disk_write                             0x08005f70   Section        0  diskio.o(i.disk_write)
    i.f_close                                0x08005f8c   Section        0  ff.o(i.f_close)
    i.f_lseek                                0x08005fb6   Section        0  ff.o(i.f_lseek)
    i.f_mount                                0x0800621c   Section        0  ff.o(i.f_mount)
    i.f_open                                 0x0800627c   Section        0  ff.o(i.f_open)
    i.f_read                                 0x0800646c   Section        0  ff.o(i.f_read)
    i.f_sync                                 0x080065fa   Section        0  ff.o(i.f_sync)
    i.f_write                                0x0800669c   Section        0  ff.o(i.f_write)
    i.ff_convert                             0x08006864   Section        0  ccsbcs_1.o(i.ff_convert)
    i.ff_wtoupper                            0x0800689c   Section        0  ccsbcs_1.o(i.ff_wtoupper)
    i.find_volume                            0x080068c0   Section        0  ff.o(i.find_volume)
    find_volume                              0x080068c1   Thumb Code   606  ff.o(i.find_volume)
    i.follow_path                            0x08006b2c   Section        0  ff.o(i.follow_path)
    follow_path                              0x08006b2d   Thumb Code   106  ff.o(i.follow_path)
    i.fputc                                  0x08006b98   Section        0  main.o(i.fputc)
    i.gen_numname                            0x08006bb0   Section        0  ff.o(i.gen_numname)
    gen_numname                              0x08006bb1   Thumb Code   122  ff.o(i.gen_numname)
    i.get_fat                                0x08006c30   Section        0  ff.o(i.get_fat)
    i.get_fattime                            0x08006d16   Section        0  fatfs.o(i.get_fattime)
    i.get_ldnumber                           0x08006d1a   Section        0  ff.o(i.get_ldnumber)
    get_ldnumber                             0x08006d1b   Thumb Code    60  ff.o(i.get_ldnumber)
    i.inc_lock                               0x08006d58   Section        0  ff.o(i.inc_lock)
    inc_lock                                 0x08006d59   Thumb Code   146  ff.o(i.inc_lock)
    i.indexOf                                0x08006df0   Section        0  sim800c.o(i.indexOf)
    i.ld_clust                               0x08006dfe   Section        0  ff.o(i.ld_clust)
    ld_clust                                 0x08006dff   Thumb Code    22  ff.o(i.ld_clust)
    i.main                                   0x08006e14   Section        0  main.o(i.main)
    i.mem_cpy                                0x0800700c   Section        0  ff.o(i.mem_cpy)
    mem_cpy                                  0x0800700d   Thumb Code    18  ff.o(i.mem_cpy)
    i.mem_set                                0x0800701e   Section        0  ff.o(i.mem_set)
    mem_set                                  0x0800701f   Thumb Code    14  ff.o(i.mem_set)
    i.move_window                            0x0800702c   Section        0  ff.o(i.move_window)
    move_window                              0x0800702d   Thumb Code    56  ff.o(i.move_window)
    i.put_fat                                0x08007064   Section        0  ff.o(i.put_fat)
    i.remove_chain                           0x08007182   Section        0  ff.o(i.remove_chain)
    remove_chain                             0x08007183   Thumb Code   102  ff.o(i.remove_chain)
    i.sd_ini                                 0x080071e8   Section        0  sd.o(i.sd_ini)
    i.st_clust                               0x080073cc   Section        0  ff.o(i.st_clust)
    st_clust                                 0x080073cd   Thumb Code    16  ff.o(i.st_clust)
    i.sum_sfn                                0x080073dc   Section        0  ff.o(i.sum_sfn)
    sum_sfn                                  0x080073dd   Thumb Code    26  ff.o(i.sum_sfn)
    i.sync_fs                                0x080073f6   Section        0  ff.o(i.sync_fs)
    sync_fs                                  0x080073f7   Thumb Code   168  ff.o(i.sync_fs)
    i.sync_window                            0x0800749e   Section        0  ff.o(i.sync_window)
    sync_window                              0x0800749f   Thumb Code    82  ff.o(i.sync_window)
    i.validate                               0x080074f0   Section        0  ff.o(i.validate)
    validate                                 0x080074f1   Thumb Code    42  ff.o(i.validate)
    .constdata                               0x0800751a   Section       16  system_stm32f1xx.o(.constdata)
    .constdata                               0x0800752a   Section        8  system_stm32f1xx.o(.constdata)
    .constdata                               0x08007532   Section      186  ff.o(.constdata)
    ExCvt                                    0x08007532   Data         128  ff.o(.constdata)
    LfnOfs                                   0x080075b2   Data          13  ff.o(.constdata)
    vst                                      0x080075c0   Data          22  ff.o(.constdata)
    cst                                      0x080075d6   Data          22  ff.o(.constdata)
    .constdata                               0x080075ec   Section     1216  ccsbcs_1.o(.constdata)
    Tbl                                      0x080075ec   Data         256  ccsbcs_1.o(.constdata)
    tbl_lower                                0x080076ec   Data         480  ccsbcs_1.o(.constdata)
    tbl_upper                                0x080078cc   Data         480  ccsbcs_1.o(.constdata)
    .constdata                               0x08007aac   Section      129  ctype_o.o(.constdata)
    .constdata                               0x08007b30   Section        4  ctype_o.o(.constdata)
    table                                    0x08007b30   Data           4  ctype_o.o(.constdata)
    .data                                    0x20000000   Section        1  user_diskio.o(.data)
    Stat                                     0x20000000   Data           1  user_diskio.o(.data)
    .data                                    0x20000004   Section       20  user_diskio.o(.data)
    .data                                    0x20000018   Section        5  fatfs.o(.data)
    .data                                    0x20000020   Section       32  sd.o(.data)
    .data                                    0x20000040   Section        4  gpsneo.o(.data)
    .data                                    0x20000044   Section        4  system_stm32f1xx.o(.data)
    .data                                    0x20000048   Section        8  ff.o(.data)
    Fsid                                     0x20000048   Data           2  ff.o(.data)
    FatFs                                    0x2000004c   Data           4  ff.o(.data)
    .data                                    0x20000050   Section       12  stm32f1xx_hal.o(.data)
    .data                                    0x2000005c   Section        4  stdout.o(.data)
    .data                                    0x20000060   Section        4  errno.o(.data)
    _errno                                   0x20000060   Data           4  errno.o(.data)
    .bss                                     0x20000064   Section     1513  main.o(.bss)
    .bss                                     0x20000650   Section       68  main.o(.bss)
    .bss                                     0x20000694   Section    13024  sd.o(.bss)
    .bss                                     0x20003974   Section      296  gpsneo.o(.bss)
    .bss                                     0x20003a9c   Section       99  rtc.o(.bss)
    .bss                                     0x20003b00   Section     1187  sim800c.o(.bss)
    .bss                                     0x20003fa4   Section      536  ff.o(.bss)
    Files                                    0x20003fa4   Data          24  ff.o(.bss)
    LfnBuf                                   0x20003fbc   Data         512  ff.o(.bss)
    .bss                                     0x200041bc   Section       12  ff_gen_drv.o(.bss)
    STACK                                    0x200041c8   Section     1024  startup_stm32f103xb.o(STACK)

    Global Symbols

    Symbol Name                              Value     Ov Type        Size  Object(Section)

    BuildAttributes$$THM_ISAv4$P$D$K$B$S$PE$A:L22UL41UL21$X:L11$S22US41US21$IEEE1$IW$USESV6$~STKCKD$USESV7$~SHL$OTIME$ROPI$IEEEJ$EBA8$MICROLIB$REQ8$PRES8$EABIv2 0x00000000   Number         0  anon$$obj.o ABSOLUTE
    __ARM_use_no_argv                        0x00000000   Number         0  main.o ABSOLUTE
    _printf_a                                0x00000000   Number         0  stubs.o ABSOLUTE
    _printf_c                                0x00000000   Number         0  stubs.o ABSOLUTE
    _printf_charcount                        0x00000000   Number         0  stubs.o ABSOLUTE
    _printf_d                                0x00000000   Number         0  stubs.o ABSOLUTE
    _printf_e                                0x00000000   Number         0  stubs.o ABSOLUTE
    _printf_f                                0x00000000   Number         0  stubs.o ABSOLUTE
    _printf_flags                            0x00000000   Number         0  stubs.o ABSOLUTE
    _printf_fp_dec                           0x00000000   Number         0  stubs.o ABSOLUTE
    _printf_fp_hex                           0x00000000   Number         0  stubs.o ABSOLUTE
    _printf_g                                0x00000000   Number         0  stubs.o ABSOLUTE
    _printf_i                                0x00000000   Number         0  stubs.o ABSOLUTE
    _printf_int_dec                          0x00000000   Number         0  stubs.o ABSOLUTE
    _printf_l                                0x00000000   Number         0  stubs.o ABSOLUTE
    _printf_lc                               0x00000000   Number         0  stubs.o ABSOLUTE
    _printf_ll                               0x00000000   Number         0  stubs.o ABSOLUTE
    _printf_lld                              0x00000000   Number         0  stubs.o ABSOLUTE
    _printf_lli                              0x00000000   Number         0  stubs.o ABSOLUTE
    _printf_llo                              0x00000000   Number         0  stubs.o ABSOLUTE
    _printf_llu                              0x00000000   Number         0  stubs.o ABSOLUTE
    _printf_llx                              0x00000000   Number         0  stubs.o ABSOLUTE
    _printf_longlong_dec                     0x00000000   Number         0  stubs.o ABSOLUTE
    _printf_longlong_hex                     0x00000000   Number         0  stubs.o ABSOLUTE
    _printf_longlong_oct                     0x00000000   Number         0  stubs.o ABSOLUTE
    _printf_ls                               0x00000000   Number         0  stubs.o ABSOLUTE
    _printf_mbtowc                           0x00000000   Number         0  stubs.o ABSOLUTE
    _printf_n                                0x00000000   Number         0  stubs.o ABSOLUTE
    _printf_o                                0x00000000   Number         0  stubs.o ABSOLUTE
    _printf_p                                0x00000000   Number         0  stubs.o ABSOLUTE
    _printf_percent                          0x00000000   Number         0  stubs.o ABSOLUTE
    _printf_pre_padding                      0x00000000   Number         0  stubs.o ABSOLUTE
    _printf_return_value                     0x00000000   Number         0  stubs.o ABSOLUTE
    _printf_s                                0x00000000   Number         0  stubs.o ABSOLUTE
    _printf_sizespec                         0x00000000   Number         0  stubs.o ABSOLUTE
    _printf_str                              0x00000000   Number         0  stubs.o ABSOLUTE
    _printf_truncate_signed                  0x00000000   Number         0  stubs.o ABSOLUTE
    _printf_truncate_unsigned                0x00000000   Number         0  stubs.o ABSOLUTE
    _printf_u                                0x00000000   Number         0  stubs.o ABSOLUTE
    _printf_wc                               0x00000000   Number         0  stubs.o ABSOLUTE
    _printf_wctomb                           0x00000000   Number         0  stubs.o ABSOLUTE
    _printf_widthprec                        0x00000000   Number         0  stubs.o ABSOLUTE
    _printf_x                                0x00000000   Number         0  stubs.o ABSOLUTE
    __cpp_initialize__aeabi_                  - Undefined Weak Reference
    __cxa_finalize                            - Undefined Weak Reference
    __decompress                              - Undefined Weak Reference
    _clock_init                               - Undefined Weak Reference
    _microlib_exit                            - Undefined Weak Reference
    __Vectors_Size                           0x000000ec   Number         0  startup_stm32f103xb.o ABSOLUTE
    __Vectors                                0x08000000   Data           4  startup_stm32f103xb.o(RESET)
    __Vectors_End                            0x080000ec   Data           0  startup_stm32f103xb.o(RESET)
    __main                                   0x080000ed   Thumb Code     0  entry.o(.ARM.Collect$$$$00000000)
    _main_stk                                0x080000ed   Thumb Code     0  entry2.o(.ARM.Collect$$$$00000001)
    _main_scatterload                        0x080000f1   Thumb Code     0  entry5.o(.ARM.Collect$$$$00000004)
    __main_after_scatterload                 0x080000f5   Thumb Code     0  entry5.o(.ARM.Collect$$$$00000004)
    _main_clock                              0x080000f5   Thumb Code     0  entry7b.o(.ARM.Collect$$$$00000008)
    _main_cpp_init                           0x080000f5   Thumb Code     0  entry8b.o(.ARM.Collect$$$$0000000A)
    _main_init                               0x080000f5   Thumb Code     0  entry9a.o(.ARM.Collect$$$$0000000B)
    __rt_final_cpp                           0x080000fd   Thumb Code     0  entry10a.o(.ARM.Collect$$$$0000000D)
    __rt_final_exit                          0x080000fd   Thumb Code     0  entry11a.o(.ARM.Collect$$$$0000000F)
    Reset_Handler                            0x08000101   Thumb Code     8  startup_stm32f103xb.o(.text)
    ADC1_2_IRQHandler                        0x0800011b   Thumb Code     0  startup_stm32f103xb.o(.text)
    CAN1_RX1_IRQHandler                      0x0800011b   Thumb Code     0  startup_stm32f103xb.o(.text)
    CAN1_SCE_IRQHandler                      0x0800011b   Thumb Code     0  startup_stm32f103xb.o(.text)
    DMA1_Channel2_IRQHandler                 0x0800011b   Thumb Code     0  startup_stm32f103xb.o(.text)
    DMA1_Channel3_IRQHandler                 0x0800011b   Thumb Code     0  startup_stm32f103xb.o(.text)
    DMA1_Channel4_IRQHandler                 0x0800011b   Thumb Code     0  startup_stm32f103xb.o(.text)
    DMA1_Channel5_IRQHandler                 0x0800011b   Thumb Code     0  startup_stm32f103xb.o(.text)
    DMA1_Channel6_IRQHandler                 0x0800011b   Thumb Code     0  startup_stm32f103xb.o(.text)
    DMA1_Channel7_IRQHandler                 0x0800011b   Thumb Code     0  startup_stm32f103xb.o(.text)
    EXTI0_IRQHandler                         0x0800011b   Thumb Code     0  startup_stm32f103xb.o(.text)
    EXTI1_IRQHandler                         0x0800011b   Thumb Code     0  startup_stm32f103xb.o(.text)
    EXTI2_IRQHandler                         0x0800011b   Thumb Code     0  startup_stm32f103xb.o(.text)
    EXTI3_IRQHandler                         0x0800011b   Thumb Code     0  startup_stm32f103xb.o(.text)
    FLASH_IRQHandler                         0x0800011b   Thumb Code     0  startup_stm32f103xb.o(.text)
    I2C2_ER_IRQHandler                       0x0800011b   Thumb Code     0  startup_stm32f103xb.o(.text)
    I2C2_EV_IRQHandler                       0x0800011b   Thumb Code     0  startup_stm32f103xb.o(.text)
    PVD_IRQHandler                           0x0800011b   Thumb Code     0  startup_stm32f103xb.o(.text)
    RCC_IRQHandler                           0x0800011b   Thumb Code     0  startup_stm32f103xb.o(.text)
    RTC_Alarm_IRQHandler                     0x0800011b   Thumb Code     0  startup_stm32f103xb.o(.text)
    RTC_IRQHandler                           0x0800011b   Thumb Code     0  startup_stm32f103xb.o(.text)
    SPI1_IRQHandler                          0x0800011b   Thumb Code     0  startup_stm32f103xb.o(.text)
    SPI2_IRQHandler                          0x0800011b   Thumb Code     0  startup_stm32f103xb.o(.text)
    TAMPER_IRQHandler                        0x0800011b   Thumb Code     0  startup_stm32f103xb.o(.text)
    TIM1_BRK_IRQHandler                      0x0800011b   Thumb Code     0  startup_stm32f103xb.o(.text)
    TIM1_CC_IRQHandler                       0x0800011b   Thumb Code     0  startup_stm32f103xb.o(.text)
    TIM1_TRG_COM_IRQHandler                  0x0800011b   Thumb Code     0  startup_stm32f103xb.o(.text)
    TIM1_UP_IRQHandler                       0x0800011b   Thumb Code     0  startup_stm32f103xb.o(.text)
    TIM2_IRQHandler                          0x0800011b   Thumb Code     0  startup_stm32f103xb.o(.text)
    TIM3_IRQHandler                          0x0800011b   Thumb Code     0  startup_stm32f103xb.o(.text)
    TIM4_IRQHandler                          0x0800011b   Thumb Code     0  startup_stm32f103xb.o(.text)
    USBWakeUp_IRQHandler                     0x0800011b   Thumb Code     0  startup_stm32f103xb.o(.text)
    USB_HP_CAN1_TX_IRQHandler                0x0800011b   Thumb Code     0  startup_stm32f103xb.o(.text)
    USB_LP_CAN1_RX0_IRQHandler               0x0800011b   Thumb Code     0  startup_stm32f103xb.o(.text)
    WWDG_IRQHandler                          0x0800011b   Thumb Code     0  startup_stm32f103xb.o(.text)
    __aeabi_llsr                             0x08000125   Thumb Code    32  llushr.o(.text)
    _ll_ushift_r                             0x08000125   Thumb Code     0  llushr.o(.text)
    __aeabi_memcpy                           0x08000145   Thumb Code    36  memcpya.o(.text)
    __aeabi_memcpy4                          0x08000145   Thumb Code     0  memcpya.o(.text)
    __aeabi_memcpy8                          0x08000145   Thumb Code     0  memcpya.o(.text)
    strstr                                   0x08000169   Thumb Code    36  strstr.o(.text)
    strlen                                   0x0800018d   Thumb Code    14  strlen.o(.text)
    strcpy                                   0x0800019b   Thumb Code    18  strcpy.o(.text)
    __aeabi_dadd                             0x080001ad   Thumb Code   322  dadd.o(.text)
    __aeabi_dsub                             0x080002ef   Thumb Code     6  dadd.o(.text)
    __aeabi_drsub                            0x080002f5   Thumb Code     6  dadd.o(.text)
    __aeabi_dmul                             0x080002fb   Thumb Code   228  dmul.o(.text)
    __aeabi_ddiv                             0x080003df   Thumb Code   222  ddiv.o(.text)
    __aeabi_f2d                              0x080004bd   Thumb Code    38  f2d.o(.text)
    __aeabi_d2f                              0x080004e3   Thumb Code    56  d2f.o(.text)
    __aeabi_uidiv                            0x0800051b   Thumb Code     0  uidiv.o(.text)
    __aeabi_uidivmod                         0x0800051b   Thumb Code    44  uidiv.o(.text)
    __aeabi_uldivmod                         0x08000547   Thumb Code    98  uldiv.o(.text)
    __aeabi_llsl                             0x080005a9   Thumb Code    30  llshl.o(.text)
    _ll_shift_l                              0x080005a9   Thumb Code     0  llshl.o(.text)
    __aeabi_lasr                             0x080005c7   Thumb Code    36  llsshr.o(.text)
    _ll_sshift_r                             0x080005c7   Thumb Code     0  llsshr.o(.text)
    __strtod_int                             0x08000623   Thumb Code    88  strtod.o(.text)
    __I$use$fp                               0x08000689   Thumb Code     0  iusefp.o(.text)
    _float_round                             0x08000689   Thumb Code    18  fepilogue.o(.text)
    _float_epilogue                          0x0800069b   Thumb Code    92  fepilogue.o(.text)
    _double_round                            0x080006f7   Thumb Code    30  depilogue.o(.text)
    _double_epilogue                         0x08000715   Thumb Code   156  depilogue.o(.text)
    __aeabi_d2ulz                            0x080007b1   Thumb Code    48  dfixul.o(.text)
    __aeabi_cdrcmple                         0x080007e1   Thumb Code    48  cdrcmple.o(.text)
    __scatterload                            0x08000811   Thumb Code    28  init.o(.text)
    __scatterload_rt2                        0x08000811   Thumb Code     0  init.o(.text)
    __rt_ctype_table                         0x08000835   Thumb Code     4  ctype_o.o(.text)
    isspace                                  0x0800083d   Thumb Code    18  isspace_o.o(.text)
    _scanf_real                              0x08000951   Thumb Code     0  scanf_fp.o(.text)
    _scanf_really_real                       0x08000951   Thumb Code   556  scanf_fp.o(.text)
    _sgetc                                   0x08000b89   Thumb Code    30  _sgetc.o(.text)
    _sbackspace                              0x08000ba7   Thumb Code    34  _sgetc.o(.text)
    __aeabi_ul2d                             0x08000bc9   Thumb Code    24  dfltul.o(.text)
    ADC_ConversionStop_Disable               0x08000be1   Thumb Code    76  stm32f1xx_hal_adc.o(i.ADC_ConversionStop_Disable)
    BusFault_Handler                         0x08000c2d   Thumb Code     2  stm32f1xx_it.o(i.BusFault_Handler)
    DMA1_Channel1_IRQHandler                 0x08000c31   Thumb Code     6  stm32f1xx_it.o(i.DMA1_Channel1_IRQHandler)
    DebugMon_Handler                         0x08000c3d   Thumb Code     2  stm32f1xx_it.o(i.DebugMon_Handler)
    EXTI15_10_IRQHandler                     0x08000c3f   Thumb Code     8  stm32f1xx_it.o(i.EXTI15_10_IRQHandler)
    EXTI4_IRQHandler                         0x08000c47   Thumb Code     6  stm32f1xx_it.o(i.EXTI4_IRQHandler)
    EXTI9_5_IRQHandler                       0x08000c4d   Thumb Code     8  stm32f1xx_it.o(i.EXTI9_5_IRQHandler)
    FATFS_LinkDriver                         0x08000c55   Thumb Code     6  ff_gen_drv.o(i.FATFS_LinkDriver)
    FATFS_LinkDriverEx                       0x08000c5d   Thumb Code    60  ff_gen_drv.o(i.FATFS_LinkDriverEx)
    GPS_ClearData                            0x08000c9d   Thumb Code    88  gpsneo.o(i.GPS_ClearData)
    GPS_ClearRxBuffer                        0x08000cf9   Thumb Code    16  gpsneo.o(i.GPS_ClearRxBuffer)
    GPS_Data                                 0x08000d0d   Thumb Code   226  gpsneo.o(i.GPS_Data)
    GPS_Knot2Kmh                             0x08000df9   Thumb Code    32  gpsneo.o(i.GPS_Knot2Kmh)
    GPS_RawData                              0x08000e21   Thumb Code   320  gpsneo.o(i.GPS_RawData)
    GPS_SearchChar                           0x08000f95   Thumb Code    30  gpsneo.o(i.GPS_SearchChar)
    HAL_ADC_ConfigChannel                    0x08000fb5   Thumb Code   240  stm32f1xx_hal_adc.o(i.HAL_ADC_ConfigChannel)
    HAL_ADC_Init                             0x080010b1   Thumb Code   272  stm32f1xx_hal_adc.o(i.HAL_ADC_Init)
    HAL_ADC_MspInit                          0x080011cd   Thumb Code   116  stm32f1xx_hal_msp.o(i.HAL_ADC_MspInit)
    HAL_DMA_Abort_IT                         0x08001275   Thumb Code   148  stm32f1xx_hal_dma.o(i.HAL_DMA_Abort_IT)
    HAL_DMA_IRQHandler                       0x0800130d   Thumb Code   316  stm32f1xx_hal_dma.o(i.HAL_DMA_IRQHandler)
    HAL_DMA_Init                             0x08001461   Thumb Code    92  stm32f1xx_hal_dma.o(i.HAL_DMA_Init)
    HAL_Delay                                0x080014c5   Thumb Code    32  stm32f1xx_hal.o(i.HAL_Delay)
    HAL_GPIO_EXTI_Callback                   0x080014e9   Thumb Code    24  main.o(i.HAL_GPIO_EXTI_Callback)
    HAL_GPIO_EXTI_IRQHandler                 0x0800150d   Thumb Code    18  stm32f1xx_hal_gpio.o(i.HAL_GPIO_EXTI_IRQHandler)
    HAL_GPIO_Init                            0x08001525   Thumb Code   408  stm32f1xx_hal_gpio.o(i.HAL_GPIO_Init)
    HAL_GPIO_TogglePin                       0x080016e1   Thumb Code     8  stm32f1xx_hal_gpio.o(i.HAL_GPIO_TogglePin)
    HAL_GPIO_WritePin                        0x080016e9   Thumb Code    10  stm32f1xx_hal_gpio.o(i.HAL_GPIO_WritePin)
    HAL_GetTick                              0x080016f5   Thumb Code     6  stm32f1xx_hal.o(i.HAL_GetTick)
    HAL_I2C_AbortCpltCallback                0x08001701   Thumb Code     2  stm32f1xx_hal_i2c.o(i.HAL_I2C_AbortCpltCallback)
    HAL_I2C_AddrCallback                     0x08001703   Thumb Code     2  stm32f1xx_hal_i2c.o(i.HAL_I2C_AddrCallback)
    HAL_I2C_ER_IRQHandler                    0x08001705   Thumb Code   202  stm32f1xx_hal_i2c.o(i.HAL_I2C_ER_IRQHandler)
    HAL_I2C_EV_IRQHandler                    0x080017d5   Thumb Code   486  stm32f1xx_hal_i2c.o(i.HAL_I2C_EV_IRQHandler)
    HAL_I2C_ErrorCallback                    0x080019c5   Thumb Code     2  stm32f1xx_hal_i2c.o(i.HAL_I2C_ErrorCallback)
    HAL_I2C_GetError                         0x080019c7   Thumb Code     4  stm32f1xx_hal_i2c.o(i.HAL_I2C_GetError)
    HAL_I2C_GetState                         0x080019cb   Thumb Code     6  stm32f1xx_hal_i2c.o(i.HAL_I2C_GetState)
    HAL_I2C_Init                             0x080019d1   Thumb Code   302  stm32f1xx_hal_i2c.o(i.HAL_I2C_Init)
    HAL_I2C_ListenCpltCallback               0x08001b11   Thumb Code     2  stm32f1xx_hal_i2c.o(i.HAL_I2C_ListenCpltCallback)
    HAL_I2C_MasterRxCpltCallback             0x08001b13   Thumb Code     2  stm32f1xx_hal_i2c.o(i.HAL_I2C_MasterRxCpltCallback)
    HAL_I2C_MasterTxCpltCallback             0x08001b15   Thumb Code     2  stm32f1xx_hal_i2c.o(i.HAL_I2C_MasterTxCpltCallback)
    HAL_I2C_Master_Receive                   0x08001b19   Thumb Code   516  stm32f1xx_hal_i2c.o(i.HAL_I2C_Master_Receive)
    HAL_I2C_Master_Transmit                  0x08001d29   Thumb Code   304  stm32f1xx_hal_i2c.o(i.HAL_I2C_Master_Transmit)
    HAL_I2C_MemRxCpltCallback                0x08001e61   Thumb Code     2  stm32f1xx_hal_i2c.o(i.HAL_I2C_MemRxCpltCallback)
    HAL_I2C_MemTxCpltCallback                0x08001e63   Thumb Code     2  stm32f1xx_hal_i2c.o(i.HAL_I2C_MemTxCpltCallback)
    HAL_I2C_MspInit                          0x08001e65   Thumb Code    86  stm32f1xx_hal_msp.o(i.HAL_I2C_MspInit)
    HAL_I2C_SlaveRxCpltCallback              0x08001ec9   Thumb Code     2  stm32f1xx_hal_i2c.o(i.HAL_I2C_SlaveRxCpltCallback)
    HAL_I2C_SlaveTxCpltCallback              0x08001ecb   Thumb Code     2  stm32f1xx_hal_i2c.o(i.HAL_I2C_SlaveTxCpltCallback)
    HAL_IncTick                              0x08001ecd   Thumb Code    12  stm32f1xx_hal.o(i.HAL_IncTick)
    HAL_Init                                 0x08001edd   Thumb Code    32  stm32f1xx_hal.o(i.HAL_Init)
    HAL_InitTick                             0x08001f01   Thumb Code    54  stm32f1xx_hal.o(i.HAL_InitTick)
    HAL_MspInit                              0x08001f41   Thumb Code   118  stm32f1xx_hal_msp.o(i.HAL_MspInit)
    HAL_NVIC_EnableIRQ                       0x08001fc1   Thumb Code    22  stm32f1xx_hal_cortex.o(i.HAL_NVIC_EnableIRQ)
    HAL_NVIC_SetPriority                     0x08001fd9   Thumb Code    60  stm32f1xx_hal_cortex.o(i.HAL_NVIC_SetPriority)
    HAL_NVIC_SetPriorityGrouping             0x08002019   Thumb Code    26  stm32f1xx_hal_cortex.o(i.HAL_NVIC_SetPriorityGrouping)
    HAL_RCCEx_PeriphCLKConfig                0x0800203d   Thumb Code   224  stm32f1xx_hal_rcc_ex.o(i.HAL_RCCEx_PeriphCLKConfig)
    HAL_RCC_ClockConfig                      0x08002129   Thumb Code   322  stm32f1xx_hal_rcc.o(i.HAL_RCC_ClockConfig)
    HAL_RCC_GetHCLKFreq                      0x0800227d   Thumb Code     6  stm32f1xx_hal_rcc.o(i.HAL_RCC_GetHCLKFreq)
    HAL_RCC_GetPCLK1Freq                     0x08002289   Thumb Code    20  stm32f1xx_hal_rcc.o(i.HAL_RCC_GetPCLK1Freq)
    HAL_RCC_GetPCLK2Freq                     0x080022a9   Thumb Code    20  stm32f1xx_hal_rcc.o(i.HAL_RCC_GetPCLK2Freq)
    HAL_RCC_GetSysClockFreq                  0x080022c9   Thumb Code    74  stm32f1xx_hal_rcc.o(i.HAL_RCC_GetSysClockFreq)
    HAL_RCC_OscConfig                        0x08002335   Thumb Code   750  stm32f1xx_hal_rcc.o(i.HAL_RCC_OscConfig)
    HAL_SPI_Init                             0x08002639   Thumb Code   130  stm32f1xx_hal_spi_ex.o(i.HAL_SPI_Init)
    HAL_SPI_MspInit                          0x080026bd   Thumb Code    78  stm32f1xx_hal_msp.o(i.HAL_SPI_MspInit)
    HAL_SPI_TransmitReceive                  0x08002719   Thumb Code   472  stm32f1xx_hal_spi.o(i.HAL_SPI_TransmitReceive)
    HAL_SYSTICK_CLKSourceConfig              0x080028f1   Thumb Code    24  stm32f1xx_hal_cortex.o(i.HAL_SYSTICK_CLKSourceConfig)
    HAL_SYSTICK_Callback                     0x08002909   Thumb Code     2  stm32f1xx_hal_cortex.o(i.HAL_SYSTICK_Callback)
    HAL_SYSTICK_Config                       0x0800290b   Thumb Code    40  stm32f1xx_hal_cortex.o(i.HAL_SYSTICK_Config)
    HAL_SYSTICK_IRQHandler                   0x08002933   Thumb Code     8  stm32f1xx_hal_cortex.o(i.HAL_SYSTICK_IRQHandler)
    HAL_UART_ErrorCallback                   0x0800293b   Thumb Code     2  stm32f1xx_hal_uart.o(i.HAL_UART_ErrorCallback)
    HAL_UART_IRQHandler                      0x0800293d   Thumb Code   266  stm32f1xx_hal_uart.o(i.HAL_UART_IRQHandler)
    HAL_UART_Init                            0x08002a4d   Thumb Code    98  stm32f1xx_hal_uart.o(i.HAL_UART_Init)
    HAL_UART_MspInit                         0x08002ab1   Thumb Code   226  stm32f1xx_hal_msp.o(i.HAL_UART_MspInit)
    HAL_UART_Receive_IT                      0x08002bad   Thumb Code    82  stm32f1xx_hal_uart.o(i.HAL_UART_Receive_IT)
    HAL_UART_RxCpltCallback                  0x08002c01   Thumb Code   338  sim800c.o(i.HAL_UART_RxCpltCallback)
    HAL_UART_Transmit                        0x08002da9   Thumb Code   186  stm32f1xx_hal_uart.o(i.HAL_UART_Transmit)
    HAL_UART_TxCpltCallback                  0x08002e63   Thumb Code     2  stm32f1xx_hal_uart.o(i.HAL_UART_TxCpltCallback)
    HardFault_Handler                        0x08002e65   Thumb Code     2  stm32f1xx_it.o(i.HardFault_Handler)
    I2C1_ER_IRQHandler                       0x08002e69   Thumb Code     6  stm32f1xx_it.o(i.I2C1_ER_IRQHandler)
    I2C1_EV_IRQHandler                       0x08002e75   Thumb Code     6  stm32f1xx_it.o(i.I2C1_EV_IRQHandler)
    I2C_ReadBuffer                           0x08003601   Thumb Code    56  rtc.o(i.I2C_ReadBuffer)
    I2C_ReadByte                             0x0800364d   Thumb Code    92  rtc.o(i.I2C_ReadByte)
    I2C_WriteBuffer                          0x08003a01   Thumb Code    56  rtc.o(i.I2C_WriteBuffer)
    I2C_WriteByte                            0x08003a4d   Thumb Code    68  rtc.o(i.I2C_WriteByte)
    MX_FATFS_Init                            0x08003b21   Thumb Code    18  fatfs.o(i.MX_FATFS_Init)
    MemManage_Handler                        0x08003ccd   Thumb Code     2  stm32f1xx_it.o(i.MemManage_Handler)
    NMI_Handler                              0x08003ccf   Thumb Code     2  stm32f1xx_it.o(i.NMI_Handler)
    PendSV_Handler                           0x08003cf1   Thumb Code     2  stm32f1xx_it.o(i.PendSV_Handler)
    RTC_BCD2DEC                              0x08003cf3   Thumb Code    18  rtc.o(i.RTC_BCD2DEC)
    RTC_ClearAlarm1                          0x08003d05   Thumb Code   222  rtc.o(i.RTC_ClearAlarm1)
    RTC_DEC2BCD                              0x08003de9   Thumb Code    22  rtc.o(i.RTC_DEC2BCD)
    RTC_GetTime                              0x08003e01   Thumb Code   284  rtc.o(i.RTC_GetTime)
    RTC_SetTime                              0x08003f25   Thumb Code   186  rtc.o(i.RTC_SetTime)
    ReadLongFile                             0x08003fe9   Thumb Code   150  sd.o(i.ReadLongFile)
    SD_Read_Block                            0x080040ad   Thumb Code    86  sd.o(i.SD_Read_Block)
    SD_Read_File                             0x08004105   Thumb Code    60  sd.o(i.SD_Read_File)
    SD_Write_Block                           0x0800415d   Thumb Code   100  sd.o(i.SD_Write_Block)
    SD_Write_File                            0x080041c1   Thumb Code   112  sd.o(i.SD_Write_File)
    SIM_Delete_BufReply                      0x080042c5   Thumb Code    26  sim800c.o(i.SIM_Delete_BufReply)
    SIM_Delete_Reply                         0x080042e5   Thumb Code    30  sim800c.o(i.SIM_Delete_Reply)
    SIM_Delete_ResponseEx                    0x08004309   Thumb Code    30  sim800c.o(i.SIM_Delete_ResponseEx)
    SIM_Send                                 0x08004331   Thumb Code    24  sim800c.o(i.SIM_Send)
    SIM_begin                                0x0800434d   Thumb Code   170  sim800c.o(i.SIM_begin)
    SIM_checkAccount                         0x0800445d   Thumb Code   148  sim800c.o(i.SIM_checkAccount)
    SIM_replyCommand                         0x0800458d   Thumb Code    68  sim800c.o(i.SIM_replyCommand)
    SIM_replyCommandResponse                 0x080045fd   Thumb Code    52  sim800c.o(i.SIM_replyCommandResponse)
    SIM_sendCommand                          0x08004665   Thumb Code    16  sim800c.o(i.SIM_sendCommand)
    SIM_sendCommandResponse                  0x08004679   Thumb Code    32  sim800c.o(i.SIM_sendCommandResponse)
    SPI_ReceiveByte                          0x080046c5   Thumb Code     6  sd.o(i.SPI_ReceiveByte)
    SPI_Release                              0x080046cb   Thumb Code     6  sd.o(i.SPI_Release)
    SPI_wait_ready                           0x08004767   Thumb Code    32  sd.o(i.SPI_wait_ready)
    SPIx_WriteRead                           0x08004789   Thumb Code    48  sd.o(i.SPIx_WriteRead)
    SVC_Handler                              0x080047c1   Thumb Code     2  stm32f1xx_it.o(i.SVC_Handler)
    SysTick_Handler                          0x080047c3   Thumb Code    14  stm32f1xx_it.o(i.SysTick_Handler)
    SystemClock_Config                       0x080047d1   Thumb Code   118  main.o(i.SystemClock_Config)
    SystemInit                               0x08004849   Thumb Code    56  system_stm32f1xx.o(i.SystemInit)
    USART1_IRQHandler                        0x08004b8d   Thumb Code     6  stm32f1xx_it.o(i.USART1_IRQHandler)
    USART2_IRQHandler                        0x08004b99   Thumb Code     6  stm32f1xx_it.o(i.USART2_IRQHandler)
    USART3_IRQHandler                        0x08004ba5   Thumb Code     6  stm32f1xx_it.o(i.USART3_IRQHandler)
    USER_initialize                          0x08004bb1   Thumb Code    28  user_diskio.o(i.USER_initialize)
    USER_ioctl                               0x08004bd1   Thumb Code    60  user_diskio.o(i.USER_ioctl)
    USER_read                                0x08004c11   Thumb Code    62  user_diskio.o(i.USER_read)
    USER_status                              0x08004c59   Thumb Code    12  user_diskio.o(i.USER_status)
    USER_write                               0x08004c69   Thumb Code    72  user_diskio.o(i.USER_write)
    UsageFault_Handler                       0x08004cb9   Thumb Code     2  stm32f1xx_it.o(i.UsageFault_Handler)
    _Error_Handler                           0x08004cbb   Thumb Code     2  main.o(i._Error_Handler)
    __0printf                                0x08004cbd   Thumb Code    22  printfa.o(i.__0printf)
    __1printf                                0x08004cbd   Thumb Code     0  printfa.o(i.__0printf)
    __2printf                                0x08004cbd   Thumb Code     0  printfa.o(i.__0printf)
    __c89printf                              0x08004cbd   Thumb Code     0  printfa.o(i.__0printf)
    printf                                   0x08004cbd   Thumb Code     0  printfa.o(i.__0printf)
    __0sprintf                               0x08004cdd   Thumb Code    34  printfa.o(i.__0sprintf)
    __1sprintf                               0x08004cdd   Thumb Code     0  printfa.o(i.__0sprintf)
    __2sprintf                               0x08004cdd   Thumb Code     0  printfa.o(i.__0sprintf)
    __c89sprintf                             0x08004cdd   Thumb Code     0  printfa.o(i.__0sprintf)
    sprintf                                  0x08004cdd   Thumb Code     0  printfa.o(i.__0sprintf)
    __read_errno                             0x08004d05   Thumb Code     6  errno.o(i.__read_errno)
    __scatterload_copy                       0x08004d11   Thumb Code    14  handlers.o(i.__scatterload_copy)
    __scatterload_null                       0x08004d1f   Thumb Code     2  handlers.o(i.__scatterload_null)
    __scatterload_zeroinit                   0x08004d21   Thumb Code    14  handlers.o(i.__scatterload_zeroinit)
    __set_errno                              0x08004d31   Thumb Code     6  errno.o(i.__set_errno)
    _is_digit                                0x08004ea1   Thumb Code    14  scanf_fp.o(i._is_digit)
    atof                                     0x080055e9   Thumb Code    42  atof.o(i.atof)
    clust2sect                               0x0800573f   Thumb Code    28  ff.o(i.clust2sect)
    disk_initialize                          0x08005ef9   Thumb Code    36  diskio.o(i.disk_initialize)
    disk_ioctl                               0x08005f21   Thumb Code    24  diskio.o(i.disk_ioctl)
    disk_read                                0x08005f3d   Thumb Code    24  diskio.o(i.disk_read)
    disk_status                              0x08005f59   Thumb Code    18  diskio.o(i.disk_status)
    disk_write                               0x08005f71   Thumb Code    24  diskio.o(i.disk_write)
    f_close                                  0x08005f8d   Thumb Code    42  ff.o(i.f_close)
    f_lseek                                  0x08005fb7   Thumb Code   614  ff.o(i.f_lseek)
    f_mount                                  0x0800621d   Thumb Code    92  ff.o(i.f_mount)
    f_open                                   0x0800627d   Thumb Code   492  ff.o(i.f_open)
    f_read                                   0x0800646d   Thumb Code   398  ff.o(i.f_read)
    f_sync                                   0x080065fb   Thumb Code   162  ff.o(i.f_sync)
    f_write                                  0x0800669d   Thumb Code   454  ff.o(i.f_write)
    ff_convert                               0x08006865   Thumb Code    52  ccsbcs_1.o(i.ff_convert)
    ff_wtoupper                              0x0800689d   Thumb Code    28  ccsbcs_1.o(i.ff_wtoupper)
    fputc                                    0x08006b99   Thumb Code    18  main.o(i.fputc)
    get_fat                                  0x08006c31   Thumb Code   230  ff.o(i.get_fat)
    get_fattime                              0x08006d17   Thumb Code     4  fatfs.o(i.get_fattime)
    indexOf                                  0x08006df1   Thumb Code    14  sim800c.o(i.indexOf)
    main                                     0x08006e15   Thumb Code   412  main.o(i.main)
    put_fat                                  0x08007065   Thumb Code   286  ff.o(i.put_fat)
    sd_ini                                   0x080071e9   Thumb Code   406  sd.o(i.sd_ini)
    AHBPrescTable                            0x0800751a   Data          16  system_stm32f1xx.o(.constdata)
    APBPrescTable                            0x0800752a   Data           8  system_stm32f1xx.o(.constdata)
    __ctype_table                            0x08007aac   Data         129  ctype_o.o(.constdata)
    Region$$Table$$Base                      0x08007b34   Number         0  anon$$obj.o(Region$$Table)
    Region$$Table$$Limit                     0x08007b54   Number         0  anon$$obj.o(Region$$Table)
    USER_Driver                              0x20000004   Data          20  user_diskio.o(.data)
    retUSER                                  0x20000018   Data           1  fatfs.o(.data)
    USERPath                                 0x20000019   Data           4  fatfs.o(.data)
    sdinfo                                   0x20000020   Data           1  sd.o(.data)
    result                                   0x20000021   Data           1  sd.o(.data)
    res                                      0x20000022   Data           1  sd.o(.data)
    fs                                       0x20000024   Data           4  sd.o(.data)
    byteswritten                             0x20000028   Data           4  sd.o(.data)
    bytesread                                0x2000002c   Data           4  sd.o(.data)
    fn                                       0x20000030   Data           4  sd.o(.data)
    fre_clust                                0x20000034   Data           4  sd.o(.data)
    fre_sect                                 0x20000038   Data           4  sd.o(.data)
    tot_sect                                 0x2000003c   Data           4  sd.o(.data)
    ch                                       0x20000040   Data           1  gpsneo.o(.data)
    statusGps                                0x20000041   Data           3  gpsneo.o(.data)
    SystemCoreClock                          0x20000044   Data           4  system_stm32f1xx.o(.data)
    uwTickFreq                               0x20000050   Data           1  stm32f1xx_hal.o(.data)
    uwTickPrio                               0x20000054   Data           4  stm32f1xx_hal.o(.data)
    uwTick                                   0x20000058   Data           4  stm32f1xx_hal.o(.data)
    __stdout                                 0x2000005c   Data           4  stdout.o(.data)
    hadc1                                    0x20000064   Data          48  main.o(.bss)
    hi2c1                                    0x20000094   Data          84  main.o(.bss)
    hspi2                                    0x200000e8   Data          88  main.o(.bss)
    huart1                                   0x20000140   Data          64  main.o(.bss)
    huart2                                   0x20000180   Data          64  main.o(.bss)
    huart3                                   0x200001c0   Data          64  main.o(.bss)
    SD                                       0x20000200   Data        1101  main.o(.bss)
    hdma_adc1                                0x20000650   Data          68  main.o(.bss)
    str1                                     0x20000694   Data          60  sd.o(.bss)
    SDFatFs                                  0x200006d0   Data        4144  sd.o(.bss)
    MyFile                                   0x20001700   Data        4140  sd.o(.bss)
    sect                                     0x2000272c   Data         512  sd.o(.bss)
    fileInfo                                 0x2000292c   Data          32  sd.o(.bss)
    dir                                      0x2000294c   Data        4136  sd.o(.bss)
    nmeaMessage                              0x20003974   Data         203  gpsneo.o(.bss)
    dataGps                                  0x20003a40   Data          92  gpsneo.o(.bss)
    DS3231                                   0x20003a9c   Data          99  rtc.o(.bss)
    dataGPRS                                 0x20003b00   Data         256  sim800c.o(.bss)
    dataSMS                                  0x20003c00   Data         400  sim800c.o(.bss)
    UARTSim                                  0x20003d90   Data         531  sim800c.o(.bss)
    disk                                     0x200041bc   Data          12  ff_gen_drv.o(.bss)
    __initial_sp                             0x200045c8   Data           0  startup_stm32f103xb.o(STACK)



==============================================================================

Memory Map of the image

  Image Entry point : 0x080000ed

  Load Region LR_IROM1 (Base: 0x08000000, Size: 0x00007bb8, Max: 0x00010000, ABSOLUTE)

    Execution Region ER_IROM1 (Base: 0x08000000, Size: 0x00007b54, Max: 0x00010000, ABSOLUTE)

    Base Addr    Size         Type   Attr      Idx    E Section Name        Object

    0x08000000   0x000000ec   Data   RO            3    RESET               startup_stm32f103xb.o
    0x080000ec   0x00000000   Code   RO         3911  * .ARM.Collect$$$$00000000  mc_w.l(entry.o)
    0x080000ec   0x00000004   Code   RO         4211    .ARM.Collect$$$$00000001  mc_w.l(entry2.o)
    0x080000f0   0x00000004   Code   RO         4214    .ARM.Collect$$$$00000004  mc_w.l(entry5.o)
    0x080000f4   0x00000000   Code   RO         4216    .ARM.Collect$$$$00000008  mc_w.l(entry7b.o)
    0x080000f4   0x00000000   Code   RO         4218    .ARM.Collect$$$$0000000A  mc_w.l(entry8b.o)
    0x080000f4   0x00000008   Code   RO         4219    .ARM.Collect$$$$0000000B  mc_w.l(entry9a.o)
    0x080000fc   0x00000000   Code   RO         4221    .ARM.Collect$$$$0000000D  mc_w.l(entry10a.o)
    0x080000fc   0x00000000   Code   RO         4223    .ARM.Collect$$$$0000000F  mc_w.l(entry11a.o)
    0x080000fc   0x00000004   Code   RO         4212    .ARM.Collect$$$$00002712  mc_w.l(entry2.o)
    0x08000100   0x00000024   Code   RO            4    .text               startup_stm32f103xb.o
    0x08000124   0x00000020   Code   RO         3914    .text               mc_w.l(llushr.o)
    0x08000144   0x00000024   Code   RO         3916    .text               mc_w.l(memcpya.o)
    0x08000168   0x00000024   Code   RO         3918    .text               mc_w.l(strstr.o)
    0x0800018c   0x0000000e   Code   RO         3920    .text               mc_w.l(strlen.o)
    0x0800019a   0x00000012   Code   RO         3922    .text               mc_w.l(strcpy.o)
    0x080001ac   0x0000014e   Code   RO         4195    .text               mf_w.l(dadd.o)
    0x080002fa   0x000000e4   Code   RO         4197    .text               mf_w.l(dmul.o)
    0x080003de   0x000000de   Code   RO         4199    .text               mf_w.l(ddiv.o)
    0x080004bc   0x00000026   Code   RO         4207    .text               mf_w.l(f2d.o)
    0x080004e2   0x00000038   Code   RO         4209    .text               mf_w.l(d2f.o)
    0x0800051a   0x0000002c   Code   RO         4226    .text               mc_w.l(uidiv.o)
    0x08000546   0x00000062   Code   RO         4228    .text               mc_w.l(uldiv.o)
    0x080005a8   0x0000001e   Code   RO         4230    .text               mc_w.l(llshl.o)
    0x080005c6   0x00000024   Code   RO         4232    .text               mc_w.l(llsshr.o)
    0x080005ea   0x00000002   PAD
    0x080005ec   0x0000009c   Code   RO         4241    .text               mc_w.l(strtod.o)
    0x08000688   0x00000000   Code   RO         4245    .text               mc_w.l(iusefp.o)
    0x08000688   0x0000006e   Code   RO         4246    .text               mf_w.l(fepilogue.o)
    0x080006f6   0x000000ba   Code   RO         4248    .text               mf_w.l(depilogue.o)
    0x080007b0   0x00000030   Code   RO         4250    .text               mf_w.l(dfixul.o)
    0x080007e0   0x00000030   Code   RO         4252    .text               mf_w.l(cdrcmple.o)
    0x08000810   0x00000024   Code   RO         4254    .text               mc_w.l(init.o)
    0x08000834   0x00000008   Code   RO         4258    .text               mc_w.l(ctype_o.o)
    0x0800083c   0x00000012   Code   RO         4280    .text               mc_w.l(isspace_o.o)
    0x0800084e   0x00000002   PAD
    0x08000850   0x00000338   Code   RO         4286    .text               mc_w.l(scanf_fp.o)
    0x08000b88   0x00000040   Code   RO         4290    .text               mc_w.l(_sgetc.o)
    0x08000bc8   0x00000018   Code   RO         4299    .text               mf_w.l(dfltul.o)
    0x08000be0   0x0000004c   Code   RO         3634    i.ADC_ConversionStop_Disable  stm32f1xx_hal_adc.o
    0x08000c2c   0x00000002   Code   RO          331    i.BusFault_Handler  stm32f1xx_it.o
    0x08000c2e   0x00000002   PAD
    0x08000c30   0x0000000c   Code   RO          332    i.DMA1_Channel1_IRQHandler  stm32f1xx_it.o
    0x08000c3c   0x00000002   Code   RO          333    i.DebugMon_Handler  stm32f1xx_it.o
    0x08000c3e   0x00000008   Code   RO          334    i.EXTI15_10_IRQHandler  stm32f1xx_it.o
    0x08000c46   0x00000006   Code   RO          335    i.EXTI4_IRQHandler  stm32f1xx_it.o
    0x08000c4c   0x00000008   Code   RO          336    i.EXTI9_5_IRQHandler  stm32f1xx_it.o
    0x08000c54   0x00000006   Code   RO         1521    i.FATFS_LinkDriver  ff_gen_drv.o
    0x08000c5a   0x00000002   PAD
    0x08000c5c   0x00000040   Code   RO         1522    i.FATFS_LinkDriverEx  ff_gen_drv.o
    0x08000c9c   0x0000005c   Code   RO          680    i.GPS_ClearData     gpsneo.o
    0x08000cf8   0x00000014   Code   RO          681    i.GPS_ClearRxBuffer  gpsneo.o
    0x08000d0c   0x000000ec   Code   RO          682    i.GPS_Data          gpsneo.o
    0x08000df8   0x00000028   Code   RO          684    i.GPS_Knot2Kmh      gpsneo.o
    0x08000e20   0x00000174   Code   RO          685    i.GPS_RawData       gpsneo.o
    0x08000f94   0x0000001e   Code   RO          686    i.GPS_SearchChar    gpsneo.o
    0x08000fb2   0x00000002   PAD
    0x08000fb4   0x000000fc   Code   RO         3640    i.HAL_ADC_ConfigChannel  stm32f1xx_hal_adc.o
    0x080010b0   0x0000011c   Code   RO         3649    i.HAL_ADC_Init      stm32f1xx_hal_adc.o
    0x080011cc   0x000000a8   Code   RO          462    i.HAL_ADC_MspInit   stm32f1xx_hal_msp.o
    0x08001274   0x00000098   Code   RO         3026    i.HAL_DMA_Abort_IT  stm32f1xx_hal_dma.o
    0x0800130c   0x00000154   Code   RO         3030    i.HAL_DMA_IRQHandler  stm32f1xx_hal_dma.o
    0x08001460   0x00000064   Code   RO         3031    i.HAL_DMA_Init      stm32f1xx_hal_dma.o
    0x080014c4   0x00000024   Code   RO         1610    i.HAL_Delay         stm32f1xx_hal.o
    0x080014e8   0x00000024   Code   RO           13    i.HAL_GPIO_EXTI_Callback  main.o
    0x0800150c   0x00000018   Code   RO         2839    i.HAL_GPIO_EXTI_IRQHandler  stm32f1xx_hal_gpio.o
    0x08001524   0x000001bc   Code   RO         2840    i.HAL_GPIO_Init     stm32f1xx_hal_gpio.o
    0x080016e0   0x00000008   Code   RO         2843    i.HAL_GPIO_TogglePin  stm32f1xx_hal_gpio.o
    0x080016e8   0x0000000a   Code   RO         2844    i.HAL_GPIO_WritePin  stm32f1xx_hal_gpio.o
    0x080016f2   0x00000002   PAD
    0x080016f4   0x0000000c   Code   RO         1614    i.HAL_GetTick       stm32f1xx_hal.o
    0x08001700   0x00000002   Code   RO         3236    i.HAL_I2C_AbortCpltCallback  stm32f1xx_hal_i2c.o
    0x08001702   0x00000002   Code   RO         3237    i.HAL_I2C_AddrCallback  stm32f1xx_hal_i2c.o
    0x08001704   0x000000d0   Code   RO         3240    i.HAL_I2C_ER_IRQHandler  stm32f1xx_hal_i2c.o
    0x080017d4   0x000001f0   Code   RO         3241    i.HAL_I2C_EV_IRQHandler  stm32f1xx_hal_i2c.o
    0x080019c4   0x00000002   Code   RO         3243    i.HAL_I2C_ErrorCallback  stm32f1xx_hal_i2c.o
    0x080019c6   0x00000004   Code   RO         3244    i.HAL_I2C_GetError  stm32f1xx_hal_i2c.o
    0x080019ca   0x00000006   Code   RO         3246    i.HAL_I2C_GetState  stm32f1xx_hal_i2c.o
    0x080019d0   0x00000140   Code   RO         3247    i.HAL_I2C_Init      stm32f1xx_hal_i2c.o
    0x08001b10   0x00000002   Code   RO         3249    i.HAL_I2C_ListenCpltCallback  stm32f1xx_hal_i2c.o
    0x08001b12   0x00000002   Code   RO         3250    i.HAL_I2C_MasterRxCpltCallback  stm32f1xx_hal_i2c.o
    0x08001b14   0x00000002   Code   RO         3251    i.HAL_I2C_MasterTxCpltCallback  stm32f1xx_hal_i2c.o
    0x08001b16   0x00000002   PAD
    0x08001b18   0x00000210   Code   RO         3253    i.HAL_I2C_Master_Receive  stm32f1xx_hal_i2c.o
    0x08001d28   0x00000138   Code   RO         3258    i.HAL_I2C_Master_Transmit  stm32f1xx_hal_i2c.o
    0x08001e60   0x00000002   Code   RO         3261    i.HAL_I2C_MemRxCpltCallback  stm32f1xx_hal_i2c.o
    0x08001e62   0x00000002   Code   RO         3262    i.HAL_I2C_MemTxCpltCallback  stm32f1xx_hal_i2c.o
    0x08001e64   0x00000064   Code   RO          464    i.HAL_I2C_MspInit   stm32f1xx_hal_msp.o
    0x08001ec8   0x00000002   Code   RO         3271    i.HAL_I2C_SlaveRxCpltCallback  stm32f1xx_hal_i2c.o
    0x08001eca   0x00000002   Code   RO         3272    i.HAL_I2C_SlaveTxCpltCallback  stm32f1xx_hal_i2c.o
    0x08001ecc   0x00000010   Code   RO         1618    i.HAL_IncTick       stm32f1xx_hal.o
    0x08001edc   0x00000024   Code   RO         1619    i.HAL_Init          stm32f1xx_hal.o
    0x08001f00   0x00000040   Code   RO         1620    i.HAL_InitTick      stm32f1xx_hal.o
    0x08001f40   0x00000080   Code   RO          465    i.HAL_MspInit       stm32f1xx_hal_msp.o
    0x08001fc0   0x00000016   Code   RO         3121    i.HAL_NVIC_EnableIRQ  stm32f1xx_hal_cortex.o
    0x08001fd6   0x00000002   PAD
    0x08001fd8   0x00000040   Code   RO         3127    i.HAL_NVIC_SetPriority  stm32f1xx_hal_cortex.o
    0x08002018   0x00000024   Code   RO         3128    i.HAL_NVIC_SetPriorityGrouping  stm32f1xx_hal_cortex.o
    0x0800203c   0x000000ec   Code   RO         2377    i.HAL_RCCEx_PeriphCLKConfig  stm32f1xx_hal_rcc_ex.o
    0x08002128   0x00000154   Code   RO         1948    i.HAL_RCC_ClockConfig  stm32f1xx_hal_rcc.o
    0x0800227c   0x0000000c   Code   RO         1953    i.HAL_RCC_GetHCLKFreq  stm32f1xx_hal_rcc.o
    0x08002288   0x00000020   Code   RO         1955    i.HAL_RCC_GetPCLK1Freq  stm32f1xx_hal_rcc.o
    0x080022a8   0x00000020   Code   RO         1956    i.HAL_RCC_GetPCLK2Freq  stm32f1xx_hal_rcc.o
    0x080022c8   0x0000006c   Code   RO         1957    i.HAL_RCC_GetSysClockFreq  stm32f1xx_hal_rcc.o
    0x08002334   0x00000304   Code   RO         1960    i.HAL_RCC_OscConfig  stm32f1xx_hal_rcc.o
    0x08002638   0x00000082   Code   RO         1923    i.HAL_SPI_Init      stm32f1xx_hal_spi_ex.o
    0x080026ba   0x00000002   PAD
    0x080026bc   0x0000005c   Code   RO          467    i.HAL_SPI_MspInit   stm32f1xx_hal_msp.o
    0x08002718   0x000001d8   Code   RO         2431    i.HAL_SPI_TransmitReceive  stm32f1xx_hal_spi.o
    0x080028f0   0x00000018   Code   RO         3130    i.HAL_SYSTICK_CLKSourceConfig  stm32f1xx_hal_cortex.o
    0x08002908   0x00000002   Code   RO         3131    i.HAL_SYSTICK_Callback  stm32f1xx_hal_cortex.o
    0x0800290a   0x00000028   Code   RO         3132    i.HAL_SYSTICK_Config  stm32f1xx_hal_cortex.o
    0x08002932   0x00000008   Code   RO         3133    i.HAL_SYSTICK_IRQHandler  stm32f1xx_hal_cortex.o
    0x0800293a   0x00000002   Code   RO         2070    i.HAL_UART_ErrorCallback  stm32f1xx_hal_uart.o
    0x0800293c   0x00000110   Code   RO         2073    i.HAL_UART_IRQHandler  stm32f1xx_hal_uart.o
    0x08002a4c   0x00000062   Code   RO         2074    i.HAL_UART_Init     stm32f1xx_hal_uart.o
    0x08002aae   0x00000002   PAD
    0x08002ab0   0x000000fc   Code   RO          469    i.HAL_UART_MspInit  stm32f1xx_hal_msp.o
    0x08002bac   0x00000052   Code   RO         2079    i.HAL_UART_Receive_IT  stm32f1xx_hal_uart.o
    0x08002bfe   0x00000002   PAD
    0x08002c00   0x000001a8   Code   RO          881    i.HAL_UART_RxCpltCallback  sim800c.o
    0x08002da8   0x000000ba   Code   RO         2082    i.HAL_UART_Transmit  stm32f1xx_hal_uart.o
    0x08002e62   0x00000002   Code   RO         2085    i.HAL_UART_TxCpltCallback  stm32f1xx_hal_uart.o
    0x08002e64   0x00000002   Code   RO          337    i.HardFault_Handler  stm32f1xx_it.o
    0x08002e66   0x00000002   PAD
    0x08002e68   0x0000000c   Code   RO          338    i.I2C1_ER_IRQHandler  stm32f1xx_it.o
    0x08002e74   0x0000000c   Code   RO          339    i.I2C1_EV_IRQHandler  stm32f1xx_it.o
    0x08002e80   0x0000004e   Code   RO         3281    i.I2C_DMAAbort      stm32f1xx_hal_i2c.o
    0x08002ece   0x00000002   PAD
    0x08002ed0   0x00000124   Code   RO         3284    i.I2C_ITError       stm32f1xx_hal_i2c.o
    0x08002ff4   0x00000028   Code   RO         3285    i.I2C_IsAcknowledgeFailed  stm32f1xx_hal_i2c.o
    0x0800301c   0x000000c8   Code   RO         3286    i.I2C_MasterReceive_BTF  stm32f1xx_hal_i2c.o
    0x080030e4   0x000000ae   Code   RO         3287    i.I2C_MasterReceive_RXNE  stm32f1xx_hal_i2c.o
    0x08003192   0x000000de   Code   RO         3288    i.I2C_MasterRequestRead  stm32f1xx_hal_i2c.o
    0x08003270   0x00000094   Code   RO         3289    i.I2C_MasterRequestWrite  stm32f1xx_hal_i2c.o
    0x08003304   0x00000080   Code   RO         3290    i.I2C_MasterTransmit_BTF  stm32f1xx_hal_i2c.o
    0x08003384   0x00000108   Code   RO         3291    i.I2C_MasterTransmit_TXE  stm32f1xx_hal_i2c.o
    0x0800348c   0x0000011a   Code   RO         3292    i.I2C_Master_ADDR   stm32f1xx_hal_i2c.o
    0x080035a6   0x0000005a   Code   RO         3293    i.I2C_Master_SB     stm32f1xx_hal_i2c.o
    0x08003600   0x0000004c   Code   RO          743    i.I2C_ReadBuffer    rtc.o
    0x0800364c   0x0000006c   Code   RO          744    i.I2C_ReadByte      rtc.o
    0x080036b8   0x00000084   Code   RO         3296    i.I2C_Slave_AF      stm32f1xx_hal_i2c.o
    0x0800373c   0x000000dc   Code   RO         3297    i.I2C_Slave_STOPF   stm32f1xx_hal_i2c.o
    0x08003818   0x0000004e   Code   RO         3298    i.I2C_WaitOnBTFFlagUntilTimeout  stm32f1xx_hal_i2c.o
    0x08003866   0x00000060   Code   RO         3299    i.I2C_WaitOnFlagUntilTimeout  stm32f1xx_hal_i2c.o
    0x080038c6   0x00000002   PAD
    0x080038c8   0x00000088   Code   RO         3300    i.I2C_WaitOnMasterAddressFlagUntilTimeout  stm32f1xx_hal_i2c.o
    0x08003950   0x00000062   Code   RO         3301    i.I2C_WaitOnRXNEFlagUntilTimeout  stm32f1xx_hal_i2c.o
    0x080039b2   0x0000004e   Code   RO         3302    i.I2C_WaitOnTXEFlagUntilTimeout  stm32f1xx_hal_i2c.o
    0x08003a00   0x0000004c   Code   RO          745    i.I2C_WriteBuffer   rtc.o
    0x08003a4c   0x00000054   Code   RO          746    i.I2C_WriteByte     rtc.o
    0x08003aa0   0x00000080   Code   RO           14    i.MX_ADC1_Init      main.o
    0x08003b20   0x0000001c   Code   RO          293    i.MX_FATFS_Init     fatfs.o
    0x08003b3c   0x00000118   Code   RO           15    i.MX_GPIO_Init      main.o
    0x08003c54   0x00000038   Code   RO           16    i.MX_I2C1_Init      main.o
    0x08003c8c   0x00000040   Code   RO           17    i.MX_SPI2_Init      main.o
    0x08003ccc   0x00000002   Code   RO          340    i.MemManage_Handler  stm32f1xx_it.o
    0x08003cce   0x00000002   Code   RO          341    i.NMI_Handler       stm32f1xx_it.o
    0x08003cd0   0x00000020   Code   RO         3134    i.NVIC_SetPriority  stm32f1xx_hal_cortex.o
    0x08003cf0   0x00000002   Code   RO          342    i.PendSV_Handler    stm32f1xx_it.o
    0x08003cf2   0x00000012   Code   RO          748    i.RTC_BCD2DEC       rtc.o
    0x08003d04   0x000000e4   Code   RO          749    i.RTC_ClearAlarm1   rtc.o
    0x08003de8   0x00000016   Code   RO          750    i.RTC_DEC2BCD       rtc.o
    0x08003dfe   0x00000002   PAD
    0x08003e00   0x00000124   Code   RO          753    i.RTC_GetTime       rtc.o
    0x08003f24   0x000000c4   Code   RO          755    i.RTC_SetTime       rtc.o
    0x08003fe8   0x000000c4   Code   RO          574    i.ReadLongFile      sd.o
    0x080040ac   0x00000056   Code   RO          577    i.SD_Read_Block     sd.o
    0x08004102   0x00000002   PAD
    0x08004104   0x00000058   Code   RO          578    i.SD_Read_File      sd.o
    0x0800415c   0x00000064   Code   RO          579    i.SD_Write_Block    sd.o
    0x080041c0   0x00000090   Code   RO          580    i.SD_Write_File     sd.o
    0x08004250   0x00000072   Code   RO          581    i.SD_cmd            sd.o
    0x080042c2   0x00000002   PAD
    0x080042c4   0x00000020   Code   RO          882    i.SIM_Delete_BufReply  sim800c.o
    0x080042e4   0x00000024   Code   RO          884    i.SIM_Delete_Reply  sim800c.o
    0x08004308   0x00000028   Code   RO          885    i.SIM_Delete_ResponseEx  sim800c.o
    0x08004330   0x0000001c   Code   RO          888    i.SIM_Send          sim800c.o
    0x0800434c   0x00000110   Code   RO          891    i.SIM_begin         sim800c.o
    0x0800445c   0x00000130   Code   RO          892    i.SIM_checkAccount  sim800c.o
    0x0800458c   0x00000070   Code   RO          899    i.SIM_replyCommand  sim800c.o
    0x080045fc   0x00000068   Code   RO          900    i.SIM_replyCommandResponse  sim800c.o
    0x08004664   0x00000014   Code   RO          902    i.SIM_sendCommand   sim800c.o
    0x08004678   0x0000002c   Code   RO          903    i.SIM_sendCommandResponse  sim800c.o
    0x080046a4   0x00000020   Code   RO         2446    i.SPI_CheckFlag_BSY  stm32f1xx_hal_spi.o
    0x080046c4   0x00000006   Code   RO          582    i.SPI_ReceiveByte   sd.o
    0x080046ca   0x00000006   Code   RO          583    i.SPI_Release       sd.o
    0x080046d0   0x00000096   Code   RO         2465    i.SPI_WaitFlagStateUntilTimeout  stm32f1xx_hal_spi.o
    0x08004766   0x00000020   Code   RO          585    i.SPI_wait_ready    sd.o
    0x08004786   0x00000002   PAD
    0x08004788   0x00000038   Code   RO          586    i.SPIx_WriteRead    sd.o
    0x080047c0   0x00000002   Code   RO          343    i.SVC_Handler       stm32f1xx_it.o
    0x080047c2   0x0000000e   Code   RO          344    i.SysTick_Handler   stm32f1xx_it.o
    0x080047d0   0x00000076   Code   RO           18    i.SystemClock_Config  main.o
    0x08004846   0x00000002   PAD
    0x08004848   0x00000048   Code   RO         1057    i.SystemInit        system_stm32f1xx.o
    0x08004890   0x00000010   Code   RO         2087    i.UART_DMAAbortOnError  stm32f1xx_hal_uart.o
    0x080048a0   0x0000001c   Code   RO         2097    i.UART_EndRxTransfer  stm32f1xx_hal_uart.o
    0x080048bc   0x00000096   Code   RO         2099    i.UART_Receive_IT   stm32f1xx_hal_uart.o
    0x08004952   0x00000002   PAD
    0x08004954   0x00000170   Code   RO         2100    i.UART_SetConfig    stm32f1xx_hal_uart.o
    0x08004ac4   0x00000062   Code   RO         2101    i.UART_Transmit_IT  stm32f1xx_hal_uart.o
    0x08004b26   0x00000064   Code   RO         2102    i.UART_WaitOnFlagUntilTimeout  stm32f1xx_hal_uart.o
    0x08004b8a   0x00000002   PAD
    0x08004b8c   0x0000000c   Code   RO          345    i.USART1_IRQHandler  stm32f1xx_it.o
    0x08004b98   0x0000000c   Code   RO          346    i.USART2_IRQHandler  stm32f1xx_it.o
    0x08004ba4   0x0000000c   Code   RO          347    i.USART3_IRQHandler  stm32f1xx_it.o
    0x08004bb0   0x00000020   Code   RO          227    i.USER_initialize   user_diskio.o
    0x08004bd0   0x00000040   Code   RO          228    i.USER_ioctl        user_diskio.o
    0x08004c10   0x00000048   Code   RO          229    i.USER_read         user_diskio.o
    0x08004c58   0x00000010   Code   RO          230    i.USER_status       user_diskio.o
    0x08004c68   0x00000050   Code   RO          231    i.USER_write        user_diskio.o
    0x08004cb8   0x00000002   Code   RO          348    i.UsageFault_Handler  stm32f1xx_it.o
    0x08004cba   0x00000002   Code   RO           19    i._Error_Handler    main.o
    0x08004cbc   0x00000020   Code   RO         4165    i.__0printf         mc_w.l(printfa.o)
    0x08004cdc   0x00000028   Code   RO         4167    i.__0sprintf        mc_w.l(printfa.o)
    0x08004d04   0x0000000c   Code   RO         4235    i.__read_errno      mc_w.l(errno.o)
    0x08004d10   0x0000000e   Code   RO         4303    i.__scatterload_copy  mc_w.l(handlers.o)
    0x08004d1e   0x00000002   Code   RO         4304    i.__scatterload_null  mc_w.l(handlers.o)
    0x08004d20   0x0000000e   Code   RO         4305    i.__scatterload_zeroinit  mc_w.l(handlers.o)
    0x08004d2e   0x00000002   PAD
    0x08004d30   0x0000000c   Code   RO         4236    i.__set_errno       mc_w.l(errno.o)
    0x08004d3c   0x00000164   Code   RO         4172    i._fp_digits        mc_w.l(printfa.o)
    0x08004ea0   0x0000000e   Code   RO         4288    i._is_digit         mc_w.l(scanf_fp.o)
    0x08004eae   0x00000002   PAD
    0x08004eb0   0x000006dc   Code   RO         4173    i._printf_core      mc_w.l(printfa.o)
    0x0800558c   0x00000024   Code   RO         4174    i._printf_post_padding  mc_w.l(printfa.o)
    0x080055b0   0x0000002e   Code   RO         4175    i._printf_pre_padding  mc_w.l(printfa.o)
    0x080055de   0x0000000a   Code   RO         4177    i._sputc            mc_w.l(printfa.o)
    0x080055e8   0x0000002a   Code   RO         3908    i.atof              m_ws.l(atof.o)
    0x08005612   0x00000002   PAD
    0x08005614   0x00000060   Code   RO         1094    i.check_fs          ff.o
    0x08005674   0x00000010   Code   RO         1095    i.chk_chr           ff.o
    0x08005684   0x00000068   Code   RO         1096    i.chk_lock          ff.o
    0x080056ec   0x00000024   Code   RO         1097    i.clear_lock        ff.o
    0x08005710   0x0000002e   Code   RO         1098    i.clmt_clust        ff.o
    0x0800573e   0x0000001c   Code   RO         1099    i.clust2sect        ff.o
    0x0800575a   0x000000a4   Code   RO         1100    i.create_chain      ff.o
    0x080057fe   0x00000002   PAD
    0x08005800   0x00000204   Code   RO         1101    i.create_name       ff.o
    0x08005a04   0x0000003c   Code   RO         1102    i.dec_lock          ff.o
    0x08005a40   0x00000140   Code   RO         1103    i.dir_find          ff.o
    0x08005b80   0x0000011c   Code   RO         1104    i.dir_next          ff.o
    0x08005c9c   0x000001c0   Code   RO         1106    i.dir_register      ff.o
    0x08005e5c   0x0000009a   Code   RO         1108    i.dir_sdi           ff.o
    0x08005ef6   0x00000002   PAD
    0x08005ef8   0x00000028   Code   RO         1434    i.disk_initialize   diskio.o
    0x08005f20   0x0000001c   Code   RO         1435    i.disk_ioctl        diskio.o
    0x08005f3c   0x0000001c   Code   RO         1436    i.disk_read         diskio.o
    0x08005f58   0x00000018   Code   RO         1437    i.disk_status       diskio.o
    0x08005f70   0x0000001c   Code   RO         1438    i.disk_write        diskio.o
    0x08005f8c   0x0000002a   Code   RO         1110    i.f_close           ff.o
    0x08005fb6   0x00000266   Code   RO         1114    i.f_lseek           ff.o
    0x0800621c   0x00000060   Code   RO         1117    i.f_mount           ff.o
    0x0800627c   0x000001f0   Code   RO         1118    i.f_open            ff.o
    0x0800646c   0x0000018e   Code   RO         1123    i.f_read            ff.o
    0x080065fa   0x000000a2   Code   RO         1127    i.f_sync            ff.o
    0x0800669c   0x000001c6   Code   RO         1131    i.f_write           ff.o
    0x08006862   0x00000002   PAD
    0x08006864   0x00000038   Code   RO         1571    i.ff_convert        ccsbcs_1.o
    0x0800689c   0x00000024   Code   RO         1572    i.ff_wtoupper       ccsbcs_1.o
    0x080068c0   0x0000026c   Code   RO         1132    i.find_volume       ff.o
    0x08006b2c   0x0000006a   Code   RO         1133    i.follow_path       ff.o
    0x08006b96   0x00000002   PAD
    0x08006b98   0x00000018   Code   RO           20    i.fputc             main.o
    0x08006bb0   0x00000080   Code   RO         1134    i.gen_numname       ff.o
    0x08006c30   0x000000e6   Code   RO         1135    i.get_fat           ff.o
    0x08006d16   0x00000004   Code   RO          294    i.get_fattime       fatfs.o
    0x08006d1a   0x0000003c   Code   RO         1137    i.get_ldnumber      ff.o
    0x08006d56   0x00000002   PAD
    0x08006d58   0x00000098   Code   RO         1138    i.inc_lock          ff.o
    0x08006df0   0x0000000e   Code   RO          906    i.indexOf           sim800c.o
    0x08006dfe   0x00000016   Code   RO         1139    i.ld_clust          ff.o
    0x08006e14   0x000001f8   Code   RO           21    i.main              main.o
    0x0800700c   0x00000012   Code   RO         1140    i.mem_cpy           ff.o
    0x0800701e   0x0000000e   Code   RO         1141    i.mem_set           ff.o
    0x0800702c   0x00000038   Code   RO         1142    i.move_window       ff.o
    0x08007064   0x0000011e   Code   RO         1143    i.put_fat           ff.o
    0x08007182   0x00000066   Code   RO         1145    i.remove_chain      ff.o
    0x080071e8   0x000001e4   Code   RO          587    i.sd_ini            sd.o
    0x080073cc   0x00000010   Code   RO         1146    i.st_clust          ff.o
    0x080073dc   0x0000001a   Code   RO         1147    i.sum_sfn           ff.o
    0x080073f6   0x000000a8   Code   RO         1148    i.sync_fs           ff.o
    0x0800749e   0x00000052   Code   RO         1149    i.sync_window       ff.o
    0x080074f0   0x0000002a   Code   RO         1150    i.validate          ff.o
    0x0800751a   0x00000010   Data   RO         1058    .constdata          system_stm32f1xx.o
    0x0800752a   0x00000008   Data   RO         1059    .constdata          system_stm32f1xx.o
    0x08007532   0x000000ba   Data   RO         1152    .constdata          ff.o
    0x080075ec   0x000004c0   Data   RO         1573    .constdata          ccsbcs_1.o
    0x08007aac   0x00000081   Data   RO         4259    .constdata          mc_w.l(ctype_o.o)
    0x08007b2d   0x00000003   PAD
    0x08007b30   0x00000004   Data   RO         4260    .constdata          mc_w.l(ctype_o.o)
    0x08007b34   0x00000020   Data   RO         4301    Region$$Table       anon$$obj.o


    Execution Region RW_IRAM1 (Base: 0x20000000, Size: 0x000045c8, Max: 0x00005000, ABSOLUTE)

    Base Addr    Size         Type   Attr      Idx    E Section Name        Object

    0x20000000   0x00000001   Data   RW          232    .data               user_diskio.o
    0x20000001   0x00000003   PAD
    0x20000004   0x00000014   Data   RW          233    .data               user_diskio.o
    0x20000018   0x00000005   Data   RW          297    .data               fatfs.o
    0x2000001d   0x00000003   PAD
    0x20000020   0x00000020   Data   RW          589    .data               sd.o
    0x20000040   0x00000004   Data   RW          688    .data               gpsneo.o
    0x20000044   0x00000004   Data   RW         1060    .data               system_stm32f1xx.o
    0x20000048   0x00000008   Data   RW         1153    .data               ff.o
    0x20000050   0x0000000c   Data   RW         1626    .data               stm32f1xx_hal.o
    0x2000005c   0x00000004   Data   RW         4225    .data               mc_w.l(stdout.o)
    0x20000060   0x00000004   Data   RW         4237    .data               mc_w.l(errno.o)
    0x20000064   0x000005e9   Zero   RW           22    .bss                main.o
    0x2000064d   0x00000003   PAD
    0x20000650   0x00000044   Zero   RW           23    .bss                main.o
    0x20000694   0x000032e0   Zero   RW          588    .bss                sd.o
    0x20003974   0x00000128   Zero   RW          687    .bss                gpsneo.o
    0x20003a9c   0x00000063   Zero   RW          757    .bss                rtc.o
    0x20003aff   0x00000001   PAD
    0x20003b00   0x000004a3   Zero   RW          907    .bss                sim800c.o
    0x20003fa3   0x00000001   PAD
    0x20003fa4   0x00000218   Zero   RW         1151    .bss                ff.o
    0x200041bc   0x0000000c   Zero   RW         1525    .bss                ff_gen_drv.o
    0x200041c8   0x00000400   Zero   RW            1    STACK               startup_stm32f103xb.o


==============================================================================

Image component sizes


      Code (inc. data)   RO Data    RW Data    ZI Data      Debug   Object Name

        92         12       1216          0          0       2011   ccsbcs_1.o
       148         22          0          0          0       3625   diskio.o
        32         10          0          5          0       1480   fatfs.o
      6662         88        186          8        536      40065   ff.o
        70          4          0          0         12       1603   ff_gen_drv.o
       790         78          0          4        296       4801   gpsneo.o
      1212        160          0          0       1581     451517   main.o
      1100         96          0          0         99       6812   rtc.o
      1312        192          0         32      13024       9404   sd.o
      1430        482          0          0       1187       8219   sim800c.o
        36          8        236          0       1024        812   startup_stm32f103xb.o
       164         28          0         12          0       3897   stm32f1xx_hal.o
       612         24          0          0          0       3320   stm32f1xx_hal_adc.o
       228         14          0          0          0      27457   stm32f1xx_hal_cortex.o
       592         36          0          0          0       2759   stm32f1xx_hal_dma.o
       486         42          0          0          0       4096   stm32f1xx_hal_gpio.o
      4650         84          0          0          0      29990   stm32f1xx_hal_i2c.o
       740        116          0          0          0       3803   stm32f1xx_hal_msp.o
      1296        104          0          0          0       5692   stm32f1xx_hal_rcc.o
       236         12          0          0          0       1400   stm32f1xx_hal_rcc_ex.o
       654          0          0          0          0       3646   stm32f1xx_hal_spi.o
       130          0          0          0          0       1079   stm32f1xx_hal_spi_ex.o
      1402         10          0          0          0       9415   stm32f1xx_hal_uart.o
       124         36          0          0          0       7826   stm32f1xx_it.o
         0          0          0          0          0        528   syscall.o
        72         16         24          4          0       1187   system_stm32f1xx.o
       264         30          0         21          0       4057   user_diskio.o

    ----------------------------------------------------------------------
     24582       1704       1694         92      17764     640501   Object Totals
         0          0         32          0          0          0   (incl. Generated)
        48          0          0          6          5          0   (incl. Padding)

    ----------------------------------------------------------------------

      Code (inc. data)   RO Data    RW Data    ZI Data      Debug   Library Member Name

        42          0          0          0          0         84   atof.o
        64          0          0          0          0         84   _sgetc.o
         8          4        133          0          0         68   ctype_o.o
         0          0          0          0          0          0   entry.o
         0          0          0          0          0          0   entry10a.o
         0          0          0          0          0          0   entry11a.o
         8          4          0          0          0          0   entry2.o
         4          0          0          0          0          0   entry5.o
         0          0          0          0          0          0   entry7b.o
         0          0          0          0          0          0   entry8b.o
         8          4          0          0          0          0   entry9a.o
        24         12          0          4          0        136   errno.o
        30          0          0          0          0          0   handlers.o
        36          8          0          0          0         68   init.o
        18          0          0          0          0         76   isspace_o.o
         0          0          0          0          0          0   iusefp.o
        30          0          0          0          0         68   llshl.o
        36          0          0          0          0         68   llsshr.o
        32          0          0          0          0         68   llushr.o
        36          0          0          0          0         68   memcpya.o
      2276         96          0          0          0        596   printfa.o
       838         12          0          0          0        216   scanf_fp.o
         0          0          0          4          0          0   stdout.o
        18          0          0          0          0         68   strcpy.o
        14          0          0          0          0         68   strlen.o
        36          0          0          0          0         80   strstr.o
       156         14          0          0          0        120   strtod.o
        44          0          0          0          0         80   uidiv.o
        98          0          0          0          0         92   uldiv.o
        48          0          0          0          0         68   cdrcmple.o
        56          0          0          0          0         88   d2f.o
       334          0          0          0          0        148   dadd.o
       222          0          0          0          0        100   ddiv.o
       186          0          0          0          0        176   depilogue.o
        48          0          0          0          0         68   dfixul.o
        24          0          0          0          0         76   dfltul.o
       228          0          0          0          0         96   dmul.o
        38          0          0          0          0         68   f2d.o
       110          0          0          0          0        168   fepilogue.o

    ----------------------------------------------------------------------
      5160        154        136          8          0       3164   Library Totals
        10          0          3          0          0          0   (incl. Padding)

    ----------------------------------------------------------------------

      Code (inc. data)   RO Data    RW Data    ZI Data      Debug   Library Name

        42          0          0          0          0         84   m_ws.l
      3814        154        133          8          0       2024   mc_w.l
      1294          0          0          0          0       1056   mf_w.l

    ----------------------------------------------------------------------
      5160        154        136          8          0       3164   Library Totals

    ----------------------------------------------------------------------

==============================================================================


      Code (inc. data)   RO Data    RW Data    ZI Data      Debug   

     29742       1858       1830        100      17764     631545   Grand Totals
     29742       1858       1830        100      17764     631545   ELF Image Totals
     29742       1858       1830        100          0          0   ROM Totals

==============================================================================

    Total RO  Size (Code + RO Data)                31572 (  30.83kB)
    Total RW  Size (RW Data + ZI Data)             17864 (  17.45kB)
    Total ROM Size (Code + RO Data + RW Data)      31672 (  30.93kB)

==============================================================================

