Component: ARM Compiler 5.06 update 1 (build 61) Tool: armlink [4d35a8]

==============================================================================

Section Cross References

    startup_stm32f103xb.o(RESET) refers to startup_stm32f103xb.o(STACK) for __initial_sp
    startup_stm32f103xb.o(RESET) refers to startup_stm32f103xb.o(.text) for Reset_Handler
    startup_stm32f103xb.o(RESET) refers to stm32f1xx_it.o(i.NMI_Handler) for NMI_Handler
    startup_stm32f103xb.o(RESET) refers to stm32f1xx_it.o(i.HardFault_Handler) for HardFault_Handler
    startup_stm32f103xb.o(RESET) refers to stm32f1xx_it.o(i.MemManage_Handler) for MemManage_Handler
    startup_stm32f103xb.o(RESET) refers to stm32f1xx_it.o(i.BusFault_Handler) for BusFault_Handler
    startup_stm32f103xb.o(RESET) refers to stm32f1xx_it.o(i.UsageFault_Handler) for UsageFault_Handler
    startup_stm32f103xb.o(RESET) refers to stm32f1xx_it.o(i.SVC_Handler) for SVC_Handler
    startup_stm32f103xb.o(RESET) refers to stm32f1xx_it.o(i.DebugMon_Handler) for DebugMon_Handler
    startup_stm32f103xb.o(RESET) refers to stm32f1xx_it.o(i.PendSV_Handler) for PendSV_Handler
    startup_stm32f103xb.o(RESET) refers to stm32f1xx_it.o(i.SysTick_Handler) for SysTick_Handler
    startup_stm32f103xb.o(RESET) refers to stm32f1xx_it.o(i.EXTI4_IRQHandler) for EXTI4_IRQHandler
    startup_stm32f103xb.o(RESET) refers to stm32f1xx_it.o(i.DMA1_Channel1_IRQHandler) for DMA1_Channel1_IRQHandler
    startup_stm32f103xb.o(RESET) refers to stm32f1xx_it.o(i.EXTI9_5_IRQHandler) for EXTI9_5_IRQHandler
    startup_stm32f103xb.o(RESET) refers to stm32f1xx_it.o(i.I2C1_EV_IRQHandler) for I2C1_EV_IRQHandler
    startup_stm32f103xb.o(RESET) refers to stm32f1xx_it.o(i.I2C1_ER_IRQHandler) for I2C1_ER_IRQHandler
    startup_stm32f103xb.o(RESET) refers to stm32f1xx_it.o(i.USART1_IRQHandler) for USART1_IRQHandler
    startup_stm32f103xb.o(RESET) refers to stm32f1xx_it.o(i.USART2_IRQHandler) for USART2_IRQHandler
    startup_stm32f103xb.o(RESET) refers to stm32f1xx_it.o(i.USART3_IRQHandler) for USART3_IRQHandler
    startup_stm32f103xb.o(RESET) refers to stm32f1xx_it.o(i.EXTI15_10_IRQHandler) for EXTI15_10_IRQHandler
    startup_stm32f103xb.o(.text) refers to system_stm32f1xx.o(i.SystemInit) for SystemInit
    startup_stm32f103xb.o(.text) refers to entry.o(.ARM.Collect$$$$00000000) for __main
    main.o(i.HAL_GPIO_EXTI_Callback) refers to printf8.o(i.__0printf$8) for __2printf
    main.o(i.MX_ADC1_Init) refers to stm32f1xx_hal_adc.o(i.HAL_ADC_Init) for HAL_ADC_Init
    main.o(i.MX_ADC1_Init) refers to stm32f1xx_hal_adc.o(i.HAL_ADC_ConfigChannel) for HAL_ADC_ConfigChannel
    main.o(i.MX_ADC1_Init) refers to main.o(.bss) for .bss
    main.o(i.MX_GPIO_Init) refers to stm32f1xx_hal_gpio.o(i.HAL_GPIO_WritePin) for HAL_GPIO_WritePin
    main.o(i.MX_GPIO_Init) refers to stm32f1xx_hal_gpio.o(i.HAL_GPIO_Init) for HAL_GPIO_Init
    main.o(i.MX_GPIO_Init) refers to stm32f1xx_hal_cortex.o(i.HAL_NVIC_SetPriority) for HAL_NVIC_SetPriority
    main.o(i.MX_GPIO_Init) refers to stm32f1xx_hal_cortex.o(i.HAL_NVIC_EnableIRQ) for HAL_NVIC_EnableIRQ
    main.o(i.MX_I2C1_Init) refers to stm32f1xx_hal_i2c.o(i.HAL_I2C_Init) for HAL_I2C_Init
    main.o(i.MX_I2C1_Init) refers to main.o(.bss) for .bss
    main.o(i.MX_SPI2_Init) refers to stm32f1xx_hal_spi_ex.o(i.HAL_SPI_Init) for HAL_SPI_Init
    main.o(i.MX_SPI2_Init) refers to main.o(.bss) for .bss
    main.o(i.SystemClock_Config) refers to stm32f1xx_hal_rcc.o(i.HAL_RCC_OscConfig) for HAL_RCC_OscConfig
    main.o(i.SystemClock_Config) refers to stm32f1xx_hal_rcc.o(i.HAL_RCC_ClockConfig) for HAL_RCC_ClockConfig
    main.o(i.SystemClock_Config) refers to stm32f1xx_hal_rcc_ex.o(i.HAL_RCCEx_PeriphCLKConfig) for HAL_RCCEx_PeriphCLKConfig
    main.o(i.SystemClock_Config) refers to stm32f1xx_hal_rcc.o(i.HAL_RCC_GetHCLKFreq) for HAL_RCC_GetHCLKFreq
    main.o(i.SystemClock_Config) refers to stm32f1xx_hal_cortex.o(i.HAL_SYSTICK_Config) for HAL_SYSTICK_Config
    main.o(i.SystemClock_Config) refers to stm32f1xx_hal_cortex.o(i.HAL_SYSTICK_CLKSourceConfig) for HAL_SYSTICK_CLKSourceConfig
    main.o(i.SystemClock_Config) refers to stm32f1xx_hal_cortex.o(i.HAL_NVIC_SetPriority) for HAL_NVIC_SetPriority
    main.o(i.fputc) refers to stm32f1xx_hal_uart.o(i.HAL_UART_Transmit) for HAL_UART_Transmit
    main.o(i.fputc) refers to main.o(.bss) for .bss
    main.o(i.main) refers to stm32f1xx_hal.o(i.HAL_Init) for HAL_Init
    main.o(i.main) refers to main.o(i.SystemClock_Config) for SystemClock_Config
    main.o(i.main) refers to main.o(i.MX_GPIO_Init) for MX_GPIO_Init
    main.o(i.main) refers to stm32f1xx_hal_cortex.o(i.HAL_NVIC_SetPriority) for HAL_NVIC_SetPriority
    main.o(i.main) refers to stm32f1xx_hal_cortex.o(i.HAL_NVIC_EnableIRQ) for HAL_NVIC_EnableIRQ
    main.o(i.main) refers to stm32f1xx_hal_uart.o(i.HAL_UART_Init) for HAL_UART_Init
    main.o(i.main) refers to fatfs.o(i.MX_FATFS_Init) for MX_FATFS_Init
    main.o(i.main) refers to main.o(i.MX_I2C1_Init) for MX_I2C1_Init
[...]
    i.MX_I2C1_Init                           0x08003f1c   Section        0  main.o(i.MX_I2C1_Init)
    MX_I2C1_Init                             0x08003f1d   Thumb Code    44  main.o(i.MX_I2C1_Init)
    i.MX_SPI2_Init                           0x08003f54   Section        0  main.o(i.MX_SPI2_Init)
    MX_SPI2_Init                             0x08003f55   Thumb Code    54  main.o(i.MX_SPI2_Init)
    i.MemManage_Handler                      0x08003f94   Section        0  stm32f1xx_it.o(i.MemManage_Handler)
    i.NMI_Handler                            0x08003f96   Section        0  stm32f1xx_it.o(i.NMI_Handler)
    i.NVIC_SetPriority                       0x08003f98   Section        0  stm32f1xx_hal_cortex.o(i.NVIC_SetPriority)
    NVIC_SetPriority                         0x08003f99   Thumb Code    32  stm32f1xx_hal_cortex.o(i.NVIC_SetPriority)
    i.PMS7003_ReceiveData                    0x08003fb8   Section        0  pms7003.o(i.PMS7003_ReceiveData)
    i.PendSV_Handler                         0x08004078   Section        0  stm32f1xx_it.o(i.PendSV_Handler)
    i.RTC_BCD2DEC                            0x0800407a   Section        0  rtc.o(i.RTC_BCD2DEC)
    i.RTC_DEC2BCD                            0x0800408c   Section        0  rtc.o(i.RTC_DEC2BCD)
    i.RTC_GetTime                            0x080040a4   Section        0  rtc.o(i.RTC_GetTime)
    i.RTC_SetTime                            0x080041c8   Section        0  rtc.o(i.RTC_SetTime)
    i.ReadLongFile                           0x0800428c   Section        0  sd.o(i.ReadLongFile)
    i.SD_Push_Data                           0x08004350   Section        0  sd.o(i.SD_Push_Data)
    i.SD_Read_Block                          0x0800445c   Section        0  sd.o(i.SD_Read_Block)
    i.SD_Read_File                           0x080044b4   Section        0  sd.o(i.SD_Read_File)
    i.SD_Write_Block                         0x0800450c   Section        0  sd.o(i.SD_Write_Block)
    i.SD_Write_File                          0x08004570   Section        0  sd.o(i.SD_Write_File)
    i.SD_cmd                                 0x08004600   Section        0  sd.o(i.SD_cmd)
    SD_cmd                                   0x08004601   Thumb Code   114  sd.o(i.SD_cmd)
    i.SIM_Delete_BufReply                    0x08004674   Section        0  sim800c.o(i.SIM_Delete_BufReply)
    i.SIM_Delete_Reply                       0x08004694   Section        0  sim800c.o(i.SIM_Delete_Reply)
    i.SIM_Delete_ResponseEx                  0x080046b8   Section        0  sim800c.o(i.SIM_Delete_ResponseEx)
    i.SIM_Send                               0x080046e0   Section        0  sim800c.o(i.SIM_Send)
    i.SIM_Send_Int                           0x080046fc   Section        0  sim800c.o(i.SIM_Send_Int)
    i.SIM_begin                              0x08004758   Section        0  sim800c.o(i.SIM_begin)
    i.SIM_checkAccount                       0x08004868   Section        0  sim800c.o(i.SIM_checkAccount)
    i.SIM_connectTCP                         0x08004998   Section        0  sim800c.o(i.SIM_connectTCP)
    i.SIM_disconnectTCP                      0x08004a2c   Section        0  sim800c.o(i.SIM_disconnectTCP)
    i.SIM_getTCP                             0x08004a78   Section        0  sim800c.o(i.SIM_getTCP)
    i.SIM_replyCommand                       0x08004cd0   Section        0  sim800c.o(i.SIM_replyCommand)
    i.SIM_replyCommandResponse               0x08004d3c   Section        0  sim800c.o(i.SIM_replyCommandResponse)
    i.SIM_sendCommand                        0x08004dbc   Section        0  sim800c.o(i.SIM_sendCommand)
    i.SIM_sendCommandResponse                0x08004dd0   Section        0  sim800c.o(i.SIM_sendCommandResponse)
    i.SPI_CheckFlag_BSY                      0x08004dfc   Section        0  stm32f1xx_hal_spi.o(i.SPI_CheckFlag_BSY)
    SPI_CheckFlag_BSY                        0x08004dfd   Thumb Code    32  stm32f1xx_hal_spi.o(i.SPI_CheckFlag_BSY)
    i.SPI_ReceiveByte                        0x08004e1c   Section        0  sd.o(i.SPI_ReceiveByte)
    i.SPI_Release                            0x08004e22   Section        0  sd.o(i.SPI_Release)
    i.SPI_WaitFlagStateUntilTimeout          0x08004e28   Section        0  stm32f1xx_hal_spi.o(i.SPI_WaitFlagStateUntilTimeout)
    SPI_WaitFlagStateUntilTimeout            0x08004e29   Thumb Code   150  stm32f1xx_hal_spi.o(i.SPI_WaitFlagStateUntilTimeout)
    i.SPI_wait_ready                         0x08004ebe   Section        0  sd.o(i.SPI_wait_ready)
    i.SPIx_WriteRead                         0x08004ee0   Section        0  sd.o(i.SPIx_WriteRead)
    i.SVC_Handler                            0x08004f18   Section        0  stm32f1xx_it.o(i.SVC_Handler)
    i.Sensor_Convertdata                     0x08004f1c   Section        0  sensor.o(i.Sensor_Convertdata)
    i.SysTick_Handler                        0x0800504c   Section        0  stm32f1xx_it.o(i.SysTick_Handler)
    i.SystemClock_Config                     0x0800505a   Section        0  main.o(i.SystemClock_Config)
    i.SystemInit                             0x080050d0   Section        0  system_stm32f1xx.o(i.SystemInit)
    i.UART_DMAAbortOnError                   0x08005118   Section        0  stm32f1xx_hal_uart.o(i.UART_DMAAbortOnError)
    UART_DMAAbortOnError                     0x08005119   Thumb Code    16  stm32f1xx_hal_uart.o(i.UART_DMAAbortOnError)
    i.UART_EndRxTransfer                     0x08005128   Section        0  stm32f1xx_hal_uart.o(i.UART_EndRxTransfer)
    UART_EndRxTransfer                       0x08005129   Thumb Code    28  stm32f1xx_hal_uart.o(i.UART_EndRxTransfer)
    i.UART_Receive_IT                        0x08005144   Section        0  stm32f1xx_hal_uart.o(i.UART_Receive_IT)
    UART_Receive_IT                          0x08005145   Thumb Code   150  stm32f1xx_hal_uart.o(i.UART_Receive_IT)
    i.UART_SetConfig                         0x080051dc   Section        0  stm32f1xx_hal_uart.o(i.UART_SetConfig)
    UART_SetConfig                           0x080051dd   Thumb Code   364  stm32f1xx_hal_uart.o(i.UART_SetConfig)
    i.UART_Transmit_IT                       0x0800534c   Section        0  stm32f1xx_hal_uart.o(i.UART_Transmit_IT)
    UART_Transmit_IT                         0x0800534d   Thumb Code    98  stm32f1xx_hal_uart.o(i.UART_Transmit_IT)
    i.UART_WaitOnFlagUntilTimeout            0x080053ae   Section        0  stm32f1xx_hal_uart.o(i.UART_WaitOnFlagUntilTimeout)
    UART_WaitOnFlagUntilTimeout              0x080053af   Thumb Code   100  stm32f1xx_hal_uart.o(i.UART_WaitOnFlagUntilTimeout)
    i.USART1_IRQHandler                      0x08005414   Section        0  stm32f1xx_it.o(i.USART1_IRQHandler)
    i.USART2_IRQHandler                      0x08005420   Section        0  stm32f1xx_it.o(i.USART2_IRQHandler)
    i.USART3_IRQHandler                      0x0800542c   Section        0  stm32f1xx_it.o(i.USART3_IRQHandler)
    i.USER_initialize                        0x08005438   Section        0  user_diskio.o(i.USER_initialize)
    i.USER_ioctl                             0x08005458   Section        0  user_diskio.o(i.USER_ioctl)
    i.USER_read                              0x08005498   Section        0  user_diskio.o(i.USER_read)
    i.USER_status                            0x080054e0   Section        0  user_diskio.o(i.USER_status)
    i.USER_write                             0x080054f0   Section        0  user_diskio.o(i.USER_write)
    i.UsageFault_Handler                     0x08005540   Section        0  stm32f1xx_it.o(i.UsageFault_Handler)
    i._Error_Handler                         0x08005542   Section        0  main.o(i._Error_Handler)
    i.__0printf$8                            0x08005544   Section        0  printf8.o(i.__0printf$8)
    i.__0sprintf$8                           0x08005564   Section        0  printf8.o(i.__0sprintf$8)
    i.__read_errno                           0x0800558c   Section        0  errno.o(i.__read_errno)
    i.__scatterload_copy                     0x08005598   Section       14  handlers.o(i.__scatterload_copy)
    i.__scatterload_null                     0x080055a6   Section        2  handlers.o(i.__scatterload_null)
    i.__scatterload_zeroinit                 0x080055a8   Section       14  handlers.o(i.__scatterload_zeroinit)
    i.__set_errno                            0x080055b8   Section        0  errno.o(i.__set_errno)
    i._is_digit                              0x080055c4   Section        0  scanf_fp.o(i._is_digit)
    i._printf_core                           0x080055d4   Section        0  printf8.o(i._printf_core)
    _printf_core                             0x080055d5   Thumb Code   996  printf8.o(i._printf_core)
    i._printf_post_padding                   0x080059e4   Section        0  printf8.o(i._printf_post_padding)
    _printf_post_padding                     0x080059e5   Thumb Code    36  printf8.o(i._printf_post_padding)
    i._printf_pre_padding                    0x08005a08   Section        0  printf8.o(i._printf_pre_padding)
    _printf_pre_padding                      0x08005a09   Thumb Code    46  printf8.o(i._printf_pre_padding)
    i._sputc                                 0x08005a36   Section        0  printf8.o(i._sputc)
    _sputc                                   0x08005a37   Thumb Code    10  printf8.o(i._sputc)
    i.atof                                   0x08005a40   Section        0  atof.o(i.atof)
    i.check_fs                               0x08005a6c   Section        0  ff.o(i.check_fs)
    check_fs                                 0x08005a6d   Thumb Code    90  ff.o(i.check_fs)
    i.chk_chr                                0x08005acc   Section        0  ff.o(i.chk_chr)
    chk_chr                                  0x08005acd   Thumb Code    16  ff.o(i.chk_chr)
    i.chk_lock                               0x08005adc   Section        0  ff.o(i.chk_lock)
    chk_lock                                 0x08005add   Thumb Code   100  ff.o(i.chk_lock)
    i.clear_lock                             0x08005b44   Section        0  ff.o(i.clear_lock)
    clear_lock                               0x08005b45   Thumb Code    32  ff.o(i.clear_lock)
    i.clmt_clust                             0x08005b68   Section        0  ff.o(i.clmt_clust)
    clmt_clust                               0x08005b69   Thumb Code    46  ff.o(i.clmt_clust)
    i.clust2sect                             0x08005b96   Section        0  ff.o(i.clust2sect)
    i.create_chain                           0x08005bb2   Section        0  ff.o(i.create_chain)
    create_chain                             0x08005bb3   Thumb Code   164  ff.o(i.create_chain)
    i.create_name                            0x08005c58   Section        0  ff.o(i.create_name)
    create_name                              0x08005c59   Thumb Code   492  ff.o(i.create_name)
    i.dec_lock                               0x08005e5c   Section        0  ff.o(i.dec_lock)
    dec_lock                                 0x08005e5d   Thumb Code    54  ff.o(i.dec_lock)
    i.dir_find                               0x08005e98   Section        0  ff.o(i.dir_find)
    dir_find                                 0x08005e99   Thumb Code   314  ff.o(i.dir_find)
    i.dir_next                               0x08005fd8   Section        0  ff.o(i.dir_next)
    dir_next                                 0x08005fd9   Thumb Code   284  ff.o(i.dir_next)
    i.dir_register                           0x080060f4   Section        0  ff.o(i.dir_register)
    dir_register                             0x080060f5   Thumb Code   444  ff.o(i.dir_register)
    i.dir_sdi                                0x080062b4   Section        0  ff.o(i.dir_sdi)
    dir_sdi                                  0x080062b5   Thumb Code   154  ff.o(i.dir_sdi)
    i.disk_initialize                        0x08006350   Section        0  diskio.o(i.disk_initialize)
    i.disk_ioctl                             0x08006378   Section        0  diskio.o(i.disk_ioctl)
    i.disk_read                              0x08006394   Section        0  diskio.o(i.disk_read)
    i.disk_status                            0x080063b0   Section        0  diskio.o(i.disk_status)
    i.disk_write                             0x080063c8   Section        0  diskio.o(i.disk_write)
    i.f_close                                0x080063e4   Section        0  ff.o(i.f_close)
    i.f_lseek                                0x0800640e   Section        0  ff.o(i.f_lseek)
    i.f_mount                                0x08006674   Section        0  ff.o(i.f_mount)
    i.f_open                                 0x080066d4   Section        0  ff.o(i.f_open)
    i.f_read                                 0x080068c4   Section        0  ff.o(i.f_read)
    i.f_sync                                 0x08006a52   Section        0  ff.o(i.f_sync)
    i.f_write                                0x08006af4   Section        0  ff.o(i.f_write)
    i.ff_convert                             0x08006cbc   Section        0  ccsbcs_1.o(i.ff_convert)
    i.ff_wtoupper                            0x08006cf4   Section        0  ccsbcs_1.o(i.ff_wtoupper)
    i.find_volume                            0x08006d18   Section        0  ff.o(i.find_volume)
    find_volume                              0x08006d19   Thumb Code   606  ff.o(i.find_volume)
    i.follow_path                            0x08006f84   Section        0  ff.o(i.follow_path)
    follow_path                              0x08006f85   Thumb Code   106  ff.o(i.follow_path)
    i.fputc                                  0x08006ff0   Section        0  main.o(i.fputc)
    i.gen_numname                            0x08007008   Section        0  ff.o(i.gen_numname)
    gen_numname                              0x08007009   Thumb Code   122  ff.o(i.gen_numname)
    i.get_fat                                0x08007088   Section        0  ff.o(i.get_fat)
    i.get_fattime                            0x0800716e   Section        0  fatfs.o(i.get_fattime)
    i.get_ldnumber                           0x08007172   Section        0  ff.o(i.get_ldnumber)
    get_ldnumber                             0x08007173   Thumb Code    60  ff.o(i.get_ldnumber)
    i.inc_lock                               0x080071b0   Section        0  ff.o(i.inc_lock)
    inc_lock                                 0x080071b1   Thumb Code   146  ff.o(i.inc_lock)
    i.indexOf                                0x08007248   Section        0  sim800c.o(i.indexOf)
    i.ld_clust                               0x08007256   Section        0  ff.o(i.ld_clust)
    ld_clust                                 0x08007257   Thumb Code    22  ff.o(i.ld_clust)
    i.main                                   0x0800726c   Section        0  main.o(i.main)
    i.mem_cpy                                0x080077b0   Section        0  ff.o(i.mem_cpy)
    mem_cpy                                  0x080077b1   Thumb Code    18  ff.o(i.mem_cpy)
    i.mem_set                                0x080077c2   Section        0  ff.o(i.mem_set)
    mem_set                                  0x080077c3   Thumb Code    14  ff.o(i.mem_set)
    i.move_window                            0x080077d0   Section        0  ff.o(i.move_window)
    move_window                              0x080077d1   Thumb Code    56  ff.o(i.move_window)
    i.put_fat                                0x08007808   Section        0  ff.o(i.put_fat)
    i.remove_chain                           0x08007926   Section        0  ff.o(i.remove_chain)
    remove_chain                             0x08007927   Thumb Code   102  ff.o(i.remove_chain)
    i.sd_ini                                 0x0800798c   Section        0  sd.o(i.sd_ini)
    i.st_clust                               0x08007b70   Section        0  ff.o(i.st_clust)
    st_clust                                 0x08007b71   Thumb Code    16  ff.o(i.st_clust)
    i.sum_sfn                                0x08007b80   Section        0  ff.o(i.sum_sfn)
    sum_sfn                                  0x08007b81   Thumb Code    26  ff.o(i.sum_sfn)
    i.sync_fs                                0x08007b9a   Section        0  ff.o(i.sync_fs)
    sync_fs                                  0x08007b9b   Thumb Code   168  ff.o(i.sync_fs)
    i.sync_window                            0x08007c42   Section        0  ff.o(i.sync_window)
    sync_window                              0x08007c43   Thumb Code    82  ff.o(i.sync_window)
    i.validate                               0x08007c94   Section        0  ff.o(i.validate)
    validate                                 0x08007c95   Thumb Code    42  ff.o(i.validate)
    .constdata                               0x08007cbe   Section       16  system_stm32f1xx.o(.constdata)
    .constdata                               0x08007cce   Section        8  system_stm32f1xx.o(.constdata)
    .constdata                               0x08007cd6   Section      186  ff.o(.constdata)
    ExCvt                                    0x08007cd6   Data         128  ff.o(.constdata)
    LfnOfs                                   0x08007d56   Data          13  ff.o(.constdata)
    vst                                      0x08007d64   Data          22  ff.o(.constdata)
    cst                                      0x08007d7a   Data          22  ff.o(.constdata)
    .constdata                               0x08007d90   Section     1216  ccsbcs_1.o(.constdata)
    Tbl                                      0x08007d90   Data         256  ccsbcs_1.o(.constdata)
    tbl_lower                                0x08007e90   Data         480  ccsbcs_1.o(.constdata)
    tbl_upper                                0x08008070   Data         480  ccsbcs_1.o(.constdata)
    .constdata                               0x08008250   Section      129  ctype_o.o(.constdata)
    .constdata                               0x080082d4   Section        4  ctype_o.o(.constdata)
    table                                    0x080082d4   Data           4  ctype_o.o(.constdata)
    .data                                    0x20000000   Section        1  user_diskio.o(.data)
    Stat                                     0x20000000   Data           1  user_diskio.o(.data)
    .data                                    0x20000004   Section       20  user_diskio.o(.data)
    .data                                    0x20000018   Section        5  fatfs.o(.data)
    .data                                    0x20000020   Section       32  sd.o(.data)
    .data                                    0x20000040   Section        1  gpsneo.o(.data)
    .data                                    0x20000044   Section        4  system_stm32f1xx.o(.data)
    .data                                    0x20000048   Section        8  ff.o(.data)
    Fsid                                     0x20000048   Data           2  ff.o(.data)
    FatFs                                    0x2000004c   Data           4  ff.o(.data)
    .data                                    0x20000050   Section       12  stm32f1xx_hal.o(.data)
    .data                                    0x2000005c   Section        4  stdout.o(.data)
    .data                                    0x20000060   Section        4  errno.o(.data)
    _errno                                   0x20000060   Data           4  errno.o(.data)
    .bss                                     0x20000064   Section     1895  main.o(.bss)
    .bss                                     0x200007cc   Section       68  main.o(.bss)
    .bss                                     0x20000810   Section       42  pms7003.o(.bss)
    .bss                                     0x2000083c   Section    13024  sd.o(.bss)
    .bss                                     0x20003b1c   Section      308  gpsneo.o(.bss)
    .bss                                     0x20003c50   Section      101  rtc.o(.bss)
    .bss                                     0x20003cb8   Section     1331  sim800c.o(.bss)
    .bss                                     0x200041ec   Section      536  ff.o(.bss)
    Files                                    0x200041ec   Data          24  ff.o(.bss)
    LfnBuf                                   0x20004204   Data         512  ff.o(.bss)
    .bss                                     0x20004404   Section       12  ff_gen_drv.o(.bss)
    STACK                                    0x20004410   Section     1024  startup_stm32f103xb.o(STACK)

    Global Symbols

    Symbol Name                              Value     Ov Type        Size  Object(Section)

    BuildAttributes$$THM_ISAv4$P$D$K$B$S$PE$A:L22UL41UL21$X:L11$S22US41US21$IEEE1$IW$USESV6$~STKCKD$USESV7$~SHL$OTIME$ROPI$IEEEJ$EBA8$MICROLIB$REQ8$PRES8$EABIv2 0x00000000   Number         0  anon$$obj.o ABSOLUTE
    __ARM_use_no_argv                        0x00000000   Number         0  main.o ABSOLUTE
    _printf_a                                0x00000000   Number         0  stubs.o ABSOLUTE
    _printf_c                                0x00000000   Number         0  stubs.o ABSOLUTE
    _printf_charcount                        0x00000000   Number         0  stubs.o ABSOLUTE
    _printf_d                                0x00000000   Number         0  stubs.o ABSOLUTE
    _printf_e                                0x00000000   Number         0  stubs.o ABSOLUTE
    _printf_f                                0x00000000   Number         0  stubs.o ABSOLUTE
    _printf_flags                            0x00000000   Number         0  stubs.o ABSOLUTE
    _printf_fp_dec                           0x00000000   Number         0  stubs.o ABSOLUTE
    _printf_fp_hex                           0x00000000   Number         0  stubs.o ABSOLUTE
    _printf_g                                0x00000000   Number         0  stubs.o ABSOLUTE
    _printf_i                                0x00000000   Number         0  stubs.o ABSOLUTE
    _printf_int_dec                          0x00000000   Number         0  stubs.o ABSOLUTE
    _printf_l                                0x00000000   Number         0  stubs.o ABSOLUTE
    _printf_lc                               0x00000000   Number         0  stubs.o ABSOLUTE
    _printf_ll                               0x00000000   Number         0  stubs.o ABSOLUTE
    _printf_lld                              0x00000000   Number         0  stubs.o ABSOLUTE
    _printf_lli                              0x00000000   Number         0  stubs.o ABSOLUTE
    _printf_llo                              0x00000000   Number         0  stubs.o ABSOLUTE
    _printf_llu                              0x00000000   Number         0  stubs.o ABSOLUTE
    _printf_llx                              0x00000000   Number         0  stubs.o ABSOLUTE
    _printf_longlong_dec                     0x00000000   Number         0  stubs.o ABSOLUTE
    _printf_longlong_hex                     0x00000000   Number         0  stubs.o ABSOLUTE
    _printf_longlong_oct                     0x00000000   Number         0  stubs.o ABSOLUTE
    _printf_ls                               0x00000000   Number         0  stubs.o ABSOLUTE
    _printf_mbtowc                           0x00000000   Number         0  stubs.o ABSOLUTE
    _printf_n                                0x00000000   Number         0  stubs.o ABSOLUTE
    _printf_o                                0x00000000   Number         0  stubs.o ABSOLUTE
    _printf_p                                0x00000000   Number         0  stubs.o ABSOLUTE
    _printf_percent                          0x00000000   Number         0  stubs.o ABSOLUTE
    _printf_pre_padding                      0x00000000   Number         0  stubs.o ABSOLUTE
    _printf_return_value                     0x00000000   Number         0  stubs.o ABSOLUTE
    _printf_s                                0x00000000   Number         0  stubs.o ABSOLUTE
    _printf_sizespec                         0x00000000   Number         0  stubs.o ABSOLUTE
    _printf_str                              0x00000000   Number         0  stubs.o ABSOLUTE
    _printf_truncate_signed                  0x00000000   Number         0  stubs.o ABSOLUTE
    _printf_truncate_unsigned                0x00000000   Number         0  stubs.o ABSOLUTE
    _printf_u                                0x00000000   Number         0  stubs.o ABSOLUTE
    _printf_wc                               0x00000000   Number         0  stubs.o ABSOLUTE
    _printf_wctomb                           0x00000000   Number         0  stubs.o ABSOLUTE
    _printf_widthprec                        0x00000000   Number         0  stubs.o ABSOLUTE
    _printf_x                                0x00000000   Number         0  stubs.o ABSOLUTE
    __cpp_initialize__aeabi_                  - Undefined Weak Reference
    __cxa_finalize                            - Undefined Weak Reference
    __decompress                              - Undefined Weak Reference
    _clock_init                               - Undefined Weak Reference
    _microlib_exit                            - Undefined Weak Reference
    __Vectors_Size                           0x000000ec   Number         0  startup_stm32f103xb.o ABSOLUTE
    __Vectors                                0x08000000   Data           4  startup_stm32f103xb.o(RESET)
    __Vectors_End                            0x080000ec   Data           0  startup_stm32f103xb.o(RESET)
    __main                                   0x080000ed   Thumb Code     0  entry.o(.ARM.Collect$$$$00000000)
    _main_stk                                0x080000ed   Thumb Code     0  entry2.o(.ARM.Collect$$$$00000001)
    _main_scatterload                        0x080000f1   Thumb Code     0  entry5.o(.ARM.Collect$$$$00000004)
    __main_after_scatterload                 0x080000f5   Thumb Code     0  entry5.o(.ARM.Collect$$$$00000004)
    _main_clock                              0x080000f5   Thumb Code     0  entry7b.o(.ARM.Collect$$$$00000008)
    _main_cpp_init                           0x080000f5   Thumb Code     0  entry8b.o(.ARM.Collect$$$$0000000A)
    _main_init                               0x080000f5   Thumb Code     0  entry9a.o(.ARM.Collect$$$$0000000B)
    __rt_final_cpp                           0x080000fd   Thumb Code     0  entry10a.o(.ARM.Collect$$$$0000000D)
    __rt_final_exit                          0x080000fd   Thumb Code     0  entry11a.o(.ARM.Collect$$$$0000000F)
    Reset_Handler                            0x08000101   Thumb Code     8  startup_stm32f103xb.o(.text)
    ADC1_2_IRQHandler                        0x0800011b   Thumb Code     0  startup_stm32f103xb.o(.text)
    CAN1_RX1_IRQHandler                      0x0800011b   Thumb Code     0  startup_stm32f103xb.o(.text)
    CAN1_SCE_IRQHandler                      0x0800011b   Thumb Code     0  startup_stm32f103xb.o(.text)
    DMA1_Channel2_IRQHandler                 0x0800011b   Thumb Code     0  startup_stm32f103xb.o(.text)
    DMA1_Channel3_IRQHandler                 0x0800011b   Thumb Code     0  startup_stm32f103xb.o(.text)
    DMA1_Channel4_IRQHandler                 0x0800011b   Thumb Code     0  startup_stm32f103xb.o(.text)
    DMA1_Channel5_IRQHandler                 0x0800011b   Thumb Code     0  startup_stm32f103xb.o(.text)
    DMA1_Channel6_IRQHandler                 0x0800011b   Thumb Code     0  startup_stm32f103xb.o(.text)
    DMA1_Channel7_IRQHandler                 0x0800011b   Thumb Code     0  startup_stm32f103xb.o(.text)
    EXTI0_IRQHandler                         0x0800011b   Thumb Code     0  startup_stm32f103xb.o(.text)
    EXTI1_IRQHandler                         0x0800011b   Thumb Code     0  startup_stm32f103xb.o(.text)
    EXTI2_IRQHandler                         0x0800011b   Thumb Code     0  startup_stm32f103xb.o(.text)
    EXTI3_IRQHandler                         0x0800011b   Thumb Code     0  startup_stm32f103xb.o(.text)
    FLASH_IRQHandler                         0x0800011b   Thumb Code     0  startup_stm32f103xb.o(.text)
    I2C2_ER_IRQHandler                       0x0800011b   Thumb Code     0  startup_stm32f103xb.o(.text)
    I2C2_EV_IRQHandler                       0x0800011b   Thumb Code     0  startup_stm32f103xb.o(.text)
    PVD_IRQHandler                           0x0800011b   Thumb Code     0  startup_stm32f103xb.o(.text)
    RCC_IRQHandler                           0x0800011b   Thumb Code     0  startup_stm32f103xb.o(.text)
    RTC_Alarm_IRQHandler                     0x0800011b   Thumb Code     0  startup_stm32f103xb.o(.text)
    RTC_IRQHandler                           0x0800011b   Thumb Code     0  startup_stm32f103xb.o(.text)
    SPI1_IRQHandler                          0x0800011b   Thumb Code     0  startup_stm32f103xb.o(.text)
    SPI2_IRQHandler                          0x0800011b   Thumb Code     0  startup_stm32f103xb.o(.text)
    TAMPER_IRQHandler                        0x0800011b   Thumb Code     0  startup_stm32f103xb.o(.text)
    TIM1_BRK_IRQHandler                      0x0800011b   Thumb Code     0  startup_stm32f103xb.o(.text)
    TIM1_CC_IRQHandler                       0x0800011b   Thumb Code     0  startup_stm32f103xb.o(.text)
    TIM1_TRG_COM_IRQHandler                  0x0800011b   Thumb Code     0  startup_stm32f103xb.o(.text)
    TIM1_UP_IRQHandler                       0x0800011b   Thumb Code     0  startup_stm32f103xb.o(.text)
    TIM2_IRQHandler                          0x0800011b   Thumb Code     0  startup_stm32f103xb.o(.text)
    TIM3_IRQHandler                          0x0800011b   Thumb Code     0  startup_stm32f103xb.o(.text)
    TIM4_IRQHandler                          0x0800011b   Thumb Code     0  startup_stm32f103xb.o(.text)
    USBWakeUp_IRQHandler                     0x0800011b   Thumb Code     0  startup_stm32f103xb.o(.text)
    USB_HP_CAN1_TX_IRQHandler                0x0800011b   Thumb Code     0  startup_stm32f103xb.o(.text)
    USB_LP_CAN1_RX0_IRQHandler               0x0800011b   Thumb Code     0  startup_stm32f103xb.o(.text)
    WWDG_IRQHandler                          0x0800011b   Thumb Code     0  startup_stm32f103xb.o(.text)
    __aeabi_llsr                             0x08000125   Thumb Code    32  llushr.o(.text)
    _ll_ushift_r                             0x08000125   Thumb Code     0  llushr.o(.text)
    __aeabi_memcpy                           0x08000145   Thumb Code    36  memcpya.o(.text)
    __aeabi_memcpy4                          0x08000145   Thumb Code     0  memcpya.o(.text)
    __aeabi_memcpy8                          0x08000145   Thumb Code     0  memcpya.o(.text)
    __aeabi_memset                           0x08000169   Thumb Code    14  memseta.o(.text)
    __aeabi_memset4                          0x08000169   Thumb Code     0  memseta.o(.text)
    __aeabi_memset8                          0x08000169   Thumb Code     0  memseta.o(.text)
    __aeabi_memclr                           0x08000177   Thumb Code     4  memseta.o(.text)
    __aeabi_memclr4                          0x08000177   Thumb Code     0  memseta.o(.text)
    __aeabi_memclr8                          0x08000177   Thumb Code     0  memseta.o(.text)
    _memset$wrapper                          0x0800017b   Thumb Code    18  memseta.o(.text)
    strcat                                   0x0800018d   Thumb Code    24  strcat.o(.text)
    strstr                                   0x080001a5   Thumb Code    36  strstr.o(.text)
    strlen                                   0x080001c9   Thumb Code    14  strlen.o(.text)
    strcpy                                   0x080001d7   Thumb Code    18  strcpy.o(.text)
    __aeabi_dadd                             0x080001e9   Thumb Code   322  dadd.o(.text)
    __aeabi_dsub                             0x0800032b   Thumb Code     6  dadd.o(.text)
    __aeabi_drsub                            0x08000331   Thumb Code     6  dadd.o(.text)
    __aeabi_dmul                             0x08000337   Thumb Code   228  dmul.o(.text)
    __aeabi_ddiv                             0x0800041b   Thumb Code   222  ddiv.o(.text)
    __aeabi_ui2d                             0x080004f9   Thumb Code    26  dfltui.o(.text)
    __aeabi_f2uiz                            0x08000513   Thumb Code    40  ffixui.o(.text)
    __aeabi_d2uiz                            0x0800053b   Thumb Code    50  dfixui.o(.text)
    __aeabi_f2d                              0x0800056d   Thumb Code    38  f2d.o(.text)
    __aeabi_d2f                              0x08000593   Thumb Code    56  d2f.o(.text)
    __aeabi_uldivmod                         0x080005cb   Thumb Code    98  uldiv.o(.text)
    __aeabi_llsl                             0x0800062d   Thumb Code    30  llshl.o(.text)
    _ll_shift_l                              0x0800062d   Thumb Code     0  llshl.o(.text)
    __aeabi_lasr                             0x0800064b   Thumb Code    36  llsshr.o(.text)
    _ll_sshift_r                             0x0800064b   Thumb Code     0  llsshr.o(.text)
    __strtod_int                             0x080006a7   Thumb Code    88  strtod.o(.text)
    __I$use$fp                               0x0800070d   Thumb Code     0  iusefp.o(.text)
    _float_round                             0x0800070d   Thumb Code    18  fepilogue.o(.text)
    _float_epilogue                          0x0800071f   Thumb Code    92  fepilogue.o(.text)
    _double_round                            0x0800077b   Thumb Code    30  depilogue.o(.text)
    _double_epilogue                         0x08000799   Thumb Code   156  depilogue.o(.text)
    __scatterload                            0x08000835   Thumb Code    28  init.o(.text)
    __scatterload_rt2                        0x08000835   Thumb Code     0  init.o(.text)
    __rt_ctype_table                         0x08000859   Thumb Code     4  ctype_o.o(.text)
    isspace                                  0x08000861   Thumb Code    18  isspace_o.o(.text)
    _scanf_real                              0x08000975   Thumb Code     0  scanf_fp.o(.text)
    _scanf_really_real                       0x08000975   Thumb Code   556  scanf_fp.o(.text)
    _sgetc                                   0x08000bad   Thumb Code    30  _sgetc.o(.text)
    _sbackspace                              0x08000bcb   Thumb Code    34  _sgetc.o(.text)
    __aeabi_ul2d                             0x08000bed   Thumb Code    24  dfltul.o(.text)
    ADC_ConversionStop_Disable               0x08000c05   Thumb Code    76  stm32f1xx_hal_adc.o(i.ADC_ConversionStop_Disable)
    ADC_DMAConvCplt                          0x08000c51   Thumb Code    78  stm32f1xx_hal_adc.o(i.ADC_DMAConvCplt)
    ADC_DMAError                             0x08000c9f   Thumb Code    26  stm32f1xx_hal_adc.o(i.ADC_DMAError)
    ADC_DMAHalfConvCplt                      0x08000cb9   Thumb Code    10  stm32f1xx_hal_adc.o(i.ADC_DMAHalfConvCplt)
    ADC_Enable                               0x08000cc5   Thumb Code   104  stm32f1xx_hal_adc.o(i.ADC_Enable)
    BusFault_Handler                         0x08000d35   Thumb Code     2  stm32f1xx_it.o(i.BusFault_Handler)
    DMA1_Channel1_IRQHandler                 0x08000d39   Thumb Code     6  stm32f1xx_it.o(i.DMA1_Channel1_IRQHandler)
    DebugMon_Handler                         0x08000d6f   Thumb Code     2  stm32f1xx_it.o(i.DebugMon_Handler)
    EXTI15_10_IRQHandler                     0x08000d71   Thumb Code     8  stm32f1xx_it.o(i.EXTI15_10_IRQHandler)
    EXTI4_IRQHandler                         0x08000d79   Thumb Code     6  stm32f1xx_it.o(i.EXTI4_IRQHandler)
    EXTI9_5_IRQHandler                       0x08000d7f   Thumb Code     8  stm32f1xx_it.o(i.EXTI9_5_IRQHandler)
    FATFS_LinkDriver                         0x08000d87   Thumb Code     6  ff_gen_drv.o(i.FATFS_LinkDriver)
    FATFS_LinkDriverEx                       0x08000d8d   Thumb Code    60  ff_gen_drv.o(i.FATFS_LinkDriverEx)
    GPS_ClearData                            0x08000dcd   Thumb Code    80  gpsneo.o(i.GPS_ClearData)
    GPS_ClearRxBuffer                        0x08000e21   Thumb Code    16  gpsneo.o(i.GPS_ClearRxBuffer)
    GPS_Data                                 0x08000e35   Thumb Code   218  gpsneo.o(i.GPS_Data)
    GPS_Knot2Kmh                             0x08000f15   Thumb Code    32  gpsneo.o(i.GPS_Knot2Kmh)
    GPS_RawData                              0x08000f3d   Thumb Code   200  gpsneo.o(i.GPS_RawData)
    GPS_SearchChar                           0x08001011   Thumb Code    30  gpsneo.o(i.GPS_SearchChar)
    HAL_ADC_ConfigChannel                    0x08001031   Thumb Code   240  stm32f1xx_hal_adc.o(i.HAL_ADC_ConfigChannel)
    HAL_ADC_ConvCpltCallback                 0x0800112d   Thumb Code    90  sensor.o(i.HAL_ADC_ConvCpltCallback)
    HAL_ADC_ConvHalfCpltCallback             0x08001191   Thumb Code     2  stm32f1xx_hal_adc.o(i.HAL_ADC_ConvHalfCpltCallback)
    HAL_ADC_ErrorCallback                    0x08001193   Thumb Code     2  stm32f1xx_hal_adc.o(i.HAL_ADC_ErrorCallback)
    HAL_ADC_Init                             0x08001195   Thumb Code   272  stm32f1xx_hal_adc.o(i.HAL_ADC_Init)
    HAL_ADC_MspInit                          0x080012b1   Thumb Code   116  stm32f1xx_hal_msp.o(i.HAL_ADC_MspInit)
    HAL_ADC_Start_DMA                        0x08001359   Thumb Code   246  stm32f1xx_hal_adc.o(i.HAL_ADC_Start_DMA)
    HAL_ADC_Stop_DMA                         0x08001465   Thumb Code    76  stm32f1xx_hal_adc.o(i.HAL_ADC_Stop_DMA)
    HAL_DMA_Abort                            0x080014b1   Thumb Code    48  stm32f1xx_hal_dma.o(i.HAL_DMA_Abort)
    HAL_DMA_Abort_IT                         0x080014e1   Thumb Code   148  stm32f1xx_hal_dma.o(i.HAL_DMA_Abort_IT)
    HAL_DMA_IRQHandler                       0x08001579   Thumb Code   316  stm32f1xx_hal_dma.o(i.HAL_DMA_IRQHandler)
    HAL_DMA_Init                             0x080016cd   Thumb Code    92  stm32f1xx_hal_dma.o(i.HAL_DMA_Init)
    HAL_DMA_Start_IT                         0x08001731   Thumb Code   112  stm32f1xx_hal_dma.o(i.HAL_DMA_Start_IT)
    HAL_Delay                                0x080017a1   Thumb Code    32  stm32f1xx_hal.o(i.HAL_Delay)
    HAL_GPIO_EXTI_Callback                   0x080017c5   Thumb Code    14  main.o(i.HAL_GPIO_EXTI_Callback)
    HAL_GPIO_EXTI_IRQHandler                 0x080017e1   Thumb Code    18  stm32f1xx_hal_gpio.o(i.HAL_GPIO_EXTI_IRQHandler)
    HAL_GPIO_Init                            0x080017f9   Thumb Code   408  stm32f1xx_hal_gpio.o(i.HAL_GPIO_Init)
    HAL_GPIO_WritePin                        0x080019b5   Thumb Code    10  stm32f1xx_hal_gpio.o(i.HAL_GPIO_WritePin)
    HAL_GetTick                              0x080019c1   Thumb Code     6  stm32f1xx_hal.o(i.HAL_GetTick)
    HAL_I2C_AbortCpltCallback                0x080019cd   Thumb Code     2  stm32f1xx_hal_i2c.o(i.HAL_I2C_AbortCpltCallback)
    HAL_I2C_AddrCallback                     0x080019cf   Thumb Code     2  stm32f1xx_hal_i2c.o(i.HAL_I2C_AddrCallback)
    HAL_I2C_ER_IRQHandler                    0x080019d1   Thumb Code   202  stm32f1xx_hal_i2c.o(i.HAL_I2C_ER_IRQHandler)
    HAL_I2C_EV_IRQHandler                    0x08001aa1   Thumb Code   486  stm32f1xx_hal_i2c.o(i.HAL_I2C_EV_IRQHandler)
    HAL_I2C_ErrorCallback                    0x08001c91   Thumb Code     2  stm32f1xx_hal_i2c.o(i.HAL_I2C_ErrorCallback)
    HAL_I2C_GetError                         0x08001c93   Thumb Code     4  stm32f1xx_hal_i2c.o(i.HAL_I2C_GetError)
    HAL_I2C_GetState                         0x08001c97   Thumb Code     6  stm32f1xx_hal_i2c.o(i.HAL_I2C_GetState)
    HAL_I2C_Init                             0x08001c9d   Thumb Code   302  stm32f1xx_hal_i2c.o(i.HAL_I2C_Init)
    HAL_I2C_ListenCpltCallback               0x08001ddd   Thumb Code     2  stm32f1xx_hal_i2c.o(i.HAL_I2C_ListenCpltCallback)
    HAL_I2C_MasterRxCpltCallback             0x08001ddf   Thumb Code     2  stm32f1xx_hal_i2c.o(i.HAL_I2C_MasterRxCpltCallback)
    HAL_I2C_MasterTxCpltCallback             0x08001de1   Thumb Code     2  stm32f1xx_hal_i2c.o(i.HAL_I2C_MasterTxCpltCallback)
    HAL_I2C_Master_Receive                   0x08001de5   Thumb Code   516  stm32f1xx_hal_i2c.o(i.HAL_I2C_Master_Receive)
    HAL_I2C_Master_Transmit                  0x08001ff5   Thumb Code   304  stm32f1xx_hal_i2c.o(i.HAL_I2C_Master_Transmit)
    HAL_I2C_MemRxCpltCallback                0x0800212d   Thumb Code     2  stm32f1xx_hal_i2c.o(i.HAL_I2C_MemRxCpltCallback)
    HAL_I2C_MemTxCpltCallback                0x0800212f   Thumb Code     2  stm32f1xx_hal_i2c.o(i.HAL_I2C_MemTxCpltCallback)
    HAL_I2C_MspInit                          0x08002131   Thumb Code    86  stm32f1xx_hal_msp.o(i.HAL_I2C_MspInit)
    HAL_I2C_SlaveRxCpltCallback              0x08002195   Thumb Code     2  stm32f1xx_hal_i2c.o(i.HAL_I2C_SlaveRxCpltCallback)
    HAL_I2C_SlaveTxCpltCallback              0x08002197   Thumb Code     2  stm32f1xx_hal_i2c.o(i.HAL_I2C_SlaveTxCpltCallback)
    HAL_IncTick                              0x08002199   Thumb Code    12  stm32f1xx_hal.o(i.HAL_IncTick)
    HAL_Init                                 0x080021a9   Thumb Code    32  stm32f1xx_hal.o(i.HAL_Init)
    HAL_InitTick                             0x080021cd   Thumb Code    54  stm32f1xx_hal.o(i.HAL_InitTick)
    HAL_MspInit                              0x0800220d   Thumb Code   118  stm32f1xx_hal_msp.o(i.HAL_MspInit)
    HAL_NVIC_EnableIRQ                       0x0800228d   Thumb Code    22  stm32f1xx_hal_cortex.o(i.HAL_NVIC_EnableIRQ)
    HAL_NVIC_SetPriority                     0x080022a5   Thumb Code    60  stm32f1xx_hal_cortex.o(i.HAL_NVIC_SetPriority)
    HAL_NVIC_SetPriorityGrouping             0x080022e5   Thumb Code    26  stm32f1xx_hal_cortex.o(i.HAL_NVIC_SetPriorityGrouping)
    HAL_RCCEx_PeriphCLKConfig                0x08002309   Thumb Code   224  stm32f1xx_hal_rcc_ex.o(i.HAL_RCCEx_PeriphCLKConfig)
    HAL_RCC_ClockConfig                      0x080023f5   Thumb Code   322  stm32f1xx_hal_rcc.o(i.HAL_RCC_ClockConfig)
    HAL_RCC_GetHCLKFreq                      0x08002549   Thumb Code     6  stm32f1xx_hal_rcc.o(i.HAL_RCC_GetHCLKFreq)
    HAL_RCC_GetPCLK1Freq                     0x08002555   Thumb Code    20  stm32f1xx_hal_rcc.o(i.HAL_RCC_GetPCLK1Freq)
    HAL_RCC_GetPCLK2Freq                     0x08002575   Thumb Code    20  stm32f1xx_hal_rcc.o(i.HAL_RCC_GetPCLK2Freq)
    HAL_RCC_GetSysClockFreq                  0x08002595   Thumb Code    74  stm32f1xx_hal_rcc.o(i.HAL_RCC_GetSysClockFreq)
    HAL_RCC_OscConfig                        0x08002601   Thumb Code   750  stm32f1xx_hal_rcc.o(i.HAL_RCC_OscConfig)
    HAL_SPI_Init                             0x08002905   Thumb Code   130  stm32f1xx_hal_spi_ex.o(i.HAL_SPI_Init)
    HAL_SPI_MspInit                          0x08002989   Thumb Code    78  stm32f1xx_hal_msp.o(i.HAL_SPI_MspInit)
    HAL_SPI_TransmitReceive                  0x080029e5   Thumb Code   472  stm32f1xx_hal_spi.o(i.HAL_SPI_TransmitReceive)
    HAL_SYSTICK_CLKSourceConfig              0x08002bbd   Thumb Code    24  stm32f1xx_hal_cortex.o(i.HAL_SYSTICK_CLKSourceConfig)
    HAL_SYSTICK_Callback                     0x08002bd5   Thumb Code     2  stm32f1xx_hal_cortex.o(i.HAL_SYSTICK_Callback)
    HAL_SYSTICK_Config                       0x08002bd7   Thumb Code    40  stm32f1xx_hal_cortex.o(i.HAL_SYSTICK_Config)
    HAL_SYSTICK_IRQHandler                   0x08002bff   Thumb Code     8  stm32f1xx_hal_cortex.o(i.HAL_SYSTICK_IRQHandler)
    HAL_UART_ErrorCallback                   0x08002c07   Thumb Code     2  stm32f1xx_hal_uart.o(i.HAL_UART_ErrorCallback)
    HAL_UART_IRQHandler                      0x08002c09   Thumb Code   266  stm32f1xx_hal_uart.o(i.HAL_UART_IRQHandler)
    HAL_UART_Init                            0x08002d19   Thumb Code    98  stm32f1xx_hal_uart.o(i.HAL_UART_Init)
    HAL_UART_MspInit                         0x08002d7d   Thumb Code   226  stm32f1xx_hal_msp.o(i.HAL_UART_MspInit)
    HAL_UART_Receive                         0x08002e79   Thumb Code   184  stm32f1xx_hal_uart.o(i.HAL_UART_Receive)
    HAL_UART_Receive_IT                      0x08002f31   Thumb Code    82  stm32f1xx_hal_uart.o(i.HAL_UART_Receive_IT)
    HAL_UART_RxCpltCallback                  0x08002f85   Thumb Code   342  sim800c.o(i.HAL_UART_RxCpltCallback)
    HAL_UART_Transmit                        0x08003131   Thumb Code   186  stm32f1xx_hal_uart.o(i.HAL_UART_Transmit)
    HAL_UART_TxCpltCallback                  0x080031eb   Thumb Code     2  stm32f1xx_hal_uart.o(i.HAL_UART_TxCpltCallback)
    HardFault_Handler                        0x080031ed   Thumb Code     2  stm32f1xx_it.o(i.HardFault_Handler)
    I2C1_ER_IRQHandler                       0x080031f1   Thumb Code     6  stm32f1xx_it.o(i.I2C1_ER_IRQHandler)
    I2C1_EV_IRQHandler                       0x080031fd   Thumb Code     6  stm32f1xx_it.o(i.I2C1_EV_IRQHandler)
    I2C_ReadBuffer                           0x08003989   Thumb Code    56  rtc.o(i.I2C_ReadBuffer)
    I2C_WriteBuffer                          0x08003d1d   Thumb Code    56  rtc.o(i.I2C_WriteBuffer)
    MX_FATFS_Init                            0x08003de9   Thumb Code    18  fatfs.o(i.MX_FATFS_Init)
    MemManage_Handler                        0x08003f95   Thumb Code     2  stm32f1xx_it.o(i.MemManage_Handler)
    NMI_Handler                              0x08003f97   Thumb Code     2  stm32f1xx_it.o(i.NMI_Handler)
    PMS7003_ReceiveData                      0x08003fb9   Thumb Code   188  pms7003.o(i.PMS7003_ReceiveData)
    PendSV_Handler                           0x08004079   Thumb Code     2  stm32f1xx_it.o(i.PendSV_Handler)
    RTC_BCD2DEC                              0x0800407b   Thumb Code    18  rtc.o(i.RTC_BCD2DEC)
    RTC_DEC2BCD                              0x0800408d   Thumb Code    22  rtc.o(i.RTC_DEC2BCD)
    RTC_GetTime                              0x080040a5   Thumb Code   284  rtc.o(i.RTC_GetTime)
    RTC_SetTime                              0x080041c9   Thumb Code   186  rtc.o(i.RTC_SetTime)
    ReadLongFile                             0x0800428d   Thumb Code   150  sd.o(i.ReadLongFile)
    SD_Push_Data                             0x08004351   Thumb Code   234  sd.o(i.SD_Push_Data)
    SD_Read_Block                            0x0800445d   Thumb Code    86  sd.o(i.SD_Read_Block)
    SD_Read_File                             0x080044b5   Thumb Code    60  sd.o(i.SD_Read_File)
    SD_Write_Block                           0x0800450d   Thumb Code   100  sd.o(i.SD_Write_Block)
    SD_Write_File                            0x08004571   Thumb Code   112  sd.o(i.SD_Write_File)
    SIM_Delete_BufReply                      0x08004675   Thumb Code    26  sim800c.o(i.SIM_Delete_BufReply)
    SIM_Delete_Reply                         0x08004695   Thumb Code    30  sim800c.o(i.SIM_Delete_Reply)
    SIM_Delete_ResponseEx                    0x080046b9   Thumb Code    30  sim800c.o(i.SIM_Delete_ResponseEx)
    SIM_Send                                 0x080046e1   Thumb Code    24  sim800c.o(i.SIM_Send)
    SIM_Send_Int                             0x080046fd   Thumb Code    86  sim800c.o(i.SIM_Send_Int)
    SIM_begin                                0x08004759   Thumb Code   170  sim800c.o(i.SIM_begin)
    SIM_checkAccount                         0x08004869   Thumb Code   148  sim800c.o(i.SIM_checkAccount)
    SIM_connectTCP                           0x08004999   Thumb Code    74  sim800c.o(i.SIM_connectTCP)
    SIM_disconnectTCP                        0x08004a2d   Thumb Code    52  sim800c.o(i.SIM_disconnectTCP)
    SIM_getTCP                               0x08004a79   Thumb Code   324  sim800c.o(i.SIM_getTCP)
    SIM_replyCommand                         0x08004cd1   Thumb Code    62  sim800c.o(i.SIM_replyCommand)
    SIM_replyCommandResponse                 0x08004d3d   Thumb Code    68  sim800c.o(i.SIM_replyCommandResponse)
    SIM_sendCommand                          0x08004dbd   Thumb Code    16  sim800c.o(i.SIM_sendCommand)
    SIM_sendCommandResponse                  0x08004dd1   Thumb Code    32  sim800c.o(i.SIM_sendCommandResponse)
    SPI_ReceiveByte                          0x08004e1d   Thumb Code     6  sd.o(i.SPI_ReceiveByte)
    SPI_Release                              0x08004e23   Thumb Code     6  sd.o(i.SPI_Release)
    SPI_wait_ready                           0x08004ebf   Thumb Code    32  sd.o(i.SPI_wait_ready)
    SPIx_WriteRead                           0x08004ee1   Thumb Code    48  sd.o(i.SPIx_WriteRead)
    SVC_Handler                              0x08004f19   Thumb Code     2  stm32f1xx_it.o(i.SVC_Handler)
    Sensor_Convertdata                       0x08004f1d   Thumb Code   256  sensor.o(i.Sensor_Convertdata)
    SysTick_Handler                          0x0800504d   Thumb Code    14  stm32f1xx_it.o(i.SysTick_Handler)
    SystemClock_Config                       0x0800505b   Thumb Code   118  main.o(i.SystemClock_Config)
    SystemInit                               0x080050d1   Thumb Code    56  system_stm32f1xx.o(i.SystemInit)
    USART1_IRQHandler                        0x08005415   Thumb Code     6  stm32f1xx_it.o(i.USART1_IRQHandler)
    USART2_IRQHandler                        0x08005421   Thumb Code     6  stm32f1xx_it.o(i.USART2_IRQHandler)
    USART3_IRQHandler                        0x0800542d   Thumb Code     6  stm32f1xx_it.o(i.USART3_IRQHandler)
    USER_initialize                          0x08005439   Thumb Code    28  user_diskio.o(i.USER_initialize)
    USER_ioctl                               0x08005459   Thumb Code    60  user_diskio.o(i.USER_ioctl)
    USER_read                                0x08005499   Thumb Code    62  user_diskio.o(i.USER_read)
    USER_status                              0x080054e1   Thumb Code    12  user_diskio.o(i.USER_status)
    USER_write                               0x080054f1   Thumb Code    72  user_diskio.o(i.USER_write)
    UsageFault_Handler                       0x08005541   Thumb Code     2  stm32f1xx_it.o(i.UsageFault_Handler)
    _Error_Handler                           0x08005543   Thumb Code     2  main.o(i._Error_Handler)
    __0printf$8                              0x08005545   Thumb Code    22  printf8.o(i.__0printf$8)
    __1printf$8                              0x08005545   Thumb Code     0  printf8.o(i.__0printf$8)
    __2printf                                0x08005545   Thumb Code     0  printf8.o(i.__0printf$8)
    __0sprintf$8                             0x08005565   Thumb Code    34  printf8.o(i.__0sprintf$8)
    __1sprintf$8                             0x08005565   Thumb Code     0  printf8.o(i.__0sprintf$8)
    __2sprintf                               0x08005565   Thumb Code     0  printf8.o(i.__0sprintf$8)
    __read_errno                             0x0800558d   Thumb Code     6  errno.o(i.__read_errno)
    __scatterload_copy                       0x08005599   Thumb Code    14  handlers.o(i.__scatterload_copy)
    __scatterload_null                       0x080055a7   Thumb Code     2  handlers.o(i.__scatterload_null)
    __scatterload_zeroinit                   0x080055a9   Thumb Code    14  handlers.o(i.__scatterload_zeroinit)
    __set_errno                              0x080055b9   Thumb Code     6  errno.o(i.__set_errno)
    _is_digit                                0x080055c5   Thumb Code    14  scanf_fp.o(i._is_digit)
    atof                                     0x08005a41   Thumb Code    42  atof.o(i.atof)
    clust2sect                               0x08005b97   Thumb Code    28  ff.o(i.clust2sect)
    disk_initialize                          0x08006351   Thumb Code    36  diskio.o(i.disk_initialize)
    disk_ioctl                               0x08006379   Thumb Code    24  diskio.o(i.disk_ioctl)
    disk_read                                0x08006395   Thumb Code    24  diskio.o(i.disk_read)
    disk_status                              0x080063b1   Thumb Code    18  diskio.o(i.disk_status)
    disk_write                               0x080063c9   Thumb Code    24  diskio.o(i.disk_write)
    f_close                                  0x080063e5   Thumb Code    42  ff.o(i.f_close)
    f_lseek                                  0x0800640f   Thumb Code   614  ff.o(i.f_lseek)
    f_mount                                  0x08006675   Thumb Code    92  ff.o(i.f_mount)
    f_open                                   0x080066d5   Thumb Code   492  ff.o(i.f_open)
    f_read                                   0x080068c5   Thumb Code   398  ff.o(i.f_read)
    f_sync                                   0x08006a53   Thumb Code   162  ff.o(i.f_sync)
    f_write                                  0x08006af5   Thumb Code   454  ff.o(i.f_write)
    ff_convert                               0x08006cbd   Thumb Code    52  ccsbcs_1.o(i.ff_convert)
    ff_wtoupper                              0x08006cf5   Thumb Code    28  ccsbcs_1.o(i.ff_wtoupper)
    fputc                                    0x08006ff1   Thumb Code    18  main.o(i.fputc)
    get_fat                                  0x08007089   Thumb Code   230  ff.o(i.get_fat)
    get_fattime                              0x0800716f   Thumb Code     4  fatfs.o(i.get_fattime)
    indexOf                                  0x08007249   Thumb Code    14  sim800c.o(i.indexOf)
    main                                     0x0800726d   Thumb Code   974  main.o(i.main)
    put_fat                                  0x08007809   Thumb Code   286  ff.o(i.put_fat)
    sd_ini                                   0x0800798d   Thumb Code   406  sd.o(i.sd_ini)
    AHBPrescTable                            0x08007cbe   Data          16  system_stm32f1xx.o(.constdata)
    APBPrescTable                            0x08007cce   Data           8  system_stm32f1xx.o(.constdata)
    __ctype_table                            0x08008250   Data         129  ctype_o.o(.constdata)
    Region$$Table$$Base                      0x080082d8   Number         0  anon$$obj.o(Region$$Table)
    Region$$Table$$Limit                     0x080082f8   Number         0  anon$$obj.o(Region$$Table)
    USER_Driver                              0x20000004   Data          20  user_diskio.o(.data)
    retUSER                                  0x20000018   Data           1  fatfs.o(.data)
    USERPath                                 0x20000019   Data           4  fatfs.o(.data)
    sdinfo                                   0x20000020   Data           1  sd.o(.data)
    result                                   0x20000021   Data           1  sd.o(.data)
    res                                      0x20000022   Data           1  sd.o(.data)
    fs                                       0x20000024   Data           4  sd.o(.data)
    byteswritten                             0x20000028   Data           4  sd.o(.data)
    bytesread                                0x2000002c   Data           4  sd.o(.data)
    fn                                       0x20000030   Data           4  sd.o(.data)
    fre_clust                                0x20000034   Data           4  sd.o(.data)
    fre_sect                                 0x20000038   Data           4  sd.o(.data)
    tot_sect                                 0x2000003c   Data           4  sd.o(.data)
    ch                                       0x20000040   Data           1  gpsneo.o(.data)
    SystemCoreClock                          0x20000044   Data           4  system_stm32f1xx.o(.data)
    uwTickFreq                               0x20000050   Data           1  stm32f1xx_hal.o(.data)
    uwTickPrio                               0x20000054   Data           4  stm32f1xx_hal.o(.data)
    uwTick                                   0x20000058   Data           4  stm32f1xx_hal.o(.data)
    __stdout                                 0x2000005c   Data           4  stdout.o(.data)
    hadc1                                    0x20000064   Data          48  main.o(.bss)
    hi2c1                                    0x20000094   Data          84  main.o(.bss)
    hspi2                                    0x200000e8   Data          88  main.o(.bss)
    huart1                                   0x20000140   Data          64  main.o(.bss)
    huart2                                   0x20000180   Data          64  main.o(.bss)
    huart3                                   0x200001c0   Data          64  main.o(.bss)
    SD                                       0x20000200   Data        1436  main.o(.bss)
    sensor                                   0x2000079c   Data          47  main.o(.bss)
    hdma_adc1                                0x200007cc   Data          68  main.o(.bss)
    pms7003                                  0x20000810   Data          42  pms7003.o(.bss)
    str1                                     0x2000083c   Data          60  sd.o(.bss)
    SDFatFs                                  0x20000878   Data        4144  sd.o(.bss)
    MyFile                                   0x200018a8   Data        4140  sd.o(.bss)
    sect                                     0x200028d4   Data         512  sd.o(.bss)
    fileInfo                                 0x20002ad4   Data          32  sd.o(.bss)
    dir                                      0x20002af4   Data        4136  sd.o(.bss)
    nmeaMessage                              0x20003b1c   Data         203  gpsneo.o(.bss)
    dataGps                                  0x20003be8   Data         104  gpsneo.o(.bss)
    DS3231                                   0x20003c50   Data         101  rtc.o(.bss)
    dataGPRS                                 0x20003cb8   Data         400  sim800c.o(.bss)
    dataSMS                                  0x20003e48   Data         400  sim800c.o(.bss)
    UARTSim                                  0x20003fd8   Data         531  sim800c.o(.bss)
    disk                                     0x20004404   Data          12  ff_gen_drv.o(.bss)
    __initial_sp                             0x20004810   Data           0  startup_stm32f103xb.o(STACK)



==============================================================================

Memory Map of the image

  Image Entry point : 0x080000ed

  Load Region LR_IROM1 (Base: 0x08000000, Size: 0x0000835c, Max: 0x00010000, ABSOLUTE)

    Execution Region ER_IROM1 (Base: 0x08000000, Size: 0x000082f8, Max: 0x00010000, ABSOLUTE)

    Base Addr    Size         Type   Attr      Idx    E Section Name        Object

    0x08000000   0x000000ec   Data   RO            3    RESET               startup_stm32f103xb.o
    0x080000ec   0x00000000   Code   RO         3935  * .ARM.Collect$$$$00000000  mc_w.l(entry.o)
    0x080000ec   0x00000004   Code   RO         4241    .ARM.Collect$$$$00000001  mc_w.l(entry2.o)
    0x080000f0   0x00000004   Code   RO         4244    .ARM.Collect$$$$00000004  mc_w.l(entry5.o)
    0x080000f4   0x00000000   Code   RO         4246    .ARM.Collect$$$$00000008  mc_w.l(entry7b.o)
    0x080000f4   0x00000000   Code   RO         4248    .ARM.Collect$$$$0000000A  mc_w.l(entry8b.o)
    0x080000f4   0x00000008   Code   RO         4249    .ARM.Collect$$$$0000000B  mc_w.l(entry9a.o)
    0x080000fc   0x00000000   Code   RO         4251    .ARM.Collect$$$$0000000D  mc_w.l(entry10a.o)
    0x080000fc   0x00000000   Code   RO         4253    .ARM.Collect$$$$0000000F  mc_w.l(entry11a.o)
    0x080000fc   0x00000004   Code   RO         4242    .ARM.Collect$$$$00002712  mc_w.l(entry2.o)
    0x08000100   0x00000024   Code   RO            4    .text               startup_stm32f103xb.o
    0x08000124   0x00000020   Code   RO         3938    .text               mc_w.l(llushr.o)
    0x08000144   0x00000024   Code   RO         3940    .text               mc_w.l(memcpya.o)
    0x08000168   0x00000024   Code   RO         3942    .text               mc_w.l(memseta.o)
    0x0800018c   0x00000018   Code   RO         3944    .text               mc_w.l(strcat.o)
    0x080001a4   0x00000024   Code   RO         3946    .text               mc_w.l(strstr.o)
    0x080001c8   0x0000000e   Code   RO         3948    .text               mc_w.l(strlen.o)
    0x080001d6   0x00000012   Code   RO         3950    .text               mc_w.l(strcpy.o)
    0x080001e8   0x0000014e   Code   RO         4223    .text               mf_w.l(dadd.o)
    0x08000336   0x000000e4   Code   RO         4225    .text               mf_w.l(dmul.o)
    0x0800041a   0x000000de   Code   RO         4227    .text               mf_w.l(ddiv.o)
    0x080004f8   0x0000001a   Code   RO         4231    .text               mf_w.l(dfltui.o)
    0x08000512   0x00000028   Code   RO         4233    .text               mf_w.l(ffixui.o)
    0x0800053a   0x00000032   Code   RO         4235    .text               mf_w.l(dfixui.o)
    0x0800056c   0x00000026   Code   RO         4237    .text               mf_w.l(f2d.o)
    0x08000592   0x00000038   Code   RO         4239    .text               mf_w.l(d2f.o)
    0x080005ca   0x00000062   Code   RO         4258    .text               mc_w.l(uldiv.o)
    0x0800062c   0x0000001e   Code   RO         4260    .text               mc_w.l(llshl.o)
    0x0800064a   0x00000024   Code   RO         4262    .text               mc_w.l(llsshr.o)
    0x0800066e   0x00000002   PAD
    0x08000670   0x0000009c   Code   RO         4271    .text               mc_w.l(strtod.o)
    0x0800070c   0x00000000   Code   RO         4275    .text               mc_w.l(iusefp.o)
    0x0800070c   0x0000006e   Code   RO         4276    .text               mf_w.l(fepilogue.o)
    0x0800077a   0x000000ba   Code   RO         4278    .text               mf_w.l(depilogue.o)
    0x08000834   0x00000024   Code   RO         4284    .text               mc_w.l(init.o)
    0x08000858   0x00000008   Code   RO         4288    .text               mc_w.l(ctype_o.o)
    0x08000860   0x00000012   Code   RO         4310    .text               mc_w.l(isspace_o.o)
    0x08000872   0x00000002   PAD
    0x08000874   0x00000338   Code   RO         4316    .text               mc_w.l(scanf_fp.o)
    0x08000bac   0x00000040   Code   RO         4320    .text               mc_w.l(_sgetc.o)
    0x08000bec   0x00000018   Code   RO         4329    .text               mf_w.l(dfltul.o)
    0x08000c04   0x0000004c   Code   RO         3658    i.ADC_ConversionStop_Disable  stm32f1xx_hal_adc.o
    0x08000c50   0x0000004e   Code   RO         3659    i.ADC_DMAConvCplt   stm32f1xx_hal_adc.o
    0x08000c9e   0x0000001a   Code   RO         3660    i.ADC_DMAError      stm32f1xx_hal_adc.o
    0x08000cb8   0x0000000a   Code   RO         3661    i.ADC_DMAHalfConvCplt  stm32f1xx_hal_adc.o
    0x08000cc2   0x00000002   PAD
    0x08000cc4   0x00000070   Code   RO         3662    i.ADC_Enable        stm32f1xx_hal_adc.o
    0x08000d34   0x00000002   Code   RO          330    i.BusFault_Handler  stm32f1xx_it.o
    0x08000d36   0x00000002   PAD
    0x08000d38   0x0000000c   Code   RO          331    i.DMA1_Channel1_IRQHandler  stm32f1xx_it.o
    0x08000d44   0x0000002a   Code   RO         3048    i.DMA_SetConfig     stm32f1xx_hal_dma.o
    0x08000d6e   0x00000002   Code   RO          332    i.DebugMon_Handler  stm32f1xx_it.o
    0x08000d70   0x00000008   Code   RO          333    i.EXTI15_10_IRQHandler  stm32f1xx_it.o
    0x08000d78   0x00000006   Code   RO          334    i.EXTI4_IRQHandler  stm32f1xx_it.o
    0x08000d7e   0x00000008   Code   RO          335    i.EXTI9_5_IRQHandler  stm32f1xx_it.o
    0x08000d86   0x00000006   Code   RO         1545    i.FATFS_LinkDriver  ff_gen_drv.o
    0x08000d8c   0x00000040   Code   RO         1546    i.FATFS_LinkDriverEx  ff_gen_drv.o
    0x08000dcc   0x00000054   Code   RO          685    i.GPS_ClearData     gpsneo.o
    0x08000e20   0x00000014   Code   RO          686    i.GPS_ClearRxBuffer  gpsneo.o
    0x08000e34   0x000000e0   Code   RO          687    i.GPS_Data          gpsneo.o
    0x08000f14   0x00000028   Code   RO          689    i.GPS_Knot2Kmh      gpsneo.o
    0x08000f3c   0x000000d4   Code   RO          690    i.GPS_RawData       gpsneo.o
    0x08001010   0x0000001e   Code   RO          691    i.GPS_SearchChar    gpsneo.o
    0x0800102e   0x00000002   PAD
    0x08001030   0x000000fc   Code   RO         3664    i.HAL_ADC_ConfigChannel  stm32f1xx_hal_adc.o
    0x0800112c   0x00000064   Code   RO          856    i.HAL_ADC_ConvCpltCallback  sensor.o
    0x08001190   0x00000002   Code   RO         3666    i.HAL_ADC_ConvHalfCpltCallback  stm32f1xx_hal_adc.o
    0x08001192   0x00000002   Code   RO         3668    i.HAL_ADC_ErrorCallback  stm32f1xx_hal_adc.o
    0x08001194   0x0000011c   Code   RO         3673    i.HAL_ADC_Init      stm32f1xx_hal_adc.o
    0x080012b0   0x000000a8   Code   RO          461    i.HAL_ADC_MspInit   stm32f1xx_hal_msp.o
    0x08001358   0x0000010c   Code   RO         3680    i.HAL_ADC_Start_DMA  stm32f1xx_hal_adc.o
    0x08001464   0x0000004c   Code   RO         3683    i.HAL_ADC_Stop_DMA  stm32f1xx_hal_adc.o
    0x080014b0   0x00000030   Code   RO         3049    i.HAL_DMA_Abort     stm32f1xx_hal_dma.o
    0x080014e0   0x00000098   Code   RO         3050    i.HAL_DMA_Abort_IT  stm32f1xx_hal_dma.o
    0x08001578   0x00000154   Code   RO         3054    i.HAL_DMA_IRQHandler  stm32f1xx_hal_dma.o
    0x080016cc   0x00000064   Code   RO         3055    i.HAL_DMA_Init      stm32f1xx_hal_dma.o
    0x08001730   0x00000070   Code   RO         3059    i.HAL_DMA_Start_IT  stm32f1xx_hal_dma.o
    0x080017a0   0x00000024   Code   RO         1634    i.HAL_Delay         stm32f1xx_hal.o
    0x080017c4   0x0000001c   Code   RO           13    i.HAL_GPIO_EXTI_Callback  main.o
    0x080017e0   0x00000018   Code   RO         2863    i.HAL_GPIO_EXTI_IRQHandler  stm32f1xx_hal_gpio.o
    0x080017f8   0x000001bc   Code   RO         2864    i.HAL_GPIO_Init     stm32f1xx_hal_gpio.o
    0x080019b4   0x0000000a   Code   RO         2868    i.HAL_GPIO_WritePin  stm32f1xx_hal_gpio.o
    0x080019be   0x00000002   PAD
    0x080019c0   0x0000000c   Code   RO         1638    i.HAL_GetTick       stm32f1xx_hal.o
    0x080019cc   0x00000002   Code   RO         3260    i.HAL_I2C_AbortCpltCallback  stm32f1xx_hal_i2c.o
    0x080019ce   0x00000002   Code   RO         3261    i.HAL_I2C_AddrCallback  stm32f1xx_hal_i2c.o
    0x080019d0   0x000000d0   Code   RO         3264    i.HAL_I2C_ER_IRQHandler  stm32f1xx_hal_i2c.o
    0x08001aa0   0x000001f0   Code   RO         3265    i.HAL_I2C_EV_IRQHandler  stm32f1xx_hal_i2c.o
    0x08001c90   0x00000002   Code   RO         3267    i.HAL_I2C_ErrorCallback  stm32f1xx_hal_i2c.o
    0x08001c92   0x00000004   Code   RO         3268    i.HAL_I2C_GetError  stm32f1xx_hal_i2c.o
    0x08001c96   0x00000006   Code   RO         3270    i.HAL_I2C_GetState  stm32f1xx_hal_i2c.o
    0x08001c9c   0x00000140   Code   RO         3271    i.HAL_I2C_Init      stm32f1xx_hal_i2c.o
    0x08001ddc   0x00000002   Code   RO         3273    i.HAL_I2C_ListenCpltCallback  stm32f1xx_hal_i2c.o
    0x08001dde   0x00000002   Code   RO         3274    i.HAL_I2C_MasterRxCpltCallback  stm32f1xx_hal_i2c.o
    0x08001de0   0x00000002   Code   RO         3275    i.HAL_I2C_MasterTxCpltCallback  stm32f1xx_hal_i2c.o
    0x08001de2   0x00000002   PAD
    0x08001de4   0x00000210   Code   RO         3277    i.HAL_I2C_Master_Receive  stm32f1xx_hal_i2c.o
    0x08001ff4   0x00000138   Code   RO         3282    i.HAL_I2C_Master_Transmit  stm32f1xx_hal_i2c.o
    0x0800212c   0x00000002   Code   RO         3285    i.HAL_I2C_MemRxCpltCallback  stm32f1xx_hal_i2c.o
    0x0800212e   0x00000002   Code   RO         3286    i.HAL_I2C_MemTxCpltCallback  stm32f1xx_hal_i2c.o
    0x08002130   0x00000064   Code   RO          463    i.HAL_I2C_MspInit   stm32f1xx_hal_msp.o
    0x08002194   0x00000002   Code   RO         3295    i.HAL_I2C_SlaveRxCpltCallback  stm32f1xx_hal_i2c.o
    0x08002196   0x00000002   Code   RO         3296    i.HAL_I2C_SlaveTxCpltCallback  stm32f1xx_hal_i2c.o
    0x08002198   0x00000010   Code   RO         1642    i.HAL_IncTick       stm32f1xx_hal.o
    0x080021a8   0x00000024   Code   RO         1643    i.HAL_Init          stm32f1xx_hal.o
    0x080021cc   0x00000040   Code   RO         1644    i.HAL_InitTick      stm32f1xx_hal.o
    0x0800220c   0x00000080   Code   RO          464    i.HAL_MspInit       stm32f1xx_hal_msp.o
    0x0800228c   0x00000016   Code   RO         3145    i.HAL_NVIC_EnableIRQ  stm32f1xx_hal_cortex.o
    0x080022a2   0x00000002   PAD
    0x080022a4   0x00000040   Code   RO         3151    i.HAL_NVIC_SetPriority  stm32f1xx_hal_cortex.o
    0x080022e4   0x00000024   Code   RO         3152    i.HAL_NVIC_SetPriorityGrouping  stm32f1xx_hal_cortex.o
    0x08002308   0x000000ec   Code   RO         2401    i.HAL_RCCEx_PeriphCLKConfig  stm32f1xx_hal_rcc_ex.o
    0x080023f4   0x00000154   Code   RO         1972    i.HAL_RCC_ClockConfig  stm32f1xx_hal_rcc.o
    0x08002548   0x0000000c   Code   RO         1977    i.HAL_RCC_GetHCLKFreq  stm32f1xx_hal_rcc.o
    0x08002554   0x00000020   Code   RO         1979    i.HAL_RCC_GetPCLK1Freq  stm32f1xx_hal_rcc.o
    0x08002574   0x00000020   Code   RO         1980    i.HAL_RCC_GetPCLK2Freq  stm32f1xx_hal_rcc.o
    0x08002594   0x0000006c   Code   RO         1981    i.HAL_RCC_GetSysClockFreq  stm32f1xx_hal_rcc.o
    0x08002600   0x00000304   Code   RO         1984    i.HAL_RCC_OscConfig  stm32f1xx_hal_rcc.o
    0x08002904   0x00000082   Code   RO         1947    i.HAL_SPI_Init      stm32f1xx_hal_spi_ex.o
    0x08002986   0x00000002   PAD
    0x08002988   0x0000005c   Code   RO          466    i.HAL_SPI_MspInit   stm32f1xx_hal_msp.o
    0x080029e4   0x000001d8   Code   RO         2455    i.HAL_SPI_TransmitReceive  stm32f1xx_hal_spi.o
    0x08002bbc   0x00000018   Code   RO         3154    i.HAL_SYSTICK_CLKSourceConfig  stm32f1xx_hal_cortex.o
    0x08002bd4   0x00000002   Code   RO         3155    i.HAL_SYSTICK_Callback  stm32f1xx_hal_cortex.o
    0x08002bd6   0x00000028   Code   RO         3156    i.HAL_SYSTICK_Config  stm32f1xx_hal_cortex.o
    0x08002bfe   0x00000008   Code   RO         3157    i.HAL_SYSTICK_IRQHandler  stm32f1xx_hal_cortex.o
    0x08002c06   0x00000002   Code   RO         2094    i.HAL_UART_ErrorCallback  stm32f1xx_hal_uart.o
    0x08002c08   0x00000110   Code   RO         2097    i.HAL_UART_IRQHandler  stm32f1xx_hal_uart.o
    0x08002d18   0x00000062   Code   RO         2098    i.HAL_UART_Init     stm32f1xx_hal_uart.o
    0x08002d7a   0x00000002   PAD
    0x08002d7c   0x000000fc   Code   RO          468    i.HAL_UART_MspInit  stm32f1xx_hal_msp.o
    0x08002e78   0x000000b8   Code   RO         2101    i.HAL_UART_Receive  stm32f1xx_hal_uart.o
    0x08002f30   0x00000052   Code   RO         2103    i.HAL_UART_Receive_IT  stm32f1xx_hal_uart.o
    0x08002f82   0x00000002   PAD
    0x08002f84   0x000001ac   Code   RO          887    i.HAL_UART_RxCpltCallback  sim800c.o
    0x08003130   0x000000ba   Code   RO         2106    i.HAL_UART_Transmit  stm32f1xx_hal_uart.o
    0x080031ea   0x00000002   Code   RO         2109    i.HAL_UART_TxCpltCallback  stm32f1xx_hal_uart.o
    0x080031ec   0x00000002   Code   RO          336    i.HardFault_Handler  stm32f1xx_it.o
    0x080031ee   0x00000002   PAD
    0x080031f0   0x0000000c   Code   RO          337    i.I2C1_ER_IRQHandler  stm32f1xx_it.o
    0x080031fc   0x0000000c   Code   RO          338    i.I2C1_EV_IRQHandler  stm32f1xx_it.o
    0x08003208   0x0000004e   Code   RO         3305    i.I2C_DMAAbort      stm32f1xx_hal_i2c.o
    0x08003256   0x00000002   PAD
    0x08003258   0x00000124   Code   RO         3308    i.I2C_ITError       stm32f1xx_hal_i2c.o
    0x0800337c   0x00000028   Code   RO         3309    i.I2C_IsAcknowledgeFailed  stm32f1xx_hal_i2c.o
    0x080033a4   0x000000c8   Code   RO         3310    i.I2C_MasterReceive_BTF  stm32f1xx_hal_i2c.o
    0x0800346c   0x000000ae   Code   RO         3311    i.I2C_MasterReceive_RXNE  stm32f1xx_hal_i2c.o
    0x0800351a   0x000000de   Code   RO         3312    i.I2C_MasterRequestRead  stm32f1xx_hal_i2c.o
    0x080035f8   0x00000094   Code   RO         3313    i.I2C_MasterRequestWrite  stm32f1xx_hal_i2c.o
    0x0800368c   0x00000080   Code   RO         3314    i.I2C_MasterTransmit_BTF  stm32f1xx_hal_i2c.o
    0x0800370c   0x00000108   Code   RO         3315    i.I2C_MasterTransmit_TXE  stm32f1xx_hal_i2c.o
    0x08003814   0x0000011a   Code   RO         3316    i.I2C_Master_ADDR   stm32f1xx_hal_i2c.o
    0x0800392e   0x0000005a   Code   RO         3317    i.I2C_Master_SB     stm32f1xx_hal_i2c.o
    0x08003988   0x0000004c   Code   RO          749    i.I2C_ReadBuffer    rtc.o
    0x080039d4   0x00000084   Code   RO         3320    i.I2C_Slave_AF      stm32f1xx_hal_i2c.o
    0x08003a58   0x000000dc   Code   RO         3321    i.I2C_Slave_STOPF   stm32f1xx_hal_i2c.o
    0x08003b34   0x0000004e   Code   RO         3322    i.I2C_WaitOnBTFFlagUntilTimeout  stm32f1xx_hal_i2c.o
    0x08003b82   0x00000060   Code   RO         3323    i.I2C_WaitOnFlagUntilTimeout  stm32f1xx_hal_i2c.o
    0x08003be2   0x00000002   PAD
    0x08003be4   0x00000088   Code   RO         3324    i.I2C_WaitOnMasterAddressFlagUntilTimeout  stm32f1xx_hal_i2c.o
    0x08003c6c   0x00000062   Code   RO         3325    i.I2C_WaitOnRXNEFlagUntilTimeout  stm32f1xx_hal_i2c.o
    0x08003cce   0x0000004e   Code   RO         3326    i.I2C_WaitOnTXEFlagUntilTimeout  stm32f1xx_hal_i2c.o
    0x08003d1c   0x0000004c   Code   RO          751    i.I2C_WriteBuffer   rtc.o
    0x08003d68   0x00000080   Code   RO           14    i.MX_ADC1_Init      main.o
    0x08003de8   0x0000001c   Code   RO          292    i.MX_FATFS_Init     fatfs.o
    0x08003e04   0x00000118   Code   RO           15    i.MX_GPIO_Init      main.o
    0x08003f1c   0x00000038   Code   RO           16    i.MX_I2C1_Init      main.o
    0x08003f54   0x00000040   Code   RO           17    i.MX_SPI2_Init      main.o
    0x08003f94   0x00000002   Code   RO          339    i.MemManage_Handler  stm32f1xx_it.o
    0x08003f96   0x00000002   Code   RO          340    i.NMI_Handler       stm32f1xx_it.o
    0x08003f98   0x00000020   Code   RO         3158    i.NVIC_SetPriority  stm32f1xx_hal_cortex.o
    0x08003fb8   0x000000c0   Code   RO          533    i.PMS7003_ReceiveData  pms7003.o
    0x08004078   0x00000002   Code   RO          341    i.PendSV_Handler    stm32f1xx_it.o
    0x0800407a   0x00000012   Code   RO          754    i.RTC_BCD2DEC       rtc.o
    0x0800408c   0x00000016   Code   RO          756    i.RTC_DEC2BCD       rtc.o
    0x080040a2   0x00000002   PAD
    0x080040a4   0x00000124   Code   RO          759    i.RTC_GetTime       rtc.o
    0x080041c8   0x000000c4   Code   RO          761    i.RTC_SetTime       rtc.o
    0x0800428c   0x000000c4   Code   RO          573    i.ReadLongFile      sd.o
    0x08004350   0x0000010c   Code   RO          576    i.SD_Push_Data      sd.o
    0x0800445c   0x00000056   Code   RO          577    i.SD_Read_Block     sd.o
    0x080044b2   0x00000002   PAD
    0x080044b4   0x00000058   Code   RO          578    i.SD_Read_File      sd.o
    0x0800450c   0x00000064   Code   RO          579    i.SD_Write_Block    sd.o
    0x08004570   0x00000090   Code   RO          580    i.SD_Write_File     sd.o
    0x08004600   0x00000072   Code   RO          581    i.SD_cmd            sd.o
    0x08004672   0x00000002   PAD
    0x08004674   0x00000020   Code   RO          888    i.SIM_Delete_BufReply  sim800c.o
    0x08004694   0x00000024   Code   RO          890    i.SIM_Delete_Reply  sim800c.o
    0x080046b8   0x00000028   Code   RO          891    i.SIM_Delete_ResponseEx  sim800c.o
    0x080046e0   0x0000001c   Code   RO          894    i.SIM_Send          sim800c.o
    0x080046fc   0x0000005c   Code   RO          896    i.SIM_Send_Int      sim800c.o
    0x08004758   0x00000110   Code   RO          897    i.SIM_begin         sim800c.o
    0x08004868   0x00000130   Code   RO          898    i.SIM_checkAccount  sim800c.o
    0x08004998   0x00000094   Code   RO          900    i.SIM_connectTCP    sim800c.o
    0x08004a2c   0x0000004c   Code   RO          903    i.SIM_disconnectTCP  sim800c.o
    0x08004a78   0x00000258   Code   RO          905    i.SIM_getTCP        sim800c.o
    0x08004cd0   0x0000006c   Code   RO          908    i.SIM_replyCommand  sim800c.o
    0x08004d3c   0x00000080   Code   RO          909    i.SIM_replyCommandResponse  sim800c.o
    0x08004dbc   0x00000014   Code   RO          911    i.SIM_sendCommand   sim800c.o
    0x08004dd0   0x0000002c   Code   RO          912    i.SIM_sendCommandResponse  sim800c.o
    0x08004dfc   0x00000020   Code   RO         2470    i.SPI_CheckFlag_BSY  stm32f1xx_hal_spi.o
    0x08004e1c   0x00000006   Code   RO          582    i.SPI_ReceiveByte   sd.o
    0x08004e22   0x00000006   Code   RO          583    i.SPI_Release       sd.o
    0x08004e28   0x00000096   Code   RO         2489    i.SPI_WaitFlagStateUntilTimeout  stm32f1xx_hal_spi.o
    0x08004ebe   0x00000020   Code   RO          585    i.SPI_wait_ready    sd.o
    0x08004ede   0x00000002   PAD
    0x08004ee0   0x00000038   Code   RO          586    i.SPIx_WriteRead    sd.o
    0x08004f18   0x00000002   Code   RO          342    i.SVC_Handler       stm32f1xx_it.o
    0x08004f1a   0x00000002   PAD
    0x08004f1c   0x00000130   Code   RO          857    i.Sensor_Convertdata  sensor.o
    0x0800504c   0x0000000e   Code   RO          343    i.SysTick_Handler   stm32f1xx_it.o
    0x0800505a   0x00000076   Code   RO           18    i.SystemClock_Config  main.o
    0x080050d0   0x00000048   Code   RO         1081    i.SystemInit        system_stm32f1xx.o
    0x08005118   0x00000010   Code   RO         2111    i.UART_DMAAbortOnError  stm32f1xx_hal_uart.o
    0x08005128   0x0000001c   Code   RO         2121    i.UART_EndRxTransfer  stm32f1xx_hal_uart.o
    0x08005144   0x00000096   Code   RO         2123    i.UART_Receive_IT   stm32f1xx_hal_uart.o
    0x080051da   0x00000002   PAD
    0x080051dc   0x00000170   Code   RO         2124    i.UART_SetConfig    stm32f1xx_hal_uart.o
    0x0800534c   0x00000062   Code   RO         2125    i.UART_Transmit_IT  stm32f1xx_hal_uart.o
    0x080053ae   0x00000064   Code   RO         2126    i.UART_WaitOnFlagUntilTimeout  stm32f1xx_hal_uart.o
    0x08005412   0x00000002   PAD
    0x08005414   0x0000000c   Code   RO          344    i.USART1_IRQHandler  stm32f1xx_it.o
    0x08005420   0x0000000c   Code   RO          345    i.USART2_IRQHandler  stm32f1xx_it.o
    0x0800542c   0x0000000c   Code   RO          346    i.USART3_IRQHandler  stm32f1xx_it.o
    0x08005438   0x00000020   Code   RO          226    i.USER_initialize   user_diskio.o
    0x08005458   0x00000040   Code   RO          227    i.USER_ioctl        user_diskio.o
    0x08005498   0x00000048   Code   RO          228    i.USER_read         user_diskio.o
    0x080054e0   0x00000010   Code   RO          229    i.USER_status       user_diskio.o
    0x080054f0   0x00000050   Code   RO          230    i.USER_write        user_diskio.o
    0x08005540   0x00000002   Code   RO          347    i.UsageFault_Handler  stm32f1xx_it.o
    0x08005542   0x00000002   Code   RO           19    i._Error_Handler    main.o
    0x08005544   0x00000020   Code   RO         4167    i.__0printf$8       mc_w.l(printf8.o)
    0x08005564   0x00000028   Code   RO         4169    i.__0sprintf$8      mc_w.l(printf8.o)
    0x0800558c   0x0000000c   Code   RO         4265    i.__read_errno      mc_w.l(errno.o)
    0x08005598   0x0000000e   Code   RO         4333    i.__scatterload_copy  mc_w.l(handlers.o)
    0x080055a6   0x00000002   Code   RO         4334    i.__scatterload_null  mc_w.l(handlers.o)
    0x080055a8   0x0000000e   Code   RO         4335    i.__scatterload_zeroinit  mc_w.l(handlers.o)
    0x080055b6   0x00000002   PAD
    0x080055b8   0x0000000c   Code   RO         4266    i.__set_errno       mc_w.l(errno.o)
    0x080055c4   0x0000000e   Code   RO         4318    i._is_digit         mc_w.l(scanf_fp.o)
    0x080055d2   0x00000002   PAD
    0x080055d4   0x00000410   Code   RO         4174    i._printf_core      mc_w.l(printf8.o)
    0x080059e4   0x00000024   Code   RO         4175    i._printf_post_padding  mc_w.l(printf8.o)
    0x08005a08   0x0000002e   Code   RO         4176    i._printf_pre_padding  mc_w.l(printf8.o)
    0x08005a36   0x0000000a   Code   RO         4178    i._sputc            mc_w.l(printf8.o)
    0x08005a40   0x0000002a   Code   RO         3932    i.atof              m_ws.l(atof.o)
    0x08005a6a   0x00000002   PAD
    0x08005a6c   0x00000060   Code   RO         1118    i.check_fs          ff.o
    0x08005acc   0x00000010   Code   RO         1119    i.chk_chr           ff.o
    0x08005adc   0x00000068   Code   RO         1120    i.chk_lock          ff.o
    0x08005b44   0x00000024   Code   RO         1121    i.clear_lock        ff.o
    0x08005b68   0x0000002e   Code   RO         1122    i.clmt_clust        ff.o
    0x08005b96   0x0000001c   Code   RO         1123    i.clust2sect        ff.o
    0x08005bb2   0x000000a4   Code   RO         1124    i.create_chain      ff.o
    0x08005c56   0x00000002   PAD
    0x08005c58   0x00000204   Code   RO         1125    i.create_name       ff.o
    0x08005e5c   0x0000003c   Code   RO         1126    i.dec_lock          ff.o
    0x08005e98   0x00000140   Code   RO         1127    i.dir_find          ff.o
    0x08005fd8   0x0000011c   Code   RO         1128    i.dir_next          ff.o
    0x080060f4   0x000001c0   Code   RO         1130    i.dir_register      ff.o
    0x080062b4   0x0000009a   Code   RO         1132    i.dir_sdi           ff.o
    0x0800634e   0x00000002   PAD
    0x08006350   0x00000028   Code   RO         1458    i.disk_initialize   diskio.o
    0x08006378   0x0000001c   Code   RO         1459    i.disk_ioctl        diskio.o
    0x08006394   0x0000001c   Code   RO         1460    i.disk_read         diskio.o
    0x080063b0   0x00000018   Code   RO         1461    i.disk_status       diskio.o
    0x080063c8   0x0000001c   Code   RO         1462    i.disk_write        diskio.o
    0x080063e4   0x0000002a   Code   RO         1134    i.f_close           ff.o
    0x0800640e   0x00000266   Code   RO         1138    i.f_lseek           ff.o
    0x08006674   0x00000060   Code   RO         1141    i.f_mount           ff.o
    0x080066d4   0x000001f0   Code   RO         1142    i.f_open            ff.o
    0x080068c4   0x0000018e   Code   RO         1147    i.f_read            ff.o
    0x08006a52   0x000000a2   Code   RO         1151    i.f_sync            ff.o
    0x08006af4   0x000001c6   Code   RO         1155    i.f_write           ff.o
    0x08006cba   0x00000002   PAD
    0x08006cbc   0x00000038   Code   RO         1595    i.ff_convert        ccsbcs_1.o
    0x08006cf4   0x00000024   Code   RO         1596    i.ff_wtoupper       ccsbcs_1.o
    0x08006d18   0x0000026c   Code   RO         1156    i.find_volume       ff.o
    0x08006f84   0x0000006a   Code   RO         1157    i.follow_path       ff.o
    0x08006fee   0x00000002   PAD
    0x08006ff0   0x00000018   Code   RO           20    i.fputc             main.o
    0x08007008   0x00000080   Code   RO         1158    i.gen_numname       ff.o
    0x08007088   0x000000e6   Code   RO         1159    i.get_fat           ff.o
    0x0800716e   0x00000004   Code   RO          293    i.get_fattime       fatfs.o
    0x08007172   0x0000003c   Code   RO         1161    i.get_ldnumber      ff.o
    0x080071ae   0x00000002   PAD
    0x080071b0   0x00000098   Code   RO         1162    i.inc_lock          ff.o
    0x08007248   0x0000000e   Code   RO          915    i.indexOf           sim800c.o
    0x08007256   0x00000016   Code   RO         1163    i.ld_clust          ff.o
    0x0800726c   0x00000544   Code   RO           21    i.main              main.o
    0x080077b0   0x00000012   Code   RO         1164    i.mem_cpy           ff.o
    0x080077c2   0x0000000e   Code   RO         1165    i.mem_set           ff.o
    0x080077d0   0x00000038   Code   RO         1166    i.move_window       ff.o
    0x08007808   0x0000011e   Code   RO         1167    i.put_fat           ff.o
    0x08007926   0x00000066   Code   RO         1169    i.remove_chain      ff.o
    0x0800798c   0x000001e4   Code   RO          587    i.sd_ini            sd.o
    0x08007b70   0x00000010   Code   RO         1170    i.st_clust          ff.o
    0x08007b80   0x0000001a   Code   RO         1171    i.sum_sfn           ff.o
    0x08007b9a   0x000000a8   Code   RO         1172    i.sync_fs           ff.o
    0x08007c42   0x00000052   Code   RO         1173    i.sync_window       ff.o
    0x08007c94   0x0000002a   Code   RO         1174    i.validate          ff.o
    0x08007cbe   0x00000010   Data   RO         1082    .constdata          system_stm32f1xx.o
    0x08007cce   0x00000008   Data   RO         1083    .constdata          system_stm32f1xx.o
    0x08007cd6   0x000000ba   Data   RO         1176    .constdata          ff.o
    0x08007d90   0x000004c0   Data   RO         1597    .constdata          ccsbcs_1.o
    0x08008250   0x00000081   Data   RO         4289    .constdata          mc_w.l(ctype_o.o)
    0x080082d1   0x00000003   PAD
    0x080082d4   0x00000004   Data   RO         4290    .constdata          mc_w.l(ctype_o.o)
    0x080082d8   0x00000020   Data   RO         4331    Region$$Table       anon$$obj.o


    Execution Region RW_IRAM1 (Base: 0x20000000, Size: 0x00004810, Max: 0x00005000, ABSOLUTE)

    Base Addr    Size         Type   Attr      Idx    E Section Name        Object

    0x20000000   0x00000001   Data   RW          231    .data               user_diskio.o
    0x20000001   0x00000003   PAD
    0x20000004   0x00000014   Data   RW          232    .data               user_diskio.o
    0x20000018   0x00000005   Data   RW          296    .data               fatfs.o
    0x2000001d   0x00000003   PAD
    0x20000020   0x00000020   Data   RW          589    .data               sd.o
    0x20000040   0x00000001   Data   RW          693    .data               gpsneo.o
    0x20000041   0x00000003   PAD
    0x20000044   0x00000004   Data   RW         1084    .data               system_stm32f1xx.o
    0x20000048   0x00000008   Data   RW         1177    .data               ff.o
    0x20000050   0x0000000c   Data   RW         1650    .data               stm32f1xx_hal.o
    0x2000005c   0x00000004   Data   RW         4255    .data               mc_w.l(stdout.o)
    0x20000060   0x00000004   Data   RW         4267    .data               mc_w.l(errno.o)
    0x20000064   0x00000767   Zero   RW           22    .bss                main.o
    0x200007cb   0x00000001   PAD
    0x200007cc   0x00000044   Zero   RW           23    .bss                main.o
    0x20000810   0x0000002a   Zero   RW          536    .bss                pms7003.o
    0x2000083a   0x00000002   PAD
    0x2000083c   0x000032e0   Zero   RW          588    .bss                sd.o
    0x20003b1c   0x00000134   Zero   RW          692    .bss                gpsneo.o
    0x20003c50   0x00000065   Zero   RW          763    .bss                rtc.o
    0x20003cb5   0x00000003   PAD
    0x20003cb8   0x00000533   Zero   RW          916    .bss                sim800c.o
    0x200041eb   0x00000001   PAD
    0x200041ec   0x00000218   Zero   RW         1175    .bss                ff.o
    0x20004404   0x0000000c   Zero   RW         1549    .bss                ff_gen_drv.o
    0x20004410   0x00000400   Zero   RW            1    STACK               startup_stm32f103xb.o


==============================================================================

Image component sizes


      Code (inc. data)   RO Data    RW Data    ZI Data      Debug   Object Name

        92         12       1216          0          0       2011   ccsbcs_1.o
       148         22          0          0          0       3625   diskio.o
        32         10          0          5          0       1480   fatfs.o
      6662         88        186          8        536      40065   ff.o
        70          4          0          0         12       1603   ff_gen_drv.o
       610         34          0          1        308       4617   gpsneo.o
      2048        444          0          0       1963     451987   main.o
       192          4          0          0         42       1296   pms7003.o
       680         58          0          0        101       4935   rtc.o
      1580        226          0         32      13024      10683   sd.o
       404         58          0          0          0       1710   sensor.o
      2370        872          0          0       1331      11052   sim800c.o
        36          8        236          0       1024        812   startup_stm32f103xb.o
       164         28          0         12          0       3897   stm32f1xx_hal.o
      1186         54          0          0          0       8846   stm32f1xx_hal_adc.o
       228         14          0          0          0      27457   stm32f1xx_hal_cortex.o
       794         36          0          0          0       4962   stm32f1xx_hal_dma.o
       478         42          0          0          0       3511   stm32f1xx_hal_gpio.o
      4650         84          0          0          0      29990   stm32f1xx_hal_i2c.o
       740        116          0          0          0       3803   stm32f1xx_hal_msp.o
      1296        104          0          0          0       5692   stm32f1xx_hal_rcc.o
       236         12          0          0          0       1400   stm32f1xx_hal_rcc_ex.o
       654          0          0          0          0       3646   stm32f1xx_hal_spi.o
       130          0          0          0          0       1079   stm32f1xx_hal_spi_ex.o
      1586         10          0          0          0      10526   stm32f1xx_hal_uart.o
       124         36          0          0          0       7826   stm32f1xx_it.o
         0          0          0          0          0        528   syscall.o
        72         16         24          4          0       1187   system_stm32f1xx.o
       264         30          0         21          0       4057   user_diskio.o

    ----------------------------------------------------------------------
     27574       2422       1694         92      18348     654283   Object Totals
         0          0         32          0          0          0   (incl. Generated)
        48          0          0          9          7          0   (incl. Padding)

    ----------------------------------------------------------------------

      Code (inc. data)   RO Data    RW Data    ZI Data      Debug   Library Member Name

        42          0          0          0          0         84   atof.o
        64          0          0          0          0         84   _sgetc.o
         8          4        133          0          0         68   ctype_o.o
         0          0          0          0          0          0   entry.o
         0          0          0          0          0          0   entry10a.o
         0          0          0          0          0          0   entry11a.o
         8          4          0          0          0          0   entry2.o
         4          0          0          0          0          0   entry5.o
         0          0          0          0          0          0   entry7b.o
         0          0          0          0          0          0   entry8b.o
         8          4          0          0          0          0   entry9a.o
        24         12          0          4          0        136   errno.o
        30          0          0          0          0          0   handlers.o
        36          8          0          0          0         68   init.o
        18          0          0          0          0         76   isspace_o.o
         0          0          0          0          0          0   iusefp.o
        30          0          0          0          0         68   llshl.o
        36          0          0          0          0         68   llsshr.o
        32          0          0          0          0         68   llushr.o
        36          0          0          0          0         68   memcpya.o
        36          0          0          0          0        108   memseta.o
      1204         60          0          0          0        504   printf8.o
       838         12          0          0          0        216   scanf_fp.o
         0          0          0          4          0          0   stdout.o
        24          0          0          0          0         68   strcat.o
        18          0          0          0          0         68   strcpy.o
        14          0          0          0          0         68   strlen.o
        36          0          0          0          0         80   strstr.o
       156         14          0          0          0        120   strtod.o
        98          0          0          0          0         92   uldiv.o
        56          0          0          0          0         88   d2f.o
       334          0          0          0          0        148   dadd.o
       222          0          0          0          0        100   ddiv.o
       186          0          0          0          0        176   depilogue.o
        50          0          0          0          0         76   dfixui.o
        26          0          0          0          0         76   dfltui.o
        24          0          0          0          0         76   dfltul.o
       228          0          0          0          0         96   dmul.o
        38          0          0          0          0         68   f2d.o
       110          0          0          0          0        168   fepilogue.o
        40          0          0          0          0         68   ffixui.o

    ----------------------------------------------------------------------
      4124        118        136          8          0       3252   Library Totals
        10          0          3          0          0          0   (incl. Padding)

    ----------------------------------------------------------------------

      Code (inc. data)   RO Data    RW Data    ZI Data      Debug   Library Name

        42          0          0          0          0         84   m_ws.l
      2758        118        133          8          0       2028   mc_w.l
      1314          0          0          0          0       1140   mf_w.l

    ----------------------------------------------------------------------
      4124        118        136          8          0       3252   Library Totals

    ----------------------------------------------------------------------

==============================================================================


      Code (inc. data)   RO Data    RW Data    ZI Data      Debug   

     31698       2540       1830        100      18348     644531   Grand Totals
     31698       2540       1830        100      18348     644531   ELF Image Totals
     31698       2540       1830        100          0          0   ROM Totals

==============================================================================

    Total RO  Size (Code + RO Data)                33528 (  32.74kB)
    Total RW  Size (RW Data + ZI Data)             18448 (  18.02kB)
    Total ROM Size (Code + RO Data + RW Data)      33628 (  32.84kB)

==============================================================================

